
 ==============================
 S N O P T  7.7.3    (Dec 2019)
 ==============================
 opt-files/9turb-circle-600r/snopt-wec/010dirs/051-wec3.0-print.out
 XXX  Keyword not recognized:         OPT-FILES/9TURB-
 opt-files/9turb-circle-600r/snopt-wec/010dirs/051-wec3.0-summary.out
 XXX  Keyword not recognized:         OPT-FILES/9TURB-

 SNMEMA EXIT 100 -- finished successfully
 SNMEMA INFO 104 -- memory requirements estimated



 Nonlinear constraints      45     Linear constraints       1
 Nonlinear variables        18     Linear variables         0
 Jacobian  variables        18     Objective variables     18
 Total constraints          46     Total variables         18



 The user has defined     828   out of     828   first  derivatives


 Major Minors     Step   nCon Feasible  Optimal  MeritFunction     nS Penalty
     0     16               1  5.6E-02  9.5E-01 -1.7229933E+03     13           r
     1      1  6.2E-02      2  5.3E-02  9.6E-01  1.6008420E+03     13 8.0E+00   rl
     2      1  6.6E-02      4  4.9E-02  9.6E-01  1.3240627E+03     13 8.0E+00   rl
     3      6  1.0E+00      6 (0.0E+00) 6.8E-01 -1.7849174E+03     16 8.0E+00   r
     4      2  5.4E-01      8 (0.0E+00) 7.2E-01 -2.0100166E+03     15 5.6E+00 s
     5      5  1.0E+00      9  4.6E-05  6.5E-01 -2.1721367E+03     13 5.6E+00
     6      1  1.9E-01     13  4.7E-05  7.4E-01 -2.2477917E+03     13 5.6E+00  M
     7      2  1.3E-01     16  1.0E-04  5.6E-01 -2.2811979E+03     14 5.6E+00
     8      3  7.1E-02     19  9.5E-05  7.2E-01 -2.2878503E+03     12 5.6E+00
     9      5  6.5E-02     22  9.3E-05  3.1E-01 -2.2963622E+03     14 5.6E+00

 Major Minors     Step   nCon Feasible  Optimal  MeritFunction     nS Penalty
    10      1  1.6E-01     24  8.4E-05  4.8E-01 -2.3114018E+03     14 5.6E+00
    11      1  6.2E-02     28  7.9E-05  1.3E+00 -2.3167520E+03     14 5.6E+00
    12      2  5.8E-03     38  7.9E-05  1.3E+00 -2.3173067E+03     15 5.6E+00
    13      3  1.4E-05     48  7.9E-05  1.2E+00 -2.3173080E+03     13 5.6E+00
    14      1  6.4E-07     58  7.9E-05  9.8E-01 -2.3173081E+03     13 5.6E+00
    15      1  3.8E-07     68  7.9E-05  8.7E-01 -2.3173081E+03     13 5.6E+00
    16      2  8.0E-08     78  7.9E-05  8.7E-01 -2.3173081E+03     12 5.6E+00
    17      2  1.6E-09     88  7.9E-05  9.6E-01 -2.3173081E+03     11 5.6E+00
    18      1  3.6E-10     98  7.9E-05  1.0E+00 -2.3173081E+03     11 5.6E+00
    19      3  1.6E-10    108  7.9E-05  1.5E+00 -2.3173081E+03     11 5.6E+00

 Major Minors     Step   nCon Feasible  Optimal  MeritFunction     nS Penalty
    20      3  3.0E-11    118  7.9E-05  1.4E+00 -2.3173081E+03      9 5.6E+00
    21      3  1.6E-11    128  7.9E-05  1.2E+00 -2.3173081E+03      9 5.6E+00
    22      4  2.5E-12    138  7.9E-05  1.4E+00 -2.3173081E+03     10 5.6E+00
    22     11             145  7.9E-05  1.3E+00 -2.3173162E+03     16           R
    22     16             151  7.9E-05  1.1E+00 -2.3173162E+03                  r
    23     22  1.0E+00    152  1.6E-01  6.3E-01 -2.5290759E+03      7         s
    24      6  9.6E-01    162  3.5E-02  5.7E-01 -2.3184511E+03      6 1.5E-03
    25     14  1.0E+00    163  8.8E-02  3.5E-01 -2.3675731E+03      7 1.5E-03
    26      9  2.7E-01    165  6.5E-02  4.9E-01 -2.3711137E+03      7 1.5E-03
    27      6  4.2E-01    169  3.6E-02  3.4E-01 -2.4035082E+03      8 1.5E-03
    28      9  2.8E-02    173  3.5E-02  4.6E-01 -2.4058320E+03      7 1.5E-03
    29      4  2.9E-01    175  2.6E-02  2.4E-01 -2.4225002E+03      8 1.5E-03

 Major Minors     Step   nCon Feasible  Optimal  MeritFunction     nS Penalty
    30      6  2.4E-01    177  2.0E-02  5.5E-01 -2.4572224E+03      9 1.5E-03
    31      7  3.8E-02    183  1.9E-02  6.8E-01 -2.4672818E+03      7 1.5E-03
    32     13  5.3E-03    189  1.9E-02  6.1E-01 -2.4687958E+03      9 1.5E-03
    33      4  1.5E-06    199  1.9E-02  7.3E-01 -2.4687960E+03      8 1.5E-03
    33      9             204  1.9E-02  3.0E-01 -2.4688138E+03     10           R
    34      6  2.4E-08    215  1.9E-02  9.4E-01 -2.4664368E+03     15 1.8E-03 sM
    35      3  1.0E+00    216  1.9E-03  8.4E-01  3.6417456E+03     16 3.6E+01
    36      1  1.0E+00    217  2.7E-05  7.4E-01 -2.4181212E+03     16 7.2E+00
    37      2  1.0E+00    218 (4.7E-09) 6.1E-01 -2.4211495E+03     16 7.2E+00
    38      5  1.0E+00    219 (1.2E-09) 4.5E-01 -2.4211860E+03     12 7.2E+00 s
    39      6  1.0E+00    220  3.1E-03  7.4E-01 -2.4271251E+03     13 7.2E+00

 Major Minors     Step   nCon Feasible  Optimal  MeritFunction     nS Penalty
    40      5  1.0E+00    221  1.4E-04  7.6E-01 -2.4318200E+03     17 7.2E+00
    41      5  6.9E-01    223  2.0E-03  4.7E-01 -2.4437368E+03     13 7.2E+00
    42      2  3.5E-01    227  1.4E-03  1.0E+00 -2.4482705E+03     12 7.2E+00
    43      3  1.7E-01    237  1.2E-03  8.3E-01 -2.4509660E+03     12 7.2E+00
    44      3  5.8E-05    247  1.2E-03  1.0E+00 -2.4509674E+03     10 7.2E+00
    45      3  1.1E-06    257  1.2E-03  5.5E-01 -2.4509674E+03     10 7.2E+00
    46      1  9.7E-08    267  1.2E-03  5.7E-01 -2.4509674E+03     10 7.2E+00
    47      1  7.9E-09    277  1.2E-03  5.2E-01 -2.4509674E+03     10 7.2E+00
    48      2  8.9E-10    287  1.2E-03  4.5E-01 -2.4509674E+03     11 7.2E+00
    49      2  5.6E-11    297  1.2E-03  8.2E-01 -2.4509674E+03     10 7.2E+00

 Major Minors     Step   nCon Feasible  Optimal  MeritFunction     nS Penalty
    50      7  2.0E-01    301 (0.0E+00) 4.7E-01 -2.4610077E+03     10 7.2E+00
    51      7  4.9E-02    311 (0.0E+00) 1.1E+00 -2.4628105E+03     12 7.2E+00
    52      7  3.0E-04    321 (0.0E+00) 8.9E-01 -2.4628264E+03     10 7.2E+00
    53      2  1.5E-04    331 (0.0E+00) 6.9E-01 -2.4628309E+03     11 7.2E+00
    54      1  1.1E-05    341 (0.0E+00) 5.8E-01 -2.4628312E+03     11 7.2E+00
    55      2  2.1E-06    351 (0.0E+00) 5.0E-01 -2.4628313E+03     10 7.2E+00
    56      1  4.9E-08    361 (0.0E+00) 4.4E-01 -2.4628313E+03     10 7.2E+00
    57      3  1.0E-08    371 (0.0E+00) 9.9E-01 -2.4628313E+03     10 7.2E+00
    58      2  4.7E-09    381 (0.0E+00) 9.7E-01 -2.4628313E+03     11 7.2E+00
    59      1  1.4E-09    391 (0.0E+00) 9.6E-01 -2.4628313E+03     11 7.2E+00

 Major Minors     Step   nCon Feasible  Optimal  MeritFunction     nS Penalty
    60      1  2.2E-10    401 (0.0E+00) 9.4E-01 -2.4628313E+03     11 7.2E+00

 Major Minors     Step   nCon Feasible  Optimal  MeritFunction     nS Penalty
    60     10             406 (0.0E+00) 5.6E-01 -2.4628406E+03     16           R
    61      4  1.0E+00    407 (1.5E-07) 4.8E-01 -2.4645715E+03     13         s
    62      2  6.8E-02    409 (2.7E-07) 4.4E-01 -2.4651965E+03     12
    63      2  1.0E+00    410  2.2E-04  3.0E-01 -2.4719821E+03     11
    64      1  1.0E+00    411  3.2E-05  3.2E-01 -2.4739805E+03     11
    65      1  1.0E+00    412  4.7E-04  2.6E-01 -2.4771103E+03     11
    66      1  1.0E+00    413  7.4E-04  1.8E-01 -2.4793128E+03     11
    67      2  5.8E-01    419  3.6E-04  2.4E-01 -2.4800870E+03     10
    68      2  5.6E-02    429  3.4E-04  5.0E-01 -2.4802644E+03     11
    69      4  1.2E-03    440  3.4E-04  2.0E-01 -2.4802732E+03     10          m

 Major Minors     Step   nCon Feasible  Optimal  MeritFunction     nS Penalty
    70      1  4.7E-05    451  3.4E-04  2.0E-01 -2.4802738E+03     10
    71      4  1.9E-06    461  3.4E-04  2.6E-01 -2.4802738E+03     11           R
    72      2  1.0E+00    462  1.1E-05  1.9E-01 -2.4808494E+03     10         s
    73      1  1.0E+00    463  6.0E-05  4.4E-01 -2.4850716E+03     10
    74      1  1.3E-01    465  1.2E-04  3.6E-01 -2.4858241E+03     10
    75      3  1.0E+00    466  2.2E-03  2.8E-01 -2.4875337E+03     10
    76      3  3.6E-03    476  2.1E-03  3.4E-01 -2.4876488E+03     10
    77      2  6.4E-04    486  2.1E-03  3.7E-01 -2.4876538E+03     11
    78      1  2.6E-05    496  2.1E-03  3.8E-01 -2.4876542E+03     11
    79      1  7.0E-07    506  2.1E-03  3.9E-01 -2.4876542E+03     11

 Major Minors     Step   nCon Feasible  Optimal  MeritFunction     nS Penalty
    80      2  6.1E-08    516  2.1E-03  9.2E-01 -2.4876542E+03     11
    81      2  1.0E+00    517  1.5E-05  2.0E-01 -2.4885369E+03     11
    82      2  2.5E-01    521  5.4E-05  2.9E-01 -2.4901663E+03     11
    83      6  2.4E-02    531  5.3E-05  6.9E-01 -2.4903471E+03     10
    84      2  1.1E-05    541  5.3E-05  3.2E-01 -2.4903474E+03     10
    85      2  1.4E-06    551  5.3E-05  3.3E-01 -2.4903474E+03     10
    86      2  8.6E-08    561  5.3E-05  3.1E-01 -2.4903474E+03     10
    87      3  5.7E-08    571  5.3E-05  5.8E-01 -2.4903474E+03      9
    88      6  3.9E-10    581  5.3E-05  4.7E-01 -2.4903474E+03      8
    89      4  1.4E-11    591  5.3E-05  4.7E-01 -2.4903474E+03      9

 Major Minors     Step   nCon Feasible  Optimal  MeritFunction     nS Penalty
    90      2  1.9E-12    601  5.3E-05  4.7E-01 -2.4903474E+03      9

 Major Minors     Step   nCon Feasible  Optimal  MeritFunction     nS Penalty
    90      8             609  5.3E-05  9.4E-01 -2.4903474E+03     11           R
    91      5  1.0E+00    610 (1.5E-08) 9.4E-01 -2.4903931E+03      7 1.1E+04 s
    92     20  4.2E-03    614  1.6E-06  9.4E-01 -2.4905427E+03      8 1.8E+02
    93      4  8.7E-03    622  2.5E-06  4.8E-01 -2.4906519E+03     11 4.5E+01
    94      7  2.7E-04    632  2.5E-06  4.8E-01 -2.4906580E+03     11 3.9E+01
    95      3  5.9E-05    643  2.5E-06  5.6E-01 -2.4906584E+03     10 3.9E+01  M
    96      5  8.7E-02    646  8.5E-05  1.2E-01 -2.4907574E+03      9 3.9E+01
    97      4  1.1E-02    650  8.4E-05  3.1E-01 -2.4908546E+03     10 3.9E+01
    98      4  1.5E-02    653  8.3E-05  2.1E-01 -2.4909163E+03     11 3.9E+01
    99      2  3.7E-01    655  9.4E-05  6.1E-01 -2.4915198E+03     11 3.9E+01

 Major Minors     Step   nCon Feasible  Optimal  MeritFunction     nS Penalty
   100      2  5.7E-01    657  7.4E-05  1.4E-01 -2.4921694E+03     11 3.9E+01
   101      2  1.0E+00    658  1.1E-04  8.0E-02 -2.4958397E+03     11 3.9E+01
   102      1  6.4E-02    662  1.1E-04  9.6E-02 -2.4960455E+03     11 3.9E+01
   103      2  1.8E-02    665  1.0E-04  8.2E-02 -2.4960948E+03     11 3.9E+01
   104      2  1.9E-01    668  8.8E-05  8.2E-02 -2.4963006E+03     11 3.9E+01
   105      2  4.0E-02    678  8.5E-05  9.1E-02 -2.4963909E+03     11 3.9E+01
   106      2  1.3E-04    688  8.5E-05  8.2E-02 -2.4963915E+03     11 3.9E+01
   107      3  7.8E-07    698  8.5E-05  2.7E-01 -2.4963915E+03     10 3.9E+01
   108      4  9.0E-09    708  8.5E-05  4.1E-01 -2.4963915E+03     10 3.9E+01
   109      2  1.1E-09    718  8.5E-05  4.0E-01 -2.4963915E+03     10 3.9E+01

 Major Minors     Step   nCon Feasible  Optimal  MeritFunction     nS Penalty
   110      2  4.9E-11    728  8.5E-05  5.2E-01 -2.4963915E+03      9 3.9E+01
   111      1  3.3E-11    738  8.5E-05  5.2E-01 -2.4963915E+03      9 3.9E+01
   112      9  3.4E-12    747  8.5E-05  3.5E-01 -2.4963915E+03     11 3.9E+01   R
   112      9             753  8.5E-05  1.9E-01 -2.4963998E+03      3           r
   113      7  2.4E-03    759  8.5E-05  7.6E-01 -2.4966230E+03      6         s
   114     24  1.3E-03    769  8.5E-05  7.6E-01 -2.4967556E+03     10
   115      3  3.2E-04    779  8.5E-05  6.7E-01 -2.4967588E+03      9
   116      4  4.5E-02    781  8.2E-05  7.7E-01 -2.4975614E+03     10
   117      2  7.1E-02    787  7.7E-05  7.7E-01 -2.4979303E+03     10
   118      2  3.0E-04    798  7.7E-05  7.7E-01 -2.4979318E+03     10          M
   119      3  3.9E-07    809  7.7E-05  7.8E-01 -2.4979318E+03      9          M

 Major Minors     Step   nCon Feasible  Optimal  MeritFunction     nS Penalty
   120      1  4.5E-08    820  7.7E-05  7.8E-01 -2.4979318E+03      9          M
   121      1  2.2E-09    830  7.7E-05  7.8E-01 -2.4979318E+03      9
   121      5             836  7.7E-05  4.6E-01 -2.4979318E+03     11           R
   122      8  3.6E-08    846  7.7E-05  9.9E-01 -2.4978598E+03     17 7.6E+01 s   i
   123      8  1.0E+00    847  6.0E-05  1.7E+03  2.9079050E+04     16 2.6E+07 s
   124      2  1.0E+00    848 (1.3E-10) 6.4E-01 -2.4977693E+03     15 2.6E+07
   125      3  1.0E+00    850 (3.0E-08) 2.1E+00 -2.4980230E+03     16 6.4E+03  m
   126      2  1.0E+00    851 (5.2E-07) 3.7E+01 -2.4980389E+03     16 1.6E+02
   127      2  2.2E-01    853  2.1E-06  3.4E+02 -2.4980574E+03     16 3.0E+01
   128      1  1.0E+00    854 (2.3E-07) 2.0E+01 -2.4980695E+03     16 1.8E+01
   129      2  1.0E+00    855 (2.1E-08) 1.2E+00 -2.4980756E+03     15 1.8E+01

 Major Minors     Step   nCon Feasible  Optimal  MeritFunction     nS Penalty
   130      2  1.0E+00    856 (3.9E-07) 3.7E+01 -2.4980859E+03     14 1.8E+01
   131      2  1.0E+00    857 (8.1E-09) 1.8E+00 -2.4980890E+03     15 1.8E+01
   132      5  1.0E+00    858 (3.2E-08) 4.2E+00 -2.4980970E+03     15 1.8E+01
   133      2  2.2E-01    860  3.3E-06  5.4E+02 -2.4981090E+03     14 1.8E+01
   134      2  1.0E+00    861 (1.5E-09) 9.1E-01 -2.4981243E+03     15 1.8E+01
   135      5  1.0E+00    862 (1.3E-07) 1.1E+01 -2.4981367E+03     13 1.8E+01
   136      4  1.0E+00    863 (1.6E-07) 4.9E+01 -2.4981613E+03     14 1.8E+01
   137      2  1.1E-01    865 (1.7E-07) 5.2E+01 -2.4981614E+03     13 1.8E+01
   138      1  2.9E-01    867 (1.5E-07) 4.3E+01 -2.4981614E+03     13 1.8E+01
   139      2  1.0E+00    868 (5.0E-09) 1.4E+00 -2.4981618E+03     12 1.8E+01

 Major Minors     Step   nCon Feasible  Optimal  MeritFunction     nS Penalty
   140      2  1.0E+00    869 (2.0E-08) 6.0E+00 -2.4981626E+03     13 1.8E+01
   141      1  1.0E+00    870 (3.3E-08) 8.3E+00 -2.4981651E+03     13 1.8E+01
   142      2  1.0E+00    871 (6.5E-07) 1.9E+02 -2.4981733E+03     12 1.8E+01
   143      2  1.0E+00    872 (9.9E-07) 2.5E+02 -2.4981771E+03     13 1.8E+01
   144      2  1.0E+00    873 (9.2E-09) 2.1E+00 -2.4981777E+03     12 1.8E+01
   145      2  1.0E+00    874 (3.5E-07) 3.1E+01 -2.4981786E+03     11 1.8E+01
   146      1  1.0E+00    875 (1.9E-08) 1.6E+00 -2.4981804E+03     11 1.8E+01
   147      1  1.0E+00    876 (4.8E-08) 1.4E+01 -2.4981806E+03     11 1.8E+01
   148      1  1.0E+00    877 (3.8E-08) 1.1E+01 -2.4981809E+03     11 1.8E+01
   149      1  1.0E+00    878 (1.7E-09) 5.9E-01 -2.4981811E+03     11 1.8E+01

 Major Minors     Step   nCon Feasible  Optimal  MeritFunction     nS Penalty
   150      2  3.7E-01    888 (1.6E-09) 6.6E-01 -2.4981814E+03     11 1.8E+01
   151      1  1.6E-06    898 (1.6E-09) 6.6E-01 -2.4981814E+03     11 1.8E+01
   152      1  5.0E-09    908 (1.6E-09) 6.6E-01 -2.4981814E+03     11 1.8E+01
   153      1  2.1E-10    918 (1.6E-09) 6.6E-01 -2.4981814E+03     11 1.8E+01
   154      1  4.6E-11    927 (1.6E-09) 6.6E-01 -2.4981814E+03     11 1.8E+01
   155      1  1.8E-11    935 (1.6E-09) 6.6E-01 -2.4981814E+03     11 1.8E+01
   155      2             943 (1.6E-09) 8.0E-02 -2.4981814E+03     11           R
   156      2  4.6E-06    948 (1.6E-09) 7.6E-01 -2.4981814E+03     11         s
   157      2  1.0E+00    950 (3.8E-16) 7.6E-01 -2.4981814E+03     10 2.6E+06 sM
   158     11  5.7E-11    957 (3.8E-16) 3.6E-01 -2.4981814E+03     10 2.6E+06
   159      6  1.9E-04    967 (2.8E-10) 7.6E-01 -2.4981824E+03     11 2.6E+06

 Major Minors     Step   nCon Feasible  Optimal  MeritFunction     nS Penalty
   160      3  7.0E-05    977 (2.9E-10) 7.6E-01 -2.4981826E+03     11 1.6E+03
   161      4  8.3E-08    987 (2.9E-10) 7.6E-01 -2.4981826E+03     10 5.7E+01
   162      3  6.0E-09    997 (2.9E-10) 7.6E-01 -2.4981826E+03     10 1.1E+01
   163      3  5.8E-10   1007 (2.9E-10) 7.7E-01 -2.4981826E+03     10 4.6E+00
   164      3  1.3E-11   1016 (2.9E-10) 7.7E-01 -2.4981826E+03     10 4.6E+00
   165      3  3.7E-13   1024 (2.9E-10) 7.7E-01 -2.4981826E+03     10 4.6E+00
   165      4            1031 (2.9E-10) 7.6E-01 -2.4981826E+03     11           R
   166      2  2.6E-09   1041 (2.9E-10) 7.6E-01 -2.4981826E+03     12         s
   166      1            1047 (2.9E-10) 7.6E-01 -2.4981826E+03     12         s R
   166     13            1053 (2.9E-10) 7.2E-01 -2.4981826E+03      6         s r
   167     37  1.0E+00   1054  1.2E-01  5.4E+05 -2.9468299E+03     11         s
   168      5  1.0E+00   1055  1.7E-02  5.4E+05 -2.4532830E+03      7 5.5E-03
   169      5  2.7E-01   1057  1.4E-02  6.1E+05 -2.4773872E+03      7 5.5E-03

 Major Minors     Step   nCon Feasible  Optimal  MeritFunction     nS Penalty
   170      8  1.6E-01   1059  1.2E-02  5.7E+05 -2.4788801E+03     10 5.5E-03
   171      2  6.5E-03   1069  1.2E-02  5.6E+05 -2.4791697E+03      9 5.5E-03
   172      1  6.4E-05   1080  1.2E-02  5.6E+05 -2.4791736E+03      9 5.5E-03
   173      2  2.3E-06   1090  1.2E-02  5.6E+05 -2.4791738E+03     10 5.5E-03
   174      2  1.0E+00   1091  3.4E-03  4.0E+05 -2.5003322E+03      9 5.5E-03
   175      2  1.3E-04   1101  3.4E-03  4.0E+05 -2.5003390E+03     10 5.5E-03
   176      2  5.8E-09   1111  3.4E-03  4.0E+05 -2.5003390E+03      9 5.5E-03
   177      1  1.6E-09   1121  3.4E-03  4.0E+05 -2.5003390E+03      9 5.5E-03
   178      1  3.3E-10   1131  3.4E-03  4.0E+05 -2.5003390E+03      9 5.5E-03
   179      1  9.2E-11   1141  3.4E-03  4.0E+05 -2.5003390E+03      9 5.5E-03

 Major Minors     Step   nCon Feasible  Optimal  MeritFunction     nS Penalty
   180      1  1.7E-11   1151  3.4E-03  4.0E+05 -2.5003390E+03      9 5.5E-03

 Major Minors     Step   nCon Feasible  Optimal  MeritFunction     nS Penalty
   180      2            1157  3.4E-03  4.0E+05 -2.5003391E+03     10           R
   181      1  1.0E+00   1158  8.1E-04  1.6E+05 -2.5080178E+03     10         s
   182      1  6.3E-01   1160  3.9E-04  1.1E+05 -2.5094988E+03     10
   183      1  5.5E-01   1170  2.2E-04  6.1E+04 -2.5111841E+03     10
   184      3  4.6E-04   1178  2.2E-04  3.9E+04 -2.5111911E+03     10
   185      4  2.3E-04   1188  2.2E-04  3.9E+04 -2.5112038E+03     11
   186      2  1.9E-05   1198  2.2E-04  3.9E+04 -2.5112047E+03     11
   187      2  1.0E+00   1199  2.2E-02  3.7E+05 -2.5160880E+03     10
   188      3  1.3E-01   1201  1.9E-02  4.0E+05 -2.5179233E+03     11 1.7E-03
   189      4  7.9E-03   1211  1.9E-02  4.0E+05 -2.5103708E+03     12 4.8E-02

 Major Minors     Step   nCon Feasible  Optimal  MeritFunction     nS Penalty
   190      2  1.3E-03   1221  1.9E-02  4.0E+05 -2.5104394E+03     12 4.8E-02
   191      3  5.4E-06   1231  1.9E-02  4.0E+05 -2.5104402E+03     11 4.8E-02
   192      5  2.3E-07   1241  1.9E-02  4.0E+05 -2.5104403E+03     10 4.8E-02
   193      3  1.5E-08   1251  1.9E-02  4.0E+05 -2.5104403E+03      9 4.8E-02
   194      3  7.4E-09   1261  1.9E-02  4.0E+05 -2.5104403E+03      9 4.8E-02
   195      1  4.7E-09   1271  1.9E-02  4.0E+05 -2.5104403E+03      9 4.8E-02
   196      3  4.9E-10   1281  1.9E-02  4.0E+05 -2.5104403E+03      9 4.8E-02
   197      3  8.8E-11   1291  1.9E-02  4.0E+05 -2.5104403E+03      7 4.8E-02
   198      2  1.1E-10   1301  1.9E-02  4.0E+05 -2.5104403E+03      8 4.8E-02
   199      1  1.0E-10   1311  1.9E-02  4.0E+05 -2.5104403E+03      8 4.8E-02

 Major Minors     Step   nCon Feasible  Optimal  MeritFunction     nS Penalty
   200      1  3.9E-11   1321  1.9E-02  4.0E+05 -2.5104403E+03      8 4.8E-02
   201      1  1.7E-11   1331  1.9E-02  4.0E+05 -2.5104403E+03      8 4.8E-02
   202      2  8.3E-12   1341  1.9E-02  4.0E+05 -2.5104403E+03      9 4.8E-02
   203      1  8.8E-12   1351  1.9E-02  4.0E+05 -2.5104403E+03      9 4.8E-02
   204      1  3.0E-12   1361  1.9E-02  4.0E+05 -2.5104403E+03      9 4.8E-02
   205      1  2.7E-12   1371  1.9E-02  4.0E+05 -2.5104403E+03      9 4.8E-02
   206      2  1.2E-12   1381  1.9E-02  4.0E+05 -2.5104403E+03      8 4.8E-02
   207      1  1.2E-13   1391  1.9E-02  4.0E+05 -2.5104403E+03      8 4.8E-02
   208      2  1.2E-14   1401  1.9E-02  4.0E+05 -2.5104403E+03      9 4.8E-02
   208     12            1409  1.9E-02  3.8E+03 -2.5181634E+03     11           R
   209      4  1.0E+00   1410  3.0E-05  9.1E+03 -2.5067202E+03      8 8.8E+00 s

 Major Minors     Step   nCon Feasible  Optimal  MeritFunction     nS Penalty
   210      6  4.2E-02   1413  3.9E-04  1.2E+05 -2.5100221E+03      9 5.6E+00
   211      2  1.3E-01   1415  4.1E-04  1.3E+05 -2.5124961E+03     10 5.6E+00
   212      2  1.8E-01   1417  7.3E-04  2.1E+05 -2.5136794E+03      9 5.6E+00
   213      2  1.3E-01   1419  1.0E-03  3.1E+05 -2.5150672E+03     10 5.6E+00
   214      1  1.5E-01   1421  8.6E-04  2.8E+05 -2.5162169E+03     10 5.6E+00
   215      2  8.2E-02   1427  8.1E-04  2.7E+05 -2.5174476E+03     11 5.6E+00
   216      1  9.9E-03   1437  8.1E-04  2.7E+05 -2.5178543E+03     11 5.6E+00
   217      1  1.2E-04   1447  8.1E-04  2.7E+05 -2.5178566E+03     11 5.6E+00
   218      1  7.9E-06   1457  8.1E-04  2.7E+05 -2.5178567E+03     11 5.6E+00
   219      1  6.4E-07   1467  8.1E-04  2.7E+05 -2.5178568E+03     11 5.6E+00

 Major Minors     Step   nCon Feasible  Optimal  MeritFunction     nS Penalty
   220      2  1.5E-10   1477  8.1E-04  2.7E+05 -2.5178568E+03     10 5.6E+00
   221      1  2.6E-12   1485  8.1E-04  2.7E+05 -2.5178568E+03     10 5.6E+00
   222      1  1.7E-12   1495  8.1E-04  2.7E+05 -2.5178568E+03     10 5.6E+00
   223      2  2.4E-13   1502  8.1E-04  2.7E+05 -2.5178568E+03      9 5.6E+00
   224      1  2.2E-13   1509  8.1E-04  2.7E+05 -2.5178568E+03      9 5.6E+00
   225      1  2.2E-14   1517  8.1E-04  2.7E+05 -2.5178568E+03      9 5.6E+00
   225      4            1523  8.1E-04  2.7E+05 -2.5178884E+03     10           R
   225      6            1529  8.1E-04  2.7E+05 -2.5178884E+03      7           r
   226      8  7.7E-15   1537  8.1E-04  2.7E+05 -2.5178884E+03     11         s
   226      2            1543  8.1E-04  2.7E+05 -2.5178884E+03     10         s R
   226      1            1549  8.1E-04  2.7E+05 -2.5178884E+03     10         s r

 SNOPTA EXIT  40 -- terminated after numerical difficulties
 SNOPTA INFO  41 -- current point cannot be improved

 Problem name                 opt prob
 No. of iterations                 861   Objective           -2.5187581067E+03
 No. of major iterations           226   Linear    obj. term  0.0000000000E+00
 Penalty parameter           0.000E+00   Nonlinear obj. term -2.5187581067E+03
 No. of infeasibilities              6   Sum of infeas        7.4246197045E-01
 User function calls (total)      1574
 No. of superbasics                 10   No. of basic nonlinears            10
 No. of degenerate steps             1   Percentage                       0.12
 Max x                      16 5.9E+02   Max pi                     46 1.0E+00
 Max Primal infeas          57 4.8E-01   Max Dual infeas            16 8.1E-01
 Nonlinear constraint violn    4.8E-01



 Solution printed on file  18

 Time for MPS input                             0.00 seconds
 Time for solving problem                     179.27 seconds
 Time for solution output                       0.00 seconds
 Time for constraint functions                179.16 seconds
 Time for objective function                    0.00 seconds
