
 ==============================
 S N O P T  7.7.3    (Dec 2019)
 ==============================
 opt-files/9turb-circle-600r/snopt-wec/010dirs/051-wec1.0-print.out
 XXX  Keyword not recognized:         OPT-FILES/9TURB-
 opt-files/9turb-circle-600r/snopt-wec/010dirs/051-wec1.0-summary.out
 XXX  Keyword not recognized:         OPT-FILES/9TURB-

 SNMEMA EXIT 100 -- finished successfully
 SNMEMA INFO 104 -- memory requirements estimated



 Nonlinear constraints      45     Linear constraints       1
 Nonlinear variables        18     Linear variables         0
 Jacobian  variables        18     Objective variables     18
 Total constraints          46     Total variables         18



 The user has defined     828   out of     828   first  derivatives


 Major Minors     Step   nCon Feasible  Optimal  MeritFunction     nS Penalty
     0     13               1 (1.9E-07) 3.8E-01 -4.2556062E+03     13           r
     1      1  1.0E+00      2 (4.3E-08) 3.8E-01 -4.2565448E+03     13           r
     2      1  5.4E-01      3 (7.3E-07) 3.8E-01 -4.2601881E+03     13         s  l
     3      1  1.0E+00      4  1.8E-03  5.5E-01 -4.2850707E+03     13
     4      1  1.0E+00      5  8.0E-05  2.2E-01 -4.3114512E+03     13
     5      2  1.0E+00      6  4.2E-05  1.0E-01 -4.3143392E+03     14
     6      1  1.0E+00      7  7.3E-05  9.0E-02 -4.3175194E+03     14
     7      2  1.0E+00      8  4.6E-05  1.0E-01 -4.3187837E+03     13
     8      2  1.0E+00      9  1.2E-05  6.4E-02 -4.3196453E+03     14
     9      2  1.0E+00     10  2.6E-04  2.6E-01 -4.3262121E+03     13

 Major Minors     Step   nCon Feasible  Optimal  MeritFunction     nS Penalty
    10      2  3.5E-02     12  2.5E-04  3.1E-01 -4.3267507E+03     14
    11      1  1.0E+00     13  2.0E-06  1.9E-01 -4.3286234E+03     14
    12      1  1.0E+00     14  8.9E-05  2.0E-01 -4.3318800E+03     14
    13      1  1.0E+00     15  4.5E-05  6.3E-02 -4.3338771E+03     14
    14      1  1.0E+00     16  3.3E-05  4.0E-02 -4.3345301E+03     14
    15      1  1.0E+00     17  1.3E-05  3.7E-02 -4.3347673E+03     14
    16      1  1.0E+00     18  1.5E-06  1.0E-02 -4.3348502E+03     14
    17      1  1.0E+00     19  1.6E-06  6.6E-03 -4.3348781E+03     14
    18      1  1.0E+00     20 (1.8E-07) 1.2E-02 -4.3348810E+03     14
    19      1  3.6E-01     22 (1.5E-07) 3.9E-03 -4.3348820E+03     14

 Major Minors     Step   nCon Feasible  Optimal  MeritFunction     nS Penalty
    20      1  1.0E+00     23 (2.8E-08) 2.1E-03 -4.3348829E+03     14
    21      1  1.0E+00     24 (2.2E-08) 1.5E-03 -4.3348832E+03     14
    22      1  1.0E+00     25 (1.6E-08) 9.5E-04 -4.3348835E+03     14
    23      1  2.3E-01     27 (1.3E-08) 9.8E-03 -4.3348835E+03     14
    24      1  1.0E+00     28 (1.5E-08) 1.1E-03 -4.3348839E+03     14
    25      1  1.0E+00     29 (4.9E-09) 7.4E-04 -4.3348840E+03     14
    26      1  1.0E+00     30 (7.9E-09) 5.7E-04 -4.3348841E+03     14
    27      1  1.0E+00     31 (2.4E-11) 5.3E-04 -4.3348841E+03     14
    28      1  1.0E+00     32 (8.3E-12) 5.1E-04 -4.3348841E+03     14
    29      1  1.0E+00     33 (2.4E-12) 5.0E-04 -4.3348841E+03     14

 Major Minors     Step   nCon Feasible  Optimal  MeritFunction     nS Penalty
    30      1  2.7E-01     37 (2.3E-12) 4.9E-04 -4.3348841E+03     14
    31      1  7.7E-02     47 (2.2E-12) 4.7E-04 -4.3348841E+03     14
    32      1  3.5E-04     57 (2.2E-12) 4.7E-04 -4.3348841E+03     14
    33      1  2.7E-06     67 (2.2E-12) 4.7E-04 -4.3348841E+03     14
    34      1  1.7E-07     77 (2.2E-12) 4.7E-04 -4.3348841E+03     14
    35      1  1.9E-08     87 (2.2E-12) 4.7E-04 -4.3348841E+03     14
    36      1  2.1E-09     97 (2.2E-12) 4.7E-04 -4.3348841E+03     14
    37      1  6.6E-10    106 (2.2E-12) 4.7E-04 -4.3348841E+03     14

 SNOPTA EXIT   0 -- finished successfully
 SNOPTA INFO   3 -- requested accuracy could not be achieved

 Problem name                 opt prob
 No. of iterations                  55   Objective           -4.3348840922E+03
 No. of major iterations            37   Linear    obj. term  0.0000000000E+00
 Penalty parameter           0.000E+00   Nonlinear obj. term -4.3348840922E+03
 User function calls (total)       131
 No. of superbasics                 14   No. of basic nonlinears             4
 No. of degenerate steps             0   Percentage                       0.00
 Max x                       6 5.9E+02   Max pi                     40 1.3E+00
 Max Primal infeas          61 1.3E-09   Max Dual infeas             8 6.2E-04
 Nonlinear constraint violn    1.3E-09



 Solution printed on file  18

 Time for MPS input                             0.00 seconds
 Time for solving problem                      14.42 seconds
 Time for solution output                       0.00 seconds
 Time for constraint functions                 14.42 seconds
 Time for objective function                    0.00 seconds
