
 ==============================
 S N O P T  7.7.3    (Dec 2019)
 ==============================
 opt-files/9turb-circle-600r/snopt-wec/010dirs/052-wec1.0-TI-print.out
 XXX  Keyword not recognized:         OPT-FILES/9TURB-
 opt-files/9turb-circle-600r/snopt-wec/010dirs/052-wec1.0-TI-summary.out
 XXX  Keyword not recognized:         OPT-FILES/9TURB-

 SNMEMA EXIT 100 -- finished successfully
 SNMEMA INFO 104 -- memory requirements estimated



 Nonlinear constraints      45     Linear constraints       1
 Nonlinear variables        18     Linear variables         0
 Jacobian  variables        18     Objective variables     18
 Total constraints          46     Total variables         18



 The user has defined     828   out of     828   first  derivatives


 Major Minors     Step   nCon Feasible  Optimal  MeritFunction     nS Penalty
     0     12               1 (5.5E-11) 1.7E-03 -4.3862759E+03     12           r
     1      1  3.6E-10     10 (5.5E-11) 1.7E-03 -4.3862759E+03     12           r
     1      0              17 (5.5E-11) 1.7E-03 -4.3862759E+03     12           r
     1      0              24 (5.5E-11) 1.7E-03 -4.3862759E+03     12           r

 SNOPTA EXIT  40 -- terminated after numerical difficulties
 SNOPTA INFO  41 -- current point cannot be improved

 Problem name                 opt prob
 No. of iterations                  13   Objective           -4.3862758774E+03
 No. of major iterations             1   Linear    obj. term  0.0000000000E+00
 Penalty parameter           0.000E+00   Nonlinear obj. term -4.3862758774E+03
 User function calls (total)        50
 No. of superbasics                 12   No. of basic nonlinears             6
 No. of degenerate steps             0   Percentage                       0.00
 Max x                      12 6.0E+02   Max pi                     46 1.0E+00
 Max Primal infeas          63 3.3E-08   Max Dual infeas            26 2.9E-02
 Nonlinear constraint violn    3.3E-08



 Solution printed on file  18

 Time for MPS input                             0.00 seconds
 Time for solving problem                       5.47 seconds
 Time for solution output                       0.00 seconds
 Time for constraint functions                  5.47 seconds
 Time for objective function                    0.00 seconds
