
 ==============================
 S N O P T  7.7.3    (Dec 2019)
 ==============================
 opt-files/9turb-circle-600r/snopt-wec/010dirs/052-wec1.4-print.out
 XXX  Keyword not recognized:         OPT-FILES/9TURB-
 opt-files/9turb-circle-600r/snopt-wec/010dirs/052-wec1.4-summary.out
 XXX  Keyword not recognized:         OPT-FILES/9TURB-

 SNMEMA EXIT 100 -- finished successfully
 SNMEMA INFO 104 -- memory requirements estimated



 Nonlinear constraints      45     Linear constraints       1
 Nonlinear variables        18     Linear variables         0
 Jacobian  variables        18     Objective variables     18
 Total constraints          46     Total variables         18



 The user has defined     828   out of     828   first  derivatives


 Major Minors     Step   nCon Feasible  Optimal  MeritFunction     nS Penalty
     0     12               1 (9.5E-07) 2.3E-01 -3.8072428E+03     12           r
     1      1  1.0E+00      2 (3.1E-08) 2.3E-01 -3.8074693E+03     12           r
     2      2  5.4E-01      3  1.7E-06  2.6E-01 -3.8091142E+03     11         s  l
     3      2  1.0E+00      4  1.8E-03  3.3E-01 -3.8188442E+03     12
     4      1  1.0E+00      5  2.2E-04  4.3E-01 -3.8235002E+03     12
     5     13  1.0E+00      7  6.7E-05  1.1E+00 -3.8306699E+03      9          m
     6     35  1.5E-03     11  4.5E-05  1.0E+00 -3.8311244E+03     12
     7      1  1.0E+00     12  5.6E-05  1.2E-01 -3.8321999E+03     12
     8      1  1.0E+00     13  1.7E-05  1.2E-01 -3.8326402E+03     12
     9      1  1.0E+00     14  2.4E-06  1.1E-01 -3.8327952E+03     12

 Major Minors     Step   nCon Feasible  Optimal  MeritFunction     nS Penalty
    10      1  1.0E+00     15  3.5E-06  1.2E-01 -3.8328742E+03     12
    11      1  5.8E-02     25  3.3E-06  1.2E-01 -3.8328805E+03     12
    12      1  2.5E-05     35  3.3E-06  1.2E-01 -3.8328805E+03     12
    13      2  4.9E-07     45  3.3E-06  9.6E-01 -3.8328805E+03     12
    14      2  1.0E+00     46  2.0E-06  1.1E-01 -3.8329159E+03     12
    15      2  1.0E+00     47 (8.9E-08) 1.2E-01 -3.8329248E+03     12
    16      2  1.0E+00     48  1.8E-06  1.2E-01 -3.8329569E+03     12
    17      2  1.0E+00     49 (1.4E-07) 1.2E-01 -3.8329738E+03     12
    18      2  1.0E+00     50 (7.4E-07) 1.2E-01 -3.8329966E+03     12
    19      2  1.0E+00     51  1.7E-06  1.1E-01 -3.8330085E+03     12

 Major Minors     Step   nCon Feasible  Optimal  MeritFunction     nS Penalty
    20      2  1.0E+00     52 (2.4E-07) 1.1E-01 -3.8330123E+03     12
    21      2  1.0E+00     53 (1.0E-07) 1.1E-01 -3.8330130E+03     12
    22      2  1.0E+00     54 (2.4E-09) 1.1E-01 -3.8330131E+03     12
    23      2  1.0E+00     55 (6.5E-09) 1.1E-01 -3.8330132E+03     12
    24      2  1.0E+00     56 (9.1E-10) 1.1E-01 -3.8330132E+03     12
    25      2  1.0E+00     57 (6.3E-11) 1.1E-01 -3.8330132E+03     12
    26      2  1.0E+00     58 (5.5E-13) 1.1E-01 -3.8330132E+03     12
    27      2  1.0E+00     59 (1.3E-13) 1.1E-01 -3.8330132E+03     12
    28      2  1.0E+00     60 (2.2E-13) 1.1E-01 -3.8330132E+03     12
    29      1  1.0E+00     61 (1.1E-13) 1.1E-01 -3.8330132E+03     12

 Major Minors     Step   nCon Feasible  Optimal  MeritFunction     nS Penalty
    30      1  1.0E+00     62 (1.4E-13) 1.1E-01 -3.8330132E+03     12
    31      1  1.0E+00     63 (2.0E-13) 1.1E-01 -3.8330132E+03     12
    32      1  1.0E+00     64 (4.3E-13) 1.1E-01 -3.8330132E+03     12
    33      1  1.0E+00     65 (9.7E-13) 1.1E-01 -3.8330132E+03     12
    34      1  1.0E+00     66 (2.4E-12) 1.1E-01 -3.8330132E+03     12
    35      1  2.7E-01     70 (2.2E-12) 1.1E-01 -3.8330132E+03     12
    36      1  9.1E-02     80 (2.3E-12) 1.1E-01 -3.8330132E+03     12
    37      1  1.8E-04     90 (2.3E-12) 1.1E-01 -3.8330132E+03     12
    38      1  3.9E-06    100 (2.3E-12) 1.1E-01 -3.8330132E+03     12
    39      1  2.1E-08    110 (2.3E-12) 1.1E-01 -3.8330132E+03     12

 Major Minors     Step   nCon Feasible  Optimal  MeritFunction     nS Penalty
    40      1  4.2E-09    120 (2.3E-12) 1.1E-01 -3.8330132E+03     12
    41      1  4.5E-10    128 (2.3E-12) 1.1E-01 -3.8330132E+03     12
    42      1  1.8E-10    135 (2.3E-12) 1.1E-01 -3.8330132E+03     12
    42      1             140 (2.3E-12) 1.1E-01 -3.8330132E+03     12           R
    43      1  8.5E-10    149 (2.3E-12) 1.1E-01 -3.8330132E+03     12         s
    43      1             155 (2.3E-12) 1.1E-01 -3.8330132E+03     12         s R
    43      1             160 (2.3E-12) 1.1E-01 -3.8330132E+03     12         s r

 SNOPTA EXIT  40 -- terminated after numerical difficulties
 SNOPTA INFO  41 -- current point cannot be improved

 Problem name                 opt prob
 No. of iterations                 122   Objective           -3.8330131990E+03
 No. of major iterations            43   Linear    obj. term  0.0000000000E+00
 Penalty parameter           0.000E+00   Nonlinear obj. term -3.8330131990E+03
 User function calls (total)       185
 No. of superbasics                 12   No. of basic nonlinears             6
 No. of degenerate steps             0   Percentage                       0.00
 Max x                      12 6.0E+02   Max pi                     39 1.0E+00
 Max Primal infeas          62 1.4E-09   Max Dual infeas             2 1.2E-01
 Nonlinear constraint violn    1.4E-09



 Solution printed on file  18

 Time for MPS input                             0.00 seconds
 Time for solving problem                      21.03 seconds
 Time for solution output                       0.02 seconds
 Time for constraint functions                 21.03 seconds
 Time for objective function                    0.00 seconds
