
         ==============================
         S N O P T  7.7.3    (Dec 2019)
         ==============================
      opt-files/9turb-circle-600r/snopt-wec/010dirs/052-wec2.2-print.out
 XXX  Keyword not recognized:         OPT-FILES/9TURB-
      Derivative option               1
      Verify level               3
      opt-files/9turb-circle-600r/snopt-wec/010dirs/052-wec2.2-summary.out
 XXX  Keyword not recognized:         OPT-FILES/9TURB-
      Major optimality tolerance  5.00000000E-05
      Major iteration limit         1000000
1

 SNMEMA EXIT 100 -- finished successfully
 SNMEMA INFO 104 -- memory requirements estimated
      Total character workspace             500
      Total integer   workspace           35042
      Total real      workspace           23255
1

 Parameters
 ==========

 Files
 -----
 Solution file..........         0       Old basis file ........         0       Standard input.........         5
 Insert file............         0       New basis file ........         0       (Printer)..............        18
 Punch file.............         0       Backup basis file......         0       (Specs file)...........         0
 Load file..............         0       Dump file..............         0       Standard output........         6

 Frequencies
 -----------
 Print frequency........       100       Check frequency........        60       Save new basis map.....       100
 Summary frequency......       100       Factorization frequency        50       Expand frequency.......     10000

 QP subproblems
 --------------
 QPsolver Cholesky......
 Scale tolerance........     0.900       Minor feasibility tol..  1.00E-06       Iteration limit........     10000
 Scale option...........         0       Minor optimality  tol..  1.00E-06       Minor print level......         1
 Crash tolerance........     0.100       Pivot tolerance........  3.25E-11       New superbasics........        99
 Crash option...........         3       Elastic weight.........  1.00E+05

 Partial pricing
 ---------------
 LP Partial price.......         1       Prtl price section ( A)        18       Prtl price section (-I)        46
 QP Partial price.......         1       Prtl price section ( A)        18       Prtl price section (-I)        46

 The SQP Method
 --------------
 Minimize...............                 Cold start.............                 Proximal Point method..         1
 Nonlinear objectiv vars        18       Objective Row..........         1       Function precision.....  3.00E-13
 Unbounded step size....  1.00E+20       Superbasics limit......        18       Difference interval....  5.48E-07
 Unbounded objective....  1.00E+10       Reduced Hessian dim....        18       Central difference int.  6.70E-05
 Major step limit.......  2.00E+00       Derivative linesearch..                 Derivative option......         1
 Major iterations limit.   1000000       Linesearch tolerance...   0.90000       Verify level...........         3
 Minor iterations limit.       500       Penalty parameter......  0.00E+00       Major Print Level......         1
 Time limit (secs)...... 9999999.0       Major optimality tol...  5.00E-05

 Hessian Approximation
 ---------------------
 Hessian full-memory....                 Hessian updates........  99999999       Hessian frequency......  99999999
                                                                                 Hessian flush..........  99999999

 Nonlinear constraints
 ---------------------
 Nonlinear constraints..        45       Major feasibility tol..  1.00E-06       Violation limit........  1.00E+01
 Nonlinear Jacobian vars        18

 Miscellaneous
 -------------
 LU factor tolerance....      3.99       LU singularity tol.....  3.25E-11       Timing level...........         3
 LU update tolerance....      3.99       LU swap tolerance......  1.22E-04       Debug level............         0
 LU partial  pivoting...                 eps (machine precision)  2.22E-16       System information.....        No
                                                                                 Sticky parameters......        No
1




 Matrix statistics
 -----------------
               Total      Normal        Free       Fixed     Bounded
 Rows             46          45           1           0           0
 Columns          18           0           0           0          18

 No. of matrix elements                  810     Density      97.826
 Biggest  constant element        0.0000E+00  (excluding fixed columns,
 Smallest constant element        0.0000E+00   free rows, and RHS)

 No. of objective coefficients             0

 Nonlinear constraints      45     Linear constraints       1
 Nonlinear variables        18     Linear variables         0
 Jacobian  variables        18     Objective variables     18
 Total constraints          46     Total variables         18
1



 The user has defined     828   out of     828   first  derivatives

 Verification of user-supplied problem derivatives.

 The constraint gradients seem to be OK.

 -->  The largest discrepancy was    1.43E-07  in constraint    26


 The objective  gradients seem to be OK.

 Gradient projected in one direction   1.51082964274E-01
 Difference approximation              1.51082952687E-01


 Column       x(j)        dx(j)    Element no.    Row        Derivative    Difference approxn

      1  4.55623531E+02  2.50E-04         1         2   -9.99105495E-01   -9.99105495E-01  ok
                                          2         3   -8.83789071E-01   -8.83789134E-01  ok
                                          3         4    2.54885976E-03    2.54869840E-03  ok
                                          4         5   -7.82153734E-01   -7.82153775E-01  ok
                                          5         6   -7.96012535E-01   -7.96012716E-01  ok
                                          6         7   -4.35458530E-01   -4.35458623E-01  ok
                                          7         8    4.62630252E-01    4.62629889E-01  ok
                                          8         9   -9.67079358E-01   -9.67079365E-01  ok
                                         37        38    7.59372532E-01    7.59372620E-01  ok
      1  4.55623531E+02  2.50E-04           Objective   -1.59739817E-02   -1.59741044E-02  ok

      2 -4.21019460E+02  2.31E-04        46         2    9.99105495E-01    9.99105495E-01  ok
                                         54        10    9.45019478E-01    9.45019454E-01  ok
                                         55        11    7.32919464E-01    7.32919420E-01  ok
                                         56        12   -7.79705171E-02   -7.79706625E-02  ok
                                         57        13    9.62590539E-01    9.62590527E-01  ok
                                         58        14    3.61158325E-01    3.61158233E-01  ok
                                         59        15    9.63801387E-01    9.63801378E-01  ok
                                         60        16   -4.73660260E-01   -4.73660513E-01  ok
                                         83        39   -7.01687759E-01   -7.01687661E-01  ok
      2 -4.21019460E+02  2.31E-04           Objective   -1.37869059E-01   -1.37869025E-01  ok

      3  6.67288802E+01  3.71E-05        92         3    8.83789071E-01    8.83789063E-01  ok
                                         99        10   -9.45019478E-01   -9.45019483E-01  ok
                                        106        17    3.69062165E-01    3.69062153E-01  ok
                                        107        18   -4.99189804E-01   -4.99189821E-01  ok
                                        108        19    4.63355543E-01    4.63355507E-01  ok
                                        109        20   -7.50265212E-02   -7.50265368E-02  ok
                                        110        21    7.55445862E-01    7.55445848E-01  ok
                                        111        22   -8.06404863E-01   -8.06404870E-01  ok
                                        129        40    1.11214799E-01    1.11214830E-01  ok
      3  6.67288802E+01  3.71E-05           Objective    3.84570886E-01    3.84570964E-01  ok

      4  4.57607726E+02  2.51E-04       138         4   -2.54885976E-03   -2.54902103E-03  ok
                                        145        11   -7.32919464E-01   -7.32919512E-01  ok
                                        151        17   -3.69062165E-01   -3.69062268E-01  ok
                                        157        23   -9.99448282E-01   -9.99448283E-01  ok
                                        158        24   -3.09016994E-01   -3.09017167E-01  ok
                                        159        25   -9.15377980E-01   -9.15378019E-01  ok
                                        160        26    2.23210063E-01    2.23209846E-01  ok
                                        161        27   -9.01060865E-01   -9.01060885E-01  ok
                                        175        41    7.62678217E-01    7.62678305E-01  ok
      4  4.57607726E+02  2.51E-04           Objective   -2.09551699E-01    1.84666150E+00  bad?

      5 -4.82360695E+02  2.65E-04       184         5    7.82153734E-01    7.82153692E-01  ok
                                        191        12    7.79705171E-02    7.79703501E-02  ok
                                        197        18    4.99189804E-01    4.99189713E-01  ok
                                        202        23    9.99448282E-01    9.99448282E-01  ok
                                        207        28    7.78384806E-01    7.78384751E-01  ok
                                        208        29    8.84058680E-01    8.84058624E-01  ok
                                        209        30    9.02579655E-01    9.02579634E-01  ok
                                        210        31   -2.19762199E-01   -2.19762460E-01  ok
                                        221        42   -8.03934467E-01   -8.03934389E-01  ok
      5 -4.82360695E+02  2.65E-04           Objective    3.26230015E-01    3.26229810E-01  ok

      6  2.54388604E+02  1.40E-04       230         6    7.96012535E-01    7.96012434E-01  ok
                                        237        13   -9.62590539E-01   -9.62590545E-01  ok
                                        243        19   -4.63355543E-01   -4.63355678E-01  ok
                                        248        24    3.09016994E-01    3.09016898E-01  ok
                                        252        28   -7.78384806E-01   -7.78384834E-01  ok
                                        256        32   -3.14855602E-01   -3.14855673E-01  ok
                                        257        33    9.66253197E-01    9.66253183E-01  ok
                                        258        34   -9.89726095E-01   -9.89726094E-01  ok
                                        267        43    7.31130905E-01    7.31130999E-01  ok
      6  2.54388604E+02  1.40E-04           Objective   -3.25535434E-01   -3.25534828E-01  ok

      7 -2.32436911E+01  1.33E-05       276         7    4.35458530E-01    4.35458515E-01  ok
                                        283        14   -3.61158325E-01   -3.61158324E-01  ok
                                        289        20    7.50265212E-02    7.50265245E-02  ok
                                        294        25    9.15377980E-01    9.15377983E-01  ok
                                        298        29   -8.84058680E-01   -8.84058691E-01  ok
                                        301        32    3.14855602E-01    3.14855597E-01  ok
                                        304        35    6.27369759E-01    6.27369754E-01  ok
                                        305        36   -6.20294620E-01   -6.20294612E-01  ok
                                        313        44   -3.87393015E-02   -3.87392880E-02  ok
      7 -2.32436911E+01  1.33E-05           Objective    9.57147001E-02    9.57146811E-02  ok

      8  5.80894653E+02  3.19E-04       322         8   -4.62630252E-01   -4.62630714E-01  ok
                                        329        15   -9.63801387E-01   -9.63801398E-01  ok
                                        335        21   -7.55445862E-01   -7.55445963E-01  ok
                                        340        26   -2.23210063E-01   -2.23210337E-01  ok
                                        344        30   -9.02579655E-01   -9.02579680E-01  ok
                                        347        33   -9.66253197E-01   -9.66253229E-01  ok
                                        349        35   -6.27369759E-01   -6.27369859E-01  ok
                                        351        37   -9.99558698E-01   -9.99558697E-01  ok
                                        359        45    9.68105801E-01    9.68105818E-01  ok
      8  5.80894653E+02  3.19E-04           Objective   -6.27230562E-01   -6.27230908E-01  ok

      9 -5.88778546E+02  3.23E-04       368         9    9.67079358E-01    9.67079349E-01  ok
                                        375        16    4.73660260E-01    4.73659906E-01  ok
                                        381        22    8.06404863E-01    8.06404793E-01  ok
                                        386        27    9.01060865E-01    9.01060839E-01  ok
                                        390        31    2.19762199E-01    2.19761882E-01  ok
                                        393        34    9.89726095E-01    9.89726091E-01  ok
                                        395        36    6.20294620E-01    6.20294511E-01  ok
                                        396        37    9.99558698E-01    9.99558697E-01  ok
                                        405        46   -9.81274268E-01   -9.81274258E-01  ok
      9 -5.88778546E+02  3.23E-04           Objective    5.09645134E-01    5.09645091E-01  ok

     10 -3.90393669E+02  2.14E-04       406         2   -4.22872301E-02   -4.22873514E-02  ok
                                        407         3   -4.67885539E-01   -4.67885729E-01  ok
                                        408         4    9.99996752E-01    9.99996751E-01  ok
                                        409         5    6.23085496E-01    6.23085443E-01  ok
                                        410         6    6.05280137E-01    6.05279868E-01  ok
                                        411         7    9.00208792E-01    9.00208772E-01  ok
                                        412         8    8.86551324E-01    8.86551240E-01  ok
                                        413         9    2.54474981E-01    2.54474888E-01  ok
                                        442        38   -6.50656098E-01   -6.50655995E-01  ok
     10 -3.90393669E+02  2.14E-04           Objective    1.69587222E-01    1.69587152E-01  ok

     11 -4.27497663E+02  2.35E-04       451         2    4.22872301E-02    4.22870970E-02  ok
                                        459        10   -3.27014047E-01   -3.27014249E-01  ok
                                        460        11    6.80315412E-01    6.80315359E-01  ok
                                        461        12    9.96955665E-01    9.96955665E-01  ok
                                        462        13    2.70960246E-01    2.70960092E-01  ok
                                        463        14    9.32504512E-01    9.32504498E-01  ok
                                        464        15    2.66621242E-01    2.66621137E-01  ok
                                        465        16    8.80707646E-01    8.80707572E-01  ok
                                        488        39   -7.12484589E-01   -7.12484492E-01  ok
     11 -4.27497663E+02  2.35E-04           Objective    4.38319567E-02    4.38319272E-02  ok

     12 -5.96277844E+02  3.27E-04       497         3    4.67885539E-01    4.67885248E-01  ok
                                        504        10    3.27014047E-01    3.27013763E-01  ok
                                        511        17    9.29404712E-01    9.29404691E-01  ok
                                        512        18    8.66492666E-01    8.66492629E-01  ok
                                        513        19    8.86172467E-01    8.86172380E-01  ok
                                        514        20    9.97181539E-01    9.97181538E-01  ok
                                        515        21    6.55211072E-01    6.55210935E-01  ok
                                        516        22    5.91363845E-01    5.91363715E-01  ok
                                        534        40   -9.93796392E-01   -9.93796389E-01  ok
     12 -5.96277844E+02  3.27E-04           Objective    2.01821447E-01    2.01819740E-01  ok

     13  3.88067547E+02  2.13E-04       543         4   -9.99996752E-01   -9.99996752E-01  ok
                                        550        11   -6.80315412E-01   -6.80315460E-01  ok
                                        556        17   -9.29404712E-01   -9.29404726E-01  ok
                                        562        23   -3.32134205E-02   -3.32135335E-02  ok
                                        563        24   -9.51056516E-01   -9.51056531E-01  ok
                                        564        25    4.02595520E-01    4.02595350E-01  ok
                                        565        26   -9.74770367E-01   -9.74770376E-01  ok
                                        566        27   -4.33692654E-01   -4.33692728E-01  ok
                                        580        41    6.46778120E-01    6.46778224E-01  ok
     13  3.88067547E+02  2.13E-04           Objective   -1.59046131E-01   -1.59046018E-01  ok

     14  3.56830746E+02  1.96E-04       589         5   -6.23085496E-01   -6.23085545E-01  ok
                                        596        12   -9.96955665E-01   -9.96955665E-01  ok
                                        602        18   -8.66492666E-01   -8.66492688E-01  ok
                                        607        23    3.32134205E-02    3.32133166E-02  ok
                                        612        28   -6.27787460E-01   -6.27787522E-01  ok
                                        613        29    4.67375919E-01    4.67375772E-01  ok
                                        614        30   -4.30522898E-01   -4.30522966E-01  ok
                                        615        31   -9.75553471E-01   -9.75553481E-01  ok
                                        626        42    5.94717893E-01    5.94717998E-01  ok
     14  3.56830746E+02  1.96E-04           Objective   -2.95754939E-01   -2.95754916E-01  ok

     15 -2.37376601E+02  1.31E-04       635         6   -6.05280137E-01   -6.05280300E-01  ok
                                        642        13   -2.70960246E-01   -2.70960332E-01  ok
                                        648        19   -8.86172467E-01   -8.86172502E-01  ok
                                        653        24    9.51056516E-01    9.51056508E-01  ok
                                        657        28    6.27787460E-01    6.27787418E-01  ok
                                        661        32    9.49139584E-01    9.49139577E-01  ok
                                        662        33    2.57594174E-01    2.57593994E-01  ok
                                        663        34    1.42976423E-01    1.42976349E-01  ok
                                        672        43   -6.82237202E-01   -6.82237101E-01  ok
     15 -2.37376601E+02  1.31E-04           Objective    1.90714905E-01    4.14656106E+00  bad?

     16  5.99552453E+02  3.29E-04       681         7   -9.00208792E-01   -9.00208820E-01  ok
                                        688        14   -9.32504512E-01   -9.32504531E-01  ok
                                        694        20   -9.97181539E-01   -9.97181541E-01  ok
                                        699        25   -4.02595520E-01   -4.02595783E-01  ok
                                        703        29   -4.67375919E-01   -4.67376167E-01  ok
                                        706        32   -9.49139584E-01   -9.49139603E-01  ok
                                        709        35   -7.78721507E-01   -7.78721574E-01  ok
                                        710        36   -7.84368908E-01   -7.84368978E-01  ok
                                        718        44    9.99249352E-01    9.99249352E-01  ok
     16  5.99552453E+02  3.29E-04           Objective   -5.54787853E-01   -5.54788776E-01  ok

     17 -1.50333105E+02  8.29E-05       727         8   -8.86551324E-01   -8.86551356E-01  ok
                                        734        15   -2.66621242E-01   -2.66621281E-01  ok
                                        740        21   -6.55211072E-01   -6.55211107E-01  ok
                                        745        26    9.74770367E-01    9.74770362E-01  ok
                                        749        30    4.30522898E-01    4.30522872E-01  ok
                                        752        33   -2.57594174E-01   -2.57594289E-01  ok
                                        754        35    7.78721507E-01    7.78721489E-01  ok
                                        756        37    2.97053863E-02    2.97053521E-02  ok
                                        764        45   -2.50541729E-01   -2.50541665E-01  ok
     17 -1.50333105E+02  8.29E-05           Objective   -1.58620824E-02   -1.58617975E-02  ok

     18 -1.15572171E+02  6.39E-05       773         9   -2.54474981E-01   -2.54475011E-01  ok
                                        780        16   -8.80707646E-01   -8.80707667E-01  ok
                                        786        22   -5.91363845E-01   -5.91363870E-01  ok
                                        791        27    4.33692654E-01    4.33692632E-01  ok
                                        795        31    9.75553471E-01    9.75553469E-01  ok
                                        798        34   -1.42976423E-01   -1.42976459E-01  ok
                                        800        36    7.84368908E-01    7.84368895E-01  ok
                                        801        37   -2.97053863E-02   -2.97054129E-02  ok
                                        810        46   -1.92615709E-01   -1.92615658E-01  ok
     18 -1.15572171E+02  6.39E-05           Objective    4.19495475E-01    4.19495628E-01  ok

    810  Jacobian elements in cols      1  thru    18  seem to be OK.

 -->  The largest relative error was    3.16E-07   in row     8,  column     8


 XXX  There seem to be     2  incorrect objective gradients in cols     1  thru    18

 -->  The largest relative error was    3.32E+00   in column    15

1

 SNOPTA EXIT  50 -- error in the user-supplied functions
 SNOPTA INFO  51 -- incorrect objective  derivatives

 Problem name                 opt prob
 No. of iterations                   0   Objective           -2.8996697520E+03
 No. of major iterations             0   Linear    obj. term  0.0000000000E+00
 Penalty parameter           0.000E+00   Nonlinear obj. term -2.8996697520E+03
 User function calls (total)        20
 No. of degenerate steps             0   Percentage                       0.00
 Max x                      16 6.0E+02   Max pi                      1 0.0E+00
 Max Primal infeas          63 3.2E-02   Max Dual infeas             8 6.3E-01
 Nonlinear constraint violn    3.2E-02
1

 Name           opt prob                 Objective Value     -2.8996697520E+03

 Status         Optimal Soln             Iteration      0    Superbasics     0

 Objective               (Min)
 RHS
 Ranges
 Bounds

 Section 1 - Constraints

  Number  ...Row.. State  ...Value......  Slack Value...  ..Lower Limit.  ..Upper Limit.  .Dual Variable    ..i

      19  r      1    BS          .               .                None            None          1.0          1
      20  r      2    BS      -624.62785      -624.62785           None           .               .           2
      21  r      3    BS      -187.23107      -187.23107           None           .               .           3
      22  r      4    BS      -525.66374      -525.66374           None           .               .           4
      23  r      5    BS      -946.43256      -946.43256           None           .               .           5
      24  r      6    BS        -0.00372        -0.00372           None           .               .           6
      25  r      7    BS      -846.88502      -846.88502           None           .               .           7
      26  r      8    BS       -17.98022       -17.98022           None           .               .           8
      27  r      9    BS      -827.15489      -827.15489           None           .               .           9
      28  r     10    BS      -263.32517      -263.32517           None           .               .          10
      29  r     11    BS      -946.00455      -946.00455           None           .               .          11
      30  r     12    BS      -533.92346      -533.92346           None           .               .          12
      31  r     13    BS      -448.85666      -448.85666           None           .               .          13
      32  r     14    BS      -848.58890      -848.58890           None           .               .          14
      33  r     15    BS      -786.74417      -786.74417           None           .               .          15
      34  r     16    BS      -101.37598      -101.37598           None           .               .          16
      35  r     17    BS      -806.31384      -806.31384           None           .               .          17
      36  r     18    BS      -847.16152      -847.16152           None           .               .          18
      37  r     19    BS      -152.20157      -152.20157           None           .               .          19
      38  r     20    BS      -946.41022      -946.41022           None           .               .          20
      39  r     21    BS      -427.81234      -427.81234           None           .               .          21
      40  r     22    BS      -560.07633      -560.07633           None           .               .          22
      41  r     23    BS      -687.68730      -687.68730           None           .               .          23
      42  r     24    BS      -404.83089      -404.83089           None           .               .          24
      43  r     25    BS      -272.50368      -272.50368           None           .               .          25
      44  r     26    BS      -299.53588      -299.53588           None           .               .          26
      45  r     27    BS      -908.48256      -908.48256           None           .               .          27
      46  r     28    BS      -693.71038      -693.71038           None           .               .          28
      47  r     29    BS      -266.52865      -266.52865           None           .               .          29
      48  r     30    BS      -925.21830      -925.21830           None           .               .          30
      49  r     31    BS      -231.44093      -231.44093           None           .               .          31
      50  r     32    BS      -628.97658      -628.97658           None           .               .          32
      51  r     33    BS       -85.10941       -85.10941           None           .               .          33
      52  r     34    BS      -599.11969      -599.11969           None           .               .          34
      53  r     35    BS      -710.17014      -710.17014           None           .               .          35
      54  r     36    BS      -658.91975      -658.91975           None           .               .          36
      55  r     37    BS      -917.38961      -917.38961           None           .               .          37
      56  r     38 I  BS         0.00002         0.00002           None           .               .          38
      57  r     39 I  BS         0.00970         0.00970           None           .               .          39
      58  r     40 I  BS         0.00001         0.00001           None           .               .          40
      59  r     41 I  BS         0.00104         0.00104           None           .               .          41
      60  r     42 I  BS         0.00002         0.00002           None           .               .          42
      61  r     43    BS      -252.06148      -252.06148           None           .               .          43
      62  r     44 I  BS         0.00284         0.00284           None           .               .          44
      63  r     45 I  BS         0.03220         0.03220           None           .               .          45
      64  r     46 I  BS         0.01425         0.01425           None           .               .          46
1

 Section 2 - Variables

  Number  .Column. State  ...Value......  .Obj Gradient.  ..Lower Limit.  ..Upper Limit.  .Dual Variable    m+j

       1  x      1 N  FR       455.62353        -0.01597      -600.00000       600.00000        -0.01597     47
       2  x      2 N  FR      -421.01946        -0.13787      -600.00000       600.00000        -0.13787     48
       3  x      3 N  FR        66.72888         0.38457      -600.00000       600.00000         0.38457     49
       4  x      4 N  FR       457.60773        -0.20955      -600.00000       600.00000        -0.20955     50
       5  x      5 N  FR      -482.36069         0.32623      -600.00000       600.00000         0.32623     51
       6  x      6 N  FR       254.38860        -0.32554      -600.00000       600.00000        -0.32554     52
       7  x      7 N  FR       -23.24369         0.09571      -600.00000       600.00000         0.09571     53
       8  x      8 N  FR       580.89465        -0.62723      -600.00000       600.00000        -0.62723     54
       9  x      9 N  FR      -588.77855         0.50965      -600.00000       600.00000         0.50965     55
      10  x     10 N  FR      -390.39367         0.16959      -600.00000       600.00000         0.16959     56
      11  x     11 N  FR      -427.49766         0.04383      -600.00000       600.00000         0.04383     57
      12  x     12 N  FR      -596.27784         0.20182      -600.00000       600.00000         0.20182     58
      13  x     13 N  FR       388.06755        -0.15905      -600.00000       600.00000        -0.15905     59
      14  x     14 N  FR       356.83075        -0.29575      -600.00000       600.00000        -0.29575     60
      15  x     15 N  FR      -237.37660         0.19071      -600.00000       600.00000         0.19071     61
      16  x     16 N  FR       599.55245        -0.55479      -600.00000       600.00000        -0.55479     62
      17  x     17 N  FR      -150.33310        -0.01586      -600.00000       600.00000        -0.01586     63
      18  x     18 N  FR      -115.57217         0.41950      -600.00000       600.00000         0.41950     64

 Time for MPS input                             0.00 seconds
 Time for solving problem                       2.23 seconds
 Time for solution output                       0.00 seconds
 Time for constraint functions                  2.23 seconds
 Time for objective function                    0.00 seconds
