
         ==============================
         S N O P T  7.7.3    (Dec 2019)
         ==============================
      opt-files/9turb-circle-600r/snopt-wec/010dirs/053-wec2.2-print.out
 XXX  Keyword not recognized:         OPT-FILES/9TURB-
      Derivative option               1
      Verify level               3
      opt-files/9turb-circle-600r/snopt-wec/010dirs/053-wec2.2-summary.out
 XXX  Keyword not recognized:         OPT-FILES/9TURB-
      Major optimality tolerance  5.00000000E-05
      Major iteration limit         1000000
1

 SNMEMA EXIT 100 -- finished successfully
 SNMEMA INFO 104 -- memory requirements estimated
      Total character workspace             500
      Total integer   workspace           35042
      Total real      workspace           23255
1

 Parameters
 ==========

 Files
 -----
 Solution file..........         0       Old basis file ........         0       Standard input.........         5
 Insert file............         0       New basis file ........         0       (Printer)..............        18
 Punch file.............         0       Backup basis file......         0       (Specs file)...........         0
 Load file..............         0       Dump file..............         0       Standard output........         6

 Frequencies
 -----------
 Print frequency........       100       Check frequency........        60       Save new basis map.....       100
 Summary frequency......       100       Factorization frequency        50       Expand frequency.......     10000

 QP subproblems
 --------------
 QPsolver Cholesky......
 Scale tolerance........     0.900       Minor feasibility tol..  1.00E-06       Iteration limit........     10000
 Scale option...........         0       Minor optimality  tol..  1.00E-06       Minor print level......         1
 Crash tolerance........     0.100       Pivot tolerance........  3.25E-11       New superbasics........        99
 Crash option...........         3       Elastic weight.........  1.00E+05

 Partial pricing
 ---------------
 LP Partial price.......         1       Prtl price section ( A)        18       Prtl price section (-I)        46
 QP Partial price.......         1       Prtl price section ( A)        18       Prtl price section (-I)        46

 The SQP Method
 --------------
 Minimize...............                 Cold start.............                 Proximal Point method..         1
 Nonlinear objectiv vars        18       Objective Row..........         1       Function precision.....  3.00E-13
 Unbounded step size....  1.00E+20       Superbasics limit......        18       Difference interval....  5.48E-07
 Unbounded objective....  1.00E+10       Reduced Hessian dim....        18       Central difference int.  6.70E-05
 Major step limit.......  2.00E+00       Derivative linesearch..                 Derivative option......         1
 Major iterations limit.   1000000       Linesearch tolerance...   0.90000       Verify level...........         3
 Minor iterations limit.       500       Penalty parameter......  0.00E+00       Major Print Level......         1
 Time limit (secs)...... 9999999.0       Major optimality tol...  5.00E-05

 Hessian Approximation
 ---------------------
 Hessian full-memory....                 Hessian updates........  99999999       Hessian frequency......  99999999
                                                                                 Hessian flush..........  99999999

 Nonlinear constraints
 ---------------------
 Nonlinear constraints..        45       Major feasibility tol..  1.00E-06       Violation limit........  1.00E+01
 Nonlinear Jacobian vars        18

 Miscellaneous
 -------------
 LU factor tolerance....      3.99       LU singularity tol.....  3.25E-11       Timing level...........         3
 LU update tolerance....      3.99       LU swap tolerance......  1.22E-04       Debug level............         0
 LU partial  pivoting...                 eps (machine precision)  2.22E-16       System information.....        No
                                                                                 Sticky parameters......        No
1




 Matrix statistics
 -----------------
               Total      Normal        Free       Fixed     Bounded
 Rows             46          45           1           0           0
 Columns          18           0           0           0          18

 No. of matrix elements                  810     Density      97.826
 Biggest  constant element        0.0000E+00  (excluding fixed columns,
 Smallest constant element        0.0000E+00   free rows, and RHS)

 No. of objective coefficients             0

 Nonlinear constraints      45     Linear constraints       1
 Nonlinear variables        18     Linear variables         0
 Jacobian  variables        18     Objective variables     18
 Total constraints          46     Total variables         18
1



 The user has defined     828   out of     828   first  derivatives

 Verification of user-supplied problem derivatives.

 The constraint gradients seem to be OK.

 -->  The largest discrepancy was    1.75E-07  in constraint    58


 The objective  gradients seem to be OK.

 Gradient projected in one direction   7.56723148004E-02
 Difference approximation              7.56727220171E-02


 Column       x(j)        dx(j)    Element no.    Row        Derivative    Difference approxn

      1  2.09728598E+02  1.15E-04         1         2   -4.76001934E-01   -4.76001996E-01  ok
                                          2         3   -8.29649139E-01   -8.29649200E-01  ok
                                          3         4    8.81977400E-02    8.81976625E-02  ok
                                          4         5   -9.34351231E-01   -9.34351238E-01  ok
                                          5         6    3.63846046E-02    3.63844427E-02  ok
                                          6         7   -7.63095482E-01   -7.63095509E-01  ok
                                          7         8    9.65779704E-01    9.65779694E-01  ok
                                          8         9   -8.18946518E-01   -8.18946549E-01  ok
                                         37        38    7.21056597E-01    7.21056692E-01  ok
      1  2.09728598E+02  1.15E-04           Objective    2.85686025E-01    2.85686455E-01  ok

      2 -1.38479589E+02  7.64E-05        46         2    4.76001934E-01    4.76001893E-01  ok
                                         54        10    2.14602189E-01    2.14602115E-01  ok
                                         55        11    9.75646626E-01    9.75646622E-01  ok
                                         56        12   -8.01106534E-01   -8.01106558E-01  ok
                                         57        13    3.39890293E-01    3.39890262E-01  ok
                                         58        14   -9.63891408E-01   -9.63891416E-01  ok
                                         59        15    8.03813705E-01    8.03813691E-01  ok
                                         60        16   -4.74742107E-01   -4.74742197E-01  ok
                                         83        39   -2.99092445E-01   -2.99092371E-01  ok
      2 -1.38479589E+02  7.64E-05           Objective   -4.59768717E-01   -4.59768550E-01  ok

      3 -3.30154418E+01  1.86E-05        92         3    8.29649139E-01    8.29649131E-01  ok
                                         99        10   -2.14602189E-01   -2.14602203E-01  ok
                                        106        17    4.73425239E-01    4.73425232E-01  ok
                                        107        18   -9.69098799E-01   -9.69098806E-01  ok
                                        108        19    4.41716617E-01    4.41716605E-01  ok
                                        109        20   -7.25527009E-01   -7.25527019E-01  ok
                                        110        21    9.95323081E-01    9.95323086E-01  ok
                                        111        22   -8.09016994E-01   -8.09017004E-01  ok
                                        129        40   -6.54041940E-01   -6.54041830E-01  ok
      3 -3.30154418E+01  1.86E-05           Objective   -4.45070022E-01   -1.19447762E+04  bad?

      4  2.74920812E+02  1.51E-04       138         4   -8.81977400E-02   -8.81978410E-02  ok
                                        145        11   -9.75646626E-01   -9.75646634E-01  ok
                                        151        17   -4.73425239E-01   -4.73425328E-01  ok
                                        157        23   -8.95237417E-01   -8.95237430E-01  ok
                                        158        24   -4.77628880E-02   -4.77629581E-02  ok
                                        159        25   -9.70851215E-01   -9.70851220E-01  ok
                                        160        26    4.47604732E-01    4.47604647E-01  ok
                                        161        27   -8.30077214E-01   -8.30077248E-01  ok
                                        175        41    4.57226953E-01    4.57227052E-01  ok
      4  2.74920812E+02  1.51E-04           Objective   -2.63688263E-01   -2.63688328E-01  ok

      5 -5.90875588E+02  3.24E-04       184         5    9.34351231E-01    9.34351207E-01  ok
                                        191        12    8.01106534E-01    8.01106431E-01  ok
                                        197        18    9.69098799E-01    9.69098782E-01  ok
                                        202        23    8.95237417E-01    8.95237384E-01  ok
                                        207        28    7.75960233E-01    7.75960171E-01  ok
                                        208        29    4.90968596E-01    4.90968171E-01  ok
                                        209        30    9.85639642E-01    9.85639638E-01  ok
                                        210        31    9.87007778E-01    9.87007764E-01  ok
                                        221        42   -9.84914683E-01   -9.84914675E-01  ok
      5 -5.90875588E+02  3.24E-04           Objective    3.45225419E+00    3.45224876E+00  ok

      6  2.22690400E+02  1.23E-04       230         6   -3.63846046E-02   -3.63847763E-02  ok
                                        237        13   -3.39890293E-01   -3.39890343E-01  ok
                                        243        19   -4.41716617E-01   -4.41716702E-01  ok
                                        248        24    4.77628880E-02    4.77628306E-02  ok
                                        252        28   -7.75960233E-01   -7.75960257E-01  ok
                                        256        32   -5.92153930E-01   -5.92153965E-01  ok
                                        257        33    6.27205403E-01    6.27205340E-01  ok
                                        258        34   -5.89251396E-01   -5.89251442E-01  ok
                                        267        43    3.70922983E-01    3.70923071E-01  ok
      6  2.22690400E+02  1.23E-04           Objective   -6.03500065E-02   -6.03498252E-02  ok

      7 -4.48692367E+02  2.46E-04       276         7    7.63095482E-01    7.63095423E-01  ok
                                        283        14    9.63891408E-01    9.63891381E-01  ok
                                        289        20    7.25527009E-01    7.25526907E-01  ok
                                        294        25    9.70851215E-01    9.70851206E-01  ok
                                        298        29   -4.90968596E-01   -4.90968919E-01  ok
                                        301        32    5.92153930E-01    5.92153860E-01  ok
                                        304        35    9.16279141E-01    9.16279123E-01  ok
                                        305        36    6.02067801E-01    6.02067494E-01  ok
                                        313        44   -7.83291342E-01   -7.83291259E-01  ok
      7 -4.48692367E+02  2.46E-04           Objective    7.35342890E-01    7.35343272E-01  ok

      8  5.92067573E+02  3.25E-04       322         8   -9.65779704E-01   -9.65779732E-01  ok
                                        329        15   -8.03813705E-01   -8.03813768E-01  ok
                                        335        21   -9.95323081E-01   -9.95323084E-01  ok
                                        340        26   -4.47604732E-01   -4.47604916E-01  ok
                                        344        30   -9.85639642E-01   -9.85639646E-01  ok
                                        347        33   -6.27205403E-01   -6.27205570E-01  ok
                                        349        35   -9.16279141E-01   -9.16279165E-01  ok
                                        351        37   -9.62244775E-01   -9.62244788E-01  ok
                                        359        45    9.86346482E-01    9.86346489E-01  ok
      8  5.92067573E+02  3.25E-04           Objective   -2.70312180E-01   -2.70311991E-01  ok

      9 -2.94796208E+02  1.62E-04       368         9    8.18946518E-01    8.18946474E-01  ok
                                        375        16    4.74742107E-01    4.74741916E-01  ok
                                        381        22    8.09016994E-01    8.09016908E-01  ok
                                        386        27    8.30077214E-01    8.30077177E-01  ok
                                        390        31   -9.87007778E-01   -9.87007785E-01  ok
                                        393        34    5.89251396E-01    5.89251335E-01  ok
                                        395        36   -6.02067801E-01   -6.02068003E-01  ok
                                        396        37    9.62244775E-01    9.62244768E-01  ok
                                        405        46   -8.88796733E-01   -8.88796682E-01  ok
      9 -2.94796208E+02  1.62E-04           Objective   -2.97409392E+00   -2.97409751E+00  ok

     10 -2.01531958E+02  1.11E-04       406         2    8.79444233E-01    8.79444215E-01  ok
                                        407         3    5.58285148E-01    5.58285018E-01  ok
                                        408         4    9.96102986E-01    9.96102985E-01  ok
                                        409         5    3.56353444E-01    3.56353389E-01  ok
                                        410         6   -9.99337861E-01   -9.99337861E-01  ok
                                        411         7    6.46285761E-01    6.46285725E-01  ok
                                        412         8    2.59363766E-01    2.59363635E-01  ok
                                        413         9    5.73869847E-01    5.73869787E-01  ok
                                        442        38   -6.92876168E-01   -6.92876069E-01  ok
     10 -2.01531958E+02  1.11E-04           Objective    5.48754061E-01    5.48754618E-01  ok

     11  4.41805097E+02  2.43E-04       451         2   -8.79444233E-01   -8.79444270E-01  ok
                                        459        10   -9.76701541E-01   -9.76701552E-01  ok
                                        460        11    2.19348267E-01    2.19347994E-01  ok
                                        461        12   -5.98521781E-01   -5.98521918E-01  ok
                                        462        13   -9.40465092E-01   -9.40465104E-01  ok
                                        463        14   -2.66295612E-01   -2.66295962E-01  ok
                                        464        15   -5.94881104E-01   -5.94881190E-01  ok
                                        465        16   -8.80124952E-01   -8.80125035E-01  ok
                                        488        39    9.54224140E-01    9.54224163E-01  ok
     11  4.41805097E+02  2.43E-04           Objective   -7.79031117E-02   -7.79019471E-02  ok

     12 -3.81853258E+01  2.15E-05       497         3   -5.58285148E-01   -5.58285172E-01  ok
                                        504        10    9.76701541E-01    9.76701545E-01  ok
                                        511        17    8.80834005E-01    8.80834005E-01  ok
                                        512        18    2.46672897E-01    2.46672880E-01  ok
                                        513        19   -8.97154630E-01   -8.97154633E-01  ok
                                        514        20    6.88193693E-01    6.88193680E-01  ok
                                        515        21   -9.66020891E-02   -9.66021089E-02  ok
                                        516        22    5.87785252E-01    5.87785232E-01  ok
                                        534        40   -7.56458287E-01   -7.56458196E-01  ok
     12 -3.81853258E+01  2.15E-05           Objective    2.51722236E-03   -1.03684729E+04  bad?

     13  5.34747213E+02  2.93E-04       543         4   -9.96102986E-01   -9.96102988E-01  ok
                                        550        11   -2.19348267E-01   -2.19348596E-01  ok
                                        556        17   -8.80834005E-01   -8.80834055E-01  ok
                                        562        23   -4.45589461E-01   -4.45589583E-01  ok
                                        563        24   -9.98858702E-01   -9.98858703E-01  ok
                                        564        25   -2.39682952E-01   -2.39683137E-01  ok
                                        565        26   -8.94231516E-01   -8.94231557E-01  ok
                                        566        27   -5.57648473E-01   -5.57648620E-01  ok
                                        580        41    8.89350051E-01    8.89350103E-01  ok
     13  5.34747213E+02  2.93E-04           Objective   -7.33688043E-01   -7.33687391E-01  ok

     14  1.03811526E+02  5.74E-05       589         5   -3.56353444E-01   -3.56353471E-01  ok
                                        596        12    5.98521781E-01    5.98521749E-01  ok
                                        602        18   -2.46672897E-01   -2.46672943E-01  ok
                                        607        23    4.45589461E-01    4.45589437E-01  ok
                                        612        28   -6.30781830E-01   -6.30781846E-01  ok
                                        613        29    8.71177271E-01    8.71177248E-01  ok
                                        614        30   -1.68862361E-01   -1.68862385E-01  ok
                                        615        31    1.60672482E-01    1.60672389E-01  ok
                                        626        42    1.73040650E-01    1.73040698E-01  ok
     14  1.03811526E+02  5.74E-05           Objective   -7.26070954E+00   -7.26072051E+00  ok

     15 -5.57540205E+02  3.06E-04       635         6    9.99337861E-01    9.99337861E-01  ok
                                        642        13    9.40465092E-01    9.40465075E-01  ok
                                        648        19    8.97154630E-01    8.97154579E-01  ok
                                        653        24    9.98858702E-01    9.98858701E-01  ok
                                        657        28    6.30781830E-01    6.30781742E-01  ok
                                        661        32    8.05824871E-01    8.05824824E-01  ok
                                        662        33    7.78853891E-01    7.78853789E-01  ok
                                        663        34    8.07949746E-01    8.07949686E-01  ok
                                        672        43   -9.28663632E-01   -9.28663597E-01  ok
     15 -5.57540205E+02  3.06E-04           Objective    3.63675382E-01    3.63675759E-01  ok

     16  3.56102184E+02  1.96E-04       681         7   -6.46285761E-01   -6.46285827E-01  ok
                                        688        14    2.66295612E-01    2.66295329E-01  ok
                                        694        20   -6.88193693E-01   -6.88193783E-01  ok
                                        699        25    2.39682952E-01    2.39682829E-01  ok
                                        703        29   -8.71177271E-01   -8.71177353E-01  ok
                                        706        32   -8.05824871E-01   -8.05824900E-01  ok
                                        709        35   -4.00540305E-01   -4.00540378E-01  ok
                                        710        36   -7.98444966E-01   -7.98445105E-01  ok
                                        718        44    6.21654787E-01    6.21654892E-01  ok
     16  3.56102184E+02  1.96E-04           Objective   -2.56930590E+00   -2.56930357E+00  ok

     17 -9.88533904E+01  5.47E-05       727         8   -2.59363766E-01   -2.59363830E-01  ok
                                        734        15    5.94881104E-01    5.94881081E-01  ok
                                        740        21    9.66020891E-02    9.66020459E-02  ok
                                        745        26    8.94231516E-01    8.94231507E-01  ok
                                        749        30    1.68862361E-01    1.68862340E-01  ok
                                        752        33   -7.78853891E-01   -7.78853907E-01  ok
                                        754        35    4.00540305E-01    4.00540281E-01  ok
                                        756        37    2.72185586E-01    2.72185557E-01  ok
                                        764        45   -1.64683388E-01   -1.64683342E-01  ok
     17 -9.88533904E+01  5.47E-05           Objective    7.46352832E-02    7.46353623E-02  ok

     18  1.52009534E+02  8.38E-05       773         9   -5.73869847E-01   -5.73869892E-01  ok
                                        780        16    8.80124952E-01    8.80124924E-01  ok
                                        786        22   -5.87785252E-01   -5.87785337E-01  ok
                                        791        27    5.57648473E-01    5.57648431E-01  ok
                                        795        31   -1.60672482E-01   -1.60672618E-01  ok
                                        798        34   -8.07949746E-01   -8.07949766E-01  ok
                                        800        36    7.98444966E-01    7.98444906E-01  ok
                                        801        37   -2.72185586E-01   -2.72185630E-01  ok
                                        810        46    4.58301611E-01    4.58301711E-01  ok
     18  1.52009534E+02  8.38E-05           Objective    9.65202465E+00    9.65200324E+00  ok

    810  Jacobian elements in cols      1  thru    18  seem to be OK.

 -->  The largest relative error was    2.85E-07   in row    29,  column     5


 XXX  There seem to be     2  incorrect objective gradients in cols     1  thru    18

 -->  The largest relative error was    1.03E+04   in column    12

1

 SNOPTA EXIT  50 -- error in the user-supplied functions
 SNOPTA INFO  51 -- incorrect objective  derivatives

 Problem name                 opt prob
 No. of iterations                   0   Objective           -2.7171051531E+03
 No. of major iterations             0   Linear    obj. term  0.0000000000E+00
 Penalty parameter           0.000E+00   Nonlinear obj. term -2.7171051531E+03
 User function calls (total)        20
 No. of degenerate steps             0   Percentage                       0.00
 Max x                       8 5.9E+02   Max pi                      1 0.0E+00
 Max Primal infeas          59 1.3E+00   Max Dual infeas            18 9.7E+00
 Nonlinear constraint violn    1.3E+00
1

 Name           opt prob                 Objective Value     -2.7171051531E+03

 Status         Optimal Soln             Iteration      0    Superbasics     0

 Objective               (Min)
 RHS
 Ranges
 Bounds

 Section 1 - Constraints

  Number  ...Row.. State  ...Value......  Slack Value...  ..Lower Limit.  ..Upper Limit.  .Dual Variable    ..i

      19  r      1    BS          .               .                None            None          1.0          1
      20  r      2    BS      -478.72683      -478.72683           None           .               .           2
      21  r      3    BS       -39.78638       -39.78638           None           .               .           3
      22  r      4    BS      -486.35969      -486.35969           None           .               .           4
      23  r      5    BS      -604.05571      -604.05571           None           .               .           5
      24  r      6    BS      -103.44413      -103.44413           None           .               .           6
      25  r      7    BS      -610.02907      -610.02907           None           .               .           7
      26  r      8    BS      -143.08632      -143.08632           None           .               .           8
      27  r      9    BS      -363.26563      -363.26563           None           .               .           9
      28  r     10    BS      -238.64022      -238.64022           None           .               .          10
      29  r     11    BS      -170.91940      -170.91940           None           .               .          11
      30  r     12    BS      -311.91390      -311.91390           None           .               .          12
      31  r     13    BS      -809.80754      -809.80754           None           .               .          13
      32  r     14    BS       -69.03374       -69.03374           None           .               .          14
      33  r     15    BS      -656.05134      -656.05134           None           .               .          15
      34  r     16    BS       -76.46639       -76.46639           None           .               .          16
      35  r     17    BS      -397.64326      -397.64326           None           .               .          17
      36  r     18    BS      -322.84837      -322.84837           None           .               .          18
      37  r     19    BS      -326.09115      -326.09115           None           .               .          19
      38  r     20    BS      -320.13101      -320.13101           None           .               .          20
      39  r     21    BS      -375.22021      -375.22021           None           .               .          21
      40  r     22    BS       -70.77882       -70.77882           None           .               .          22
      41  r     23    BS      -714.31373      -714.31373           None           .               .          23
      42  r     24    BS      -840.73547      -840.73547           None           .               .          24
      43  r     25    BS      -492.53890      -492.53890           None           .               .          25
      44  r     26    BS      -455.74202      -455.74202           None           .               .          26
      45  r     27    BS      -433.54220      -433.54220           None           .               .          27
      46  r     28    BS      -795.66351      -795.66351           None           .               .          28
      47  r     29    BS       -36.79738       -36.79738           None           .               .          29
      48  r     30    BS      -947.37815      -947.37815           None           .               .          30
      49  r     31    BS       -47.17674       -47.17674           None           .               .          31
      50  r     32    BS      -880.99770      -880.99770           None           .               .          32
      51  r     33    BS      -336.12537      -336.12537           None           .               .          33
      52  r     34    BS      -625.41024      -625.41024           None           .               .          34
      53  r     35    BS      -883.05467      -883.05467           None           .               .          35
      54  r     36    BS        -2.81267        -2.81267           None           .               .          36
      55  r     37    BS      -668.86131      -668.86131           None           .               .          37
      56  r     38    BS      -309.13712      -309.13712           None           .               .          38
      57  r     39    BS      -137.00071      -137.00071           None           .               .          39
      58  r     40    BS      -549.52091      -549.52091           None           .               .          40
      59  r     41 I  BS         1.27867         1.27867           None           .               .          41
      60  r     42    BS        -0.07434        -0.07434           None           .               .          42
      61  r     43 I  BS         0.36830         0.36830           None           .               .          43
      62  r     44    BS       -27.17053       -27.17053           None           .               .          44
      63  r     45 I  BS         0.26328         0.26328           None           .               .          45
      64  r     46    BS      -268.31988      -268.31988           None           .               .          46
1

 Section 2 - Variables

  Number  .Column. State  ...Value......  .Obj Gradient.  ..Lower Limit.  ..Upper Limit.  .Dual Variable    m+j

       1  x      1 N  FR       209.72860         0.28569      -600.00000       600.00000         0.28569     47
       2  x      2 N  FR      -138.47959        -0.45977      -600.00000       600.00000        -0.45977     48
       3  x      3 N  FR       -33.01544        -0.44507      -600.00000       600.00000        -0.44507     49
       4  x      4 N  FR       274.92081        -0.26369      -600.00000       600.00000        -0.26369     50
       5  x      5 N  FR      -590.87559         3.45225      -600.00000       600.00000         3.45225     51
       6  x      6 N  FR       222.69040        -0.06035      -600.00000       600.00000        -0.06035     52
       7  x      7 N  FR      -448.69237         0.73534      -600.00000       600.00000         0.73534     53
       8  x      8 N  FR       592.06757        -0.27031      -600.00000       600.00000        -0.27031     54
       9  x      9 N  FR      -294.79621        -2.97409      -600.00000       600.00000        -2.97409     55
      10  x     10 N  FR      -201.53196         0.54875      -600.00000       600.00000         0.54875     56
      11  x     11 N  FR       441.80510        -0.07790      -600.00000       600.00000        -0.07790     57
      12  x     12 N  FR       -38.18533         0.00252      -600.00000       600.00000         0.00252     58
      13  x     13 N  FR       534.74721        -0.73369      -600.00000       600.00000        -0.73369     59
      14  x     14 N  FR       103.81153        -7.26071      -600.00000       600.00000        -7.26071     60
      15  x     15 N  FR      -557.54020         0.36368      -600.00000       600.00000         0.36368     61
      16  x     16 N  FR       356.10218        -2.56931      -600.00000       600.00000        -2.56931     62
      17  x     17 N  FR       -98.85339         0.07464      -600.00000       600.00000         0.07464     63
      18  x     18 N  FR       152.00953         9.65202      -600.00000       600.00000         9.65202     64

 Time for MPS input                             0.00 seconds
 Time for solving problem                       2.09 seconds
 Time for solution output                       0.00 seconds
 Time for constraint functions                  2.09 seconds
 Time for objective function                    0.00 seconds
