
 ==============================
 S N O P T  7.7.3    (Dec 2019)
 ==============================
 opt-files/9turb-circle-600r/snopt-wec/010dirs/053-wec3.0-print.out
 XXX  Keyword not recognized:         OPT-FILES/9TURB-
 opt-files/9turb-circle-600r/snopt-wec/010dirs/053-wec3.0-summary.out
 XXX  Keyword not recognized:         OPT-FILES/9TURB-

 SNMEMA EXIT 100 -- finished successfully
 SNMEMA INFO 104 -- memory requirements estimated



 Nonlinear constraints      45     Linear constraints       1
 Nonlinear variables        18     Linear variables         0
 Jacobian  variables        18     Objective variables     18
 Total constraints          46     Total variables         18



 The user has defined     828   out of     828   first  derivatives


 Major Minors     Step   nCon Feasible  Optimal  MeritFunction     nS Penalty
     0     16               1  4.7E-02  1.0E+00 -1.8424787E+03     13           r
     1      2  7.6E-02      2  4.3E-02  1.1E+00 -9.2911479E+02     14 4.0E+00   rl
     2      1  8.1E-02      4  3.9E-02  1.1E+00 -1.0374592E+03     14 4.0E+00   rl
     3     16  1.0E+00      5 (0.0E+00) 5.6E-01 -1.8579930E+03     13 4.0E+00 s
     4      6  3.0E-01      8 (0.0E+00) 4.2E-01 -2.0363818E+03     10 4.0E+00  m
     5      9  1.7E-01     13 (0.0E+00) 5.7E-01 -2.0957152E+03     11 4.0E+00
     6      8  8.2E-02     16 (0.0E+00) 1.0E+00 -2.0968938E+03     10 4.0E+00
     7     11  4.9E-01     18 (0.0E+00) 5.3E-01 -2.1951672E+03     12 4.0E+00
     8      4  1.0E+00     19  9.3E-03  3.8E-01 -2.2590732E+03     13 4.0E+00
     9      4  3.8E-01     23  5.7E-03  5.9E-01 -2.2680785E+03     12 4.0E+00

 Major Minors     Step   nCon Feasible  Optimal  MeritFunction     nS Penalty
    10      6  1.0E+00     24  1.4E-03  5.5E-01 -2.2938508E+03     11 4.0E+00
    11      6  2.0E-01     28  1.6E-03  9.7E-01 -2.3154179E+03     10 4.0E+00  m
    12     23  7.3E-02     31  1.7E-03  6.1E-01 -2.3255543E+03     12 4.0E+00
    13      6  3.6E-02     41  1.6E-03  6.3E-01 -2.3288097E+03     11 4.0E+00
    14      9  2.1E-01     43  1.4E-03  4.3E-01 -2.3294124E+03     13 4.0E+00
    15      6  7.0E-02     45  1.3E-03  4.0E-01 -2.3304220E+03     12 4.0E+00
    16      4  5.3E-01     47  2.2E-03  4.4E-01 -2.3409665E+03     13 4.0E+00
    17      3  3.1E-01     49  1.5E-03  6.3E-01 -2.3521645E+03     11 4.0E+00
    18      3  6.8E-02     57  1.4E-03  4.5E-01 -2.3538567E+03     13 4.0E+00
    19      6  4.2E-03     67  1.4E-03  5.7E-01 -2.3539377E+03     10 4.0E+00

 Major Minors     Step   nCon Feasible  Optimal  MeritFunction     nS Penalty
    20      2  1.5E-04     78  1.4E-03  5.9E-01 -2.3539502E+03     11 4.0E+00  m
    21      1  1.3E-05     89  1.4E-03  5.9E-01 -2.3539514E+03     11 4.0E+00
    22      6  2.7E-06     99  1.4E-03  4.7E-01 -2.3539516E+03     14 4.0E+00   R
    23      6  1.0E+00    100  3.5E-06  6.0E-01 -2.3556784E+03     13 4.0E+00 s
    24      5  8.0E-02    103  9.6E-05  3.6E-01 -2.3606089E+03     13 4.0E+00
    25      1  2.0E-01    106  2.9E-04  4.5E-01 -2.3640990E+03     13 4.0E+00
    26      3  2.1E-01    116  1.0E-03  7.9E-01 -2.3706913E+03     11 4.0E+00
    27      1  1.2E-04    127  1.0E-03  7.9E-01 -2.3707013E+03     11 4.0E+00
    28      3  1.2E-05    137  1.0E-03  3.2E-01 -2.3707024E+03     13 4.0E+00
    29      2  1.4E-07    147  1.0E-03  3.6E-01 -2.3707024E+03     12 4.0E+00

 Major Minors     Step   nCon Feasible  Optimal  MeritFunction     nS Penalty
    30      1  2.3E-08    157  1.0E-03  4.2E-01 -2.3707024E+03     12 4.0E+00
    31      1  1.4E-08    167  1.0E-03  5.3E-01 -2.3707024E+03     12 4.0E+00
    32      1  1.1E-09    177  1.0E-03  6.2E-01 -2.3707024E+03     12 4.0E+00
    33      2  1.4E-10    187  1.0E-03  6.7E-01 -2.3707024E+03     11 4.0E+00
    34      1  7.1E-11    197  1.0E-03  7.0E-01 -2.3707024E+03     11 4.0E+00
    35      3  8.1E-12    207  1.0E-03  5.0E-01 -2.3707024E+03     11 4.0E+00
    36      1  4.2E-13    216  1.0E-03  5.3E-01 -2.3707024E+03     11 4.0E+00
    36      8             223  1.0E-03  4.2E-01 -2.3707066E+03     14           R
    36     14             229  1.0E-03  4.4E-01 -2.3707066E+03      3           r
    37     15  4.7E-04    239  1.0E-03  5.5E-01 -2.3708334E+03     12         s
    38      5  5.8E-04    249  1.0E-03  5.5E-01 -2.3709068E+03      8
    39      8  7.9E-06    259  1.0E-03  3.9E-01 -2.3709084E+03      8

 Major Minors     Step   nCon Feasible  Optimal  MeritFunction     nS Penalty
    40      7  1.6E-06    269  1.0E-03  3.9E-01 -2.3709087E+03     12
    41      2  4.0E-06    279  1.0E-03  4.4E-01 -2.3709090E+03     12
    42      3  3.8E-06    289  1.0E-03  4.7E-01 -2.3709093E+03     12
    43      2  1.3E-07    299  1.0E-03  4.7E-01 -2.3709093E+03     12
    44      2  4.1E-08    309  1.0E-03  5.0E-01 -2.3709093E+03     11
    45      2  9.8E-09    319  1.0E-03  5.5E-01 -2.3709093E+03     11
    46      3  3.2E-09    329  1.0E-03  5.4E-01 -2.3709093E+03      9
    47     11  7.5E-03    336  1.0E-03  3.2E-01 -2.3716465E+03     10
    48      2  1.2E-01    338  1.7E-03  5.2E-01 -2.3735771E+03      9
    49     13  8.7E-02    340  2.8E-03  6.6E-01 -2.3854813E+03     10

 Major Minors     Step   nCon Feasible  Optimal  MeritFunction     nS Penalty
    50      7  1.0E-01    342  3.1E-03  6.6E-01 -2.3906383E+03     13
    51      3  3.6E-01    344  2.3E-03  4.3E-01 -2.3942780E+03     12
    52      1  1.7E-01    355  2.2E-03  5.5E-01 -2.4181219E+03     12          M
    53      1  3.1E-03    366  2.2E-03  5.2E-01 -2.4182213E+03     12          M
    54      1  3.3E-05    376  2.2E-03  7.4E-01 -2.4182224E+03     12
    55      2  1.9E-06    386  2.2E-03  8.5E-01 -2.4182225E+03     11
    56      1  7.5E-08    396  2.2E-03  9.1E-01 -2.4182225E+03     11
    57      2  1.7E-08    406  2.2E-03  7.4E-01 -2.4182225E+03     10
    58      1  1.3E-09    416  2.2E-03  7.2E-01 -2.4182225E+03     10
    59      3  6.2E-11    426  2.2E-03  7.7E-01 -2.4182225E+03     10

 Major Minors     Step   nCon Feasible  Optimal  MeritFunction     nS Penalty
    60      1  1.8E-11    436  2.2E-03  7.2E-01 -2.4182225E+03     10
    61      1  7.5E-13    446  2.2E-03  7.4E-01 -2.4182225E+03     10
    61     12             452  2.2E-03  7.3E-01 -2.4182225E+03     14           R
    61     15             457  2.2E-03  9.9E-01 -2.4182225E+03                  r
    62     16  2.5E-14    465  2.2E-03  8.3E-01 -2.4182225E+03     10         s  d
    62      3             471  2.2E-03  9.1E-01 -2.4182225E+03     10         s R
    62      2             477  2.2E-03  9.2E-01 -2.4182225E+03     11         s r

 SNOPTA EXIT  40 -- terminated after numerical difficulties
 SNOPTA INFO  41 -- current point cannot be improved

 Problem name                 opt prob
 No. of iterations                 358   Objective           -2.4181245979E+03
 No. of major iterations            62   Linear    obj. term  0.0000000000E+00
 No. of infeasibilities              3   Sum of infeas        1.9102437368E+00
 Penalty parameter           0.000E+00   Nonlinear obj. term -2.4181245979E+03
 User function calls (total)       501
 No. of superbasics                 11   No. of basic nonlinears             8
 No. of degenerate steps             0   Percentage                       0.00
 Max x                       8 5.9E+02   Max pi                     35 1.7E+00
 Max Primal infeas          59 1.3E+00   Max Dual infeas            54 1.7E+00
 Nonlinear constraint violn    1.3E+00



 Solution printed on file  18

 Time for MPS input                             0.00 seconds
 Time for solving problem                      51.72 seconds
 Time for solution output                       0.02 seconds
 Time for constraint functions                 51.69 seconds
 Time for objective function                    0.00 seconds
