
         ==============================
         S N O P T  7.7.3    (Dec 2019)
         ==============================
      opt-files/9turb-circle-600r/snopt-wec/010dirs/054-wec2.2-print.out
 XXX  Keyword not recognized:         OPT-FILES/9TURB-
      Derivative option               1
      Verify level               3
      opt-files/9turb-circle-600r/snopt-wec/010dirs/054-wec2.2-summary.out
 XXX  Keyword not recognized:         OPT-FILES/9TURB-
      Major optimality tolerance  5.00000000E-05
      Major iteration limit         1000000
1

 SNMEMA EXIT 100 -- finished successfully
 SNMEMA INFO 104 -- memory requirements estimated
      Total character workspace             500
      Total integer   workspace           35042
      Total real      workspace           23255
1

 Parameters
 ==========

 Files
 -----
 Solution file..........         0       Old basis file ........         0       Standard input.........         5
 Insert file............         0       New basis file ........         0       (Printer)..............        18
 Punch file.............         0       Backup basis file......         0       (Specs file)...........         0
 Load file..............         0       Dump file..............         0       Standard output........         6

 Frequencies
 -----------
 Print frequency........       100       Check frequency........        60       Save new basis map.....       100
 Summary frequency......       100       Factorization frequency        50       Expand frequency.......     10000

 QP subproblems
 --------------
 QPsolver Cholesky......
 Scale tolerance........     0.900       Minor feasibility tol..  1.00E-06       Iteration limit........     10000
 Scale option...........         0       Minor optimality  tol..  1.00E-06       Minor print level......         1
 Crash tolerance........     0.100       Pivot tolerance........  3.25E-11       New superbasics........        99
 Crash option...........         3       Elastic weight.........  1.00E+05

 Partial pricing
 ---------------
 LP Partial price.......         1       Prtl price section ( A)        18       Prtl price section (-I)        46
 QP Partial price.......         1       Prtl price section ( A)        18       Prtl price section (-I)        46

 The SQP Method
 --------------
 Minimize...............                 Cold start.............                 Proximal Point method..         1
 Nonlinear objectiv vars        18       Objective Row..........         1       Function precision.....  3.00E-13
 Unbounded step size....  1.00E+20       Superbasics limit......        18       Difference interval....  5.48E-07
 Unbounded objective....  1.00E+10       Reduced Hessian dim....        18       Central difference int.  6.70E-05
 Major step limit.......  2.00E+00       Derivative linesearch..                 Derivative option......         1
 Major iterations limit.   1000000       Linesearch tolerance...   0.90000       Verify level...........         3
 Minor iterations limit.       500       Penalty parameter......  0.00E+00       Major Print Level......         1
 Time limit (secs)...... 9999999.0       Major optimality tol...  5.00E-05

 Hessian Approximation
 ---------------------
 Hessian full-memory....                 Hessian updates........  99999999       Hessian frequency......  99999999
                                                                                 Hessian flush..........  99999999

 Nonlinear constraints
 ---------------------
 Nonlinear constraints..        45       Major feasibility tol..  1.00E-06       Violation limit........  1.00E+01
 Nonlinear Jacobian vars        18

 Miscellaneous
 -------------
 LU factor tolerance....      3.99       LU singularity tol.....  3.25E-11       Timing level...........         3
 LU update tolerance....      3.99       LU swap tolerance......  1.22E-04       Debug level............         0
 LU partial  pivoting...                 eps (machine precision)  2.22E-16       System information.....        No
                                                                                 Sticky parameters......        No
1




 Matrix statistics
 -----------------
               Total      Normal        Free       Fixed     Bounded
 Rows             46          45           1           0           0
 Columns          18           0           0           0          18

 No. of matrix elements                  810     Density      97.826
 Biggest  constant element        0.0000E+00  (excluding fixed columns,
 Smallest constant element        0.0000E+00   free rows, and RHS)

 No. of objective coefficients             0

 Nonlinear constraints      45     Linear constraints       1
 Nonlinear variables        18     Linear variables         0
 Jacobian  variables        18     Objective variables     18
 Total constraints          46     Total variables         18
1



 The user has defined     828   out of     828   first  derivatives

 Verification of user-supplied problem derivatives.

 The constraint gradients seem to be OK.

 -->  The largest discrepancy was    7.38E-08  in constraint    46


 The objective  gradients seem to be OK.

 Gradient projected in one direction   1.57667340762E-01
 Difference approximation              2.34185049921E-01


 Column       x(j)        dx(j)    Element no.    Row        Derivative    Difference approxn

      1 -3.61748804E+02  1.99E-04         1         2    3.70363254E-01    3.70363181E-01  ok
                                          2         3    9.99225136E-01    9.99225135E-01  ok
                                          3         4    9.92576495E-01    9.92576493E-01  ok
                                          4         5    9.31585723E-01    9.31585711E-01  ok
                                          5         6    7.96976124E-01    7.96976093E-01  ok
                                          6         7    9.06915310E-01    9.06915240E-01  ok
                                          7         8   -4.56228009E-01   -4.56228160E-01  ok
                                          8         9   -5.96346036E-02   -5.96347121E-02  ok
                                         37        38   -6.02914674E-01   -6.02914568E-01  ok
      1 -3.61748804E+02  1.99E-04           Objective    1.96110563E+00    1.95871819E+00  bad?

      2  6.68513015E+01  3.72E-05        46         2   -3.70363254E-01   -3.70363269E-01  ok
                                         54        10    7.68183527E-02    7.68183359E-02  ok
                                         55        11    3.64368252E-01    3.64368235E-01  ok
                                         56        12    5.97030885E-01    5.97030875E-01  ok
                                         57        13    7.93338506E-01    7.93338497E-01  ok
                                         58        14   -1.66366018E-01   -1.66366033E-01  ok
                                         59        15   -7.37455538E-01   -7.37455546E-01  ok
                                         60        16   -9.46875430E-01   -9.46875432E-01  ok
                                         83        39    1.11418835E-01    1.11418866E-01  ok
      2  6.68513015E+01  3.72E-05           Objective    6.45313843E-03    6.45315227E-03  ok

      3  1.48124362E+02  8.17E-05        92         3   -9.99225136E-01   -9.99225136E-01  ok
                                         99        10   -7.68183527E-02   -7.68183904E-02  ok
                                        106        17    9.66964922E-01    9.66964914E-01  ok
                                        107        18    7.82884985E-01    7.82884957E-01  ok
                                        108        19    5.18248785E-01    5.18248748E-01  ok
                                        109        20   -9.11532920E-01   -9.11532943E-01  ok
                                        110        21   -8.59758998E-01   -8.59759009E-01  ok
                                        111        22   -5.35127364E-01   -5.35127393E-01  ok
                                        129        40    3.07357882E-01    3.07357959E-01  ok
      3  1.48124362E+02  8.17E-05           Objective   -1.66396166E-01   -1.66395944E-01  ok

      4  4.48591863E+02  2.46E-04       138         4   -9.92576495E-01   -9.92576498E-01  ok
                                        145        11   -3.64368252E-01   -3.64368354E-01  ok
                                        151        17   -9.66964922E-01   -9.66964948E-01  ok
                                        157        23    4.61864397E-01    4.61864082E-01  ok
                                        158        24    1.80935391E-01    1.80935195E-01  ok
                                        159        25   -9.42625319E-01   -9.42625341E-01  ok
                                        160        26   -9.44382066E-01   -9.44382079E-01  ok
                                        161        27   -7.29162545E-01   -7.29162594E-01  ok
                                        175        41    7.63542911E-01    7.63542999E-01  ok
      4  4.48591863E+02  2.46E-04           Objective    3.19465072E-02    3.19477997E-02  ok

      5  5.90353857E+02  3.24E-04       184         5   -9.31585723E-01   -9.31585744E-01  ok
                                        191        12   -5.97030885E-01   -5.97031003E-01  ok
                                        197        18   -7.82884985E-01   -7.82885096E-01  ok
                                        202        23   -4.61864397E-01   -4.61864812E-01  ok
                                        207        28   -9.67710164E-02   -9.67715062E-02  ok
                                        208        29   -8.34097126E-01   -8.34097183E-01  ok
                                        209        30   -9.96971243E-01   -9.96971244E-01  ok
                                        210        31   -8.81422236E-01   -8.81422267E-01  ok
                                        221        42    9.83923095E-01    9.83923104E-01  ok
      5  5.90353857E+02  3.24E-04           Objective   -2.02161168E-01   -2.02159569E-01  ok

      6  5.58655189E+02  3.07E-04       230         6   -7.96976124E-01   -7.96976172E-01  ok
                                        237        13   -7.93338506E-01   -7.93338598E-01  ok
                                        243        19   -5.18248785E-01   -5.18248926E-01  ok
                                        248        24   -1.80935391E-01   -1.80935635E-01  ok
                                        252        28    9.67710164E-02    9.67705528E-02  ok
                                        256        32   -6.51845406E-01   -6.51845489E-01  ok
                                        257        33   -9.80338042E-01   -9.80338046E-01  ok
                                        258        34   -9.76879692E-01   -9.76879698E-01  ok
                                        267        43    9.31091982E-01    9.31092016E-01  ok
      6  5.58655189E+02  3.07E-04           Objective   -7.12553959E-01   -7.12553009E-01  ok

      7 -1.32480614E+02  7.31E-05       276         7   -9.06915310E-01   -9.06915335E-01  ok
                                        283        14    1.66366018E-01    1.66365988E-01  ok
                                        289        20    9.11532920E-01    9.11532900E-01  ok
                                        294        25    9.42625319E-01    9.42625315E-01  ok
                                        298        29    8.34097126E-01    8.34097114E-01  ok
                                        301        32    6.51845406E-01    6.51845387E-01  ok
                                        304        35   -6.33453773E-01   -6.33453803E-01  ok
                                        305        36   -2.68588014E-01   -2.68588047E-01  ok
                                        313        44   -2.20801023E-01   -2.20800966E-01  ok
      7 -1.32480614E+02  7.31E-05           Objective   -1.45192837E+00    1.03045269E+01  bad?

      8 -5.99829267E+02  3.29E-04       322         8    4.56228009E-01    4.56227759E-01  ok
                                        329        15    7.37455538E-01    7.37455455E-01  ok
                                        335        21    8.59758998E-01    8.59758949E-01  ok
                                        340        26    9.44382066E-01    9.44382050E-01  ok
                                        344        30    9.96971243E-01    9.96971243E-01  ok
                                        347        33    9.80338042E-01    9.80338037E-01  ok
                                        349        35    6.33453773E-01    6.33453640E-01  ok
                                        351        37    3.80396622E-01    3.80396331E-01  ok
                                        359        45   -9.99715445E-01   -9.99715446E-01  ok
      8 -5.99829267E+02  3.29E-04           Objective    2.00133650E-01    2.00133596E-01  ok

      9 -4.16166423E+02  2.28E-04       368         9    5.96346036E-02    5.96344780E-02  ok
                                        375        16    9.46875430E-01    9.46875407E-01  ok
                                        381        22    5.35127364E-01    5.35127285E-01  ok
                                        386        27    7.29162545E-01    7.29162501E-01  ok
                                        390        31    8.81422236E-01    8.81422214E-01  ok
                                        393        34    9.76879692E-01    9.76879687E-01  ok
                                        395        36    2.68588014E-01    2.68587913E-01  ok
                                        396        37   -3.80396622E-01   -3.80396825E-01  ok
                                        405        46   -6.93610682E-01   -6.93610583E-01  ok
      9 -4.16166423E+02  2.28E-04           Objective    3.33400740E-01    3.33400511E-01  ok

     10  4.78683405E+02  2.63E-04       406         2   -9.28887001E-01   -9.28887016E-01  ok
                                        407         3   -3.93589588E-02   -3.93592159E-02  ok
                                        408         4   -1.21621958E-01   -1.21622118E-01  ok
                                        409         5   -3.63521719E-01   -3.63521831E-01  ok
                                        410         6   -6.04010809E-01   -6.04010882E-01  ok
                                        411         7    4.21312973E-01    4.21312546E-01  ok
                                        412         8   -8.89862913E-01   -8.89862965E-01  ok
                                        413         9   -9.98220273E-01   -9.98220274E-01  ok
                                        442        38    7.97805676E-01    7.97805756E-01  ok
     10  4.78683405E+02  2.63E-04           Objective   -4.93845259E+00   -4.94082943E+00  ok

     11 -5.96264128E+02  3.27E-04       451         2    9.28887001E-01    9.28886981E-01  ok
                                        459        10    9.97045105E-01    9.97045104E-01  ok
                                        460        11    9.31254947E-01    9.31254927E-01  ok
                                        461        12    8.02218251E-01    8.02218184E-01  ok
                                        462        13    6.08780761E-01    6.08780594E-01  ok
                                        463        14    9.86064069E-01    9.86064066E-01  ok
                                        464        15    6.75395684E-01    6.75395586E-01  ok
                                        465        16    3.21600559E-01    3.21600271E-01  ok
                                        488        39   -9.93773537E-01   -9.93773534E-01  ok
     11 -5.96264128E+02  3.27E-04           Objective    2.40704341E-01    2.40704984E-01  ok

     12  4.58599766E+02  2.52E-04       497         3    3.93589588E-02    3.93587125E-02  ok
                                        504        10   -9.97045105E-01   -9.97045106E-01  ok
                                        511        17   -2.54909472E-01   -2.54909850E-01  ok
                                        512        18   -6.22166457E-01   -6.22166594E-01  ok
                                        513        19   -8.55229909E-01   -8.55229951E-01  ok
                                        514        20    4.11227110E-01    4.11226770E-01  ok
                                        515        21   -5.10699977E-01   -5.10700083E-01  ok
                                        516        22   -8.44771392E-01   -8.44771427E-01  ok
                                        534        40    9.51593995E-01    9.51594020E-01  ok
     12  4.58599766E+02  2.52E-04           Objective   -5.31148827E-01   -5.31146163E-01  ok

     13  3.79391090E+02  2.08E-04       543         4    1.21621958E-01    1.21621832E-01  ok
                                        550        11   -9.31254947E-01   -9.31254960E-01  ok
                                        556        17    2.54909472E-01    2.54909159E-01  ok
                                        562        23   -8.86950550E-01   -8.86950623E-01  ok
                                        563        24   -9.83494984E-01   -9.83494990E-01  ok
                                        564        25    3.33852523E-01    3.33852374E-01  ok
                                        565        26   -3.28850289E-01   -3.28850373E-01  ok
                                        566        27   -6.84340546E-01   -6.84340592E-01  ok
                                        580        41    6.45757093E-01    6.45757196E-01  ok
     13  3.79391090E+02  2.08E-04           Objective    2.65423595E-01    2.65425391E-01  ok

     14  1.07155603E+02  5.92E-05       589         5    3.63521719E-01    3.63521695E-01  ok
                                        596        12   -8.02218251E-01   -8.02218262E-01  ok
                                        602        18    6.22166457E-01    6.22166426E-01  ok
                                        607        23    8.86950550E-01    8.86950529E-01  ok
                                        612        28   -9.95306672E-01   -9.95306673E-01  ok
                                        613        29    5.51617608E-01    5.51617583E-01  ok
                                        614        30   -7.77710724E-02   -7.77710988E-02  ok
                                        615        31   -4.72329167E-01   -4.72329187E-01  ok
                                        626        42    1.78592672E-01    1.78592720E-01  ok
     14  1.07155603E+02  5.92E-05           Objective   -2.49625514E-01   -2.49625295E-01  ok

     15 -2.18870692E+02  1.20E-04       635         6    6.04010809E-01    6.04010776E-01  ok
                                        642        13   -6.08780761E-01   -6.08780821E-01  ok
                                        648        19    8.55229909E-01    8.55229889E-01  ok
                                        653        24    9.83494984E-01    9.83494981E-01  ok
                                        657        28    9.95306672E-01    9.95306670E-01  ok
                                        661        32    7.58351875E-01    7.58351852E-01  ok
                                        662        33    1.97325426E-01    1.97325377E-01  ok
                                        663        34   -2.13789774E-01   -2.13789831E-01  ok
                                        672        43   -3.64784487E-01   -3.64784400E-01  ok
     15 -2.18870692E+02  1.20E-04           Objective    3.44418250E-01    3.44418465E-01  ok

     16  5.85191325E+02  3.21E-04       681         7   -4.21312973E-01   -4.21313495E-01  ok
                                        688        14   -9.86064069E-01   -9.86064073E-01  ok
                                        694        20   -4.11227110E-01   -4.11227543E-01  ok
                                        699        25   -3.33852523E-01   -3.33852755E-01  ok
                                        703        29   -5.51617608E-01   -5.51617737E-01  ok
                                        706        32   -7.58351875E-01   -7.58351939E-01  ok
                                        709        35   -7.73780536E-01   -7.73780623E-01  ok
                                        710        36   -9.63255147E-01   -9.63255158E-01  ok
                                        718        44    9.75318875E-01    9.75318888E-01  ok
     16  5.85191325E+02  3.21E-04           Objective    4.42221775E+00    1.07147655E+01  bad?

     17  1.43125861E+01  8.39E-06       727         8    8.89862913E-01    8.89862903E-01  ok
                                        734        15   -6.75395684E-01   -6.75395678E-01  ok
                                        740        21    5.10699977E-01    5.10699972E-01  ok
                                        745        26    3.28850289E-01    3.28850287E-01  ok
                                        749        30    7.77710724E-02    7.77710732E-02  ok
                                        752        33   -1.97325426E-01   -1.97325418E-01  ok
                                        754        35    7.73780536E-01    7.73780532E-01  ok
                                        756        37   -9.24823448E-01   -9.24823451E-01  ok
                                        764        45    2.38543101E-02    2.38543113E-02  ok
     17  1.43125861E+01  8.39E-06           Objective    9.43792931E-02    9.43792907E-02  ok

     18 -4.32210056E+02  2.37E-04       773         9    9.98220273E-01    9.98220272E-01  ok
                                        780        16   -3.21600559E-01   -3.21600767E-01  ok
                                        786        22    8.44771392E-01    8.44771359E-01  ok
                                        791        27    6.84340546E-01    6.84340493E-01  ok
                                        795        31    4.72329167E-01    4.72329086E-01  ok
                                        798        34    2.13789774E-01    2.13789660E-01  ok
                                        800        36    9.63255147E-01    9.63255140E-01  ok
                                        801        37    9.24823448E-01    9.24823412E-01  ok
                                        810        46   -7.20350069E-01   -7.20349974E-01  ok
     18 -4.32210056E+02  2.37E-04           Objective    3.52083695E-01    3.52083838E-01  ok

    810  Jacobian elements in cols      1  thru    18  seem to be OK.

 -->  The largest relative error was    4.47E-07   in row    28,  column     5


 XXX  There seem to be     3  incorrect objective gradients in cols     1  thru    18

 -->  The largest relative error was    4.79E+00   in column     7

1

 SNOPTA EXIT  50 -- error in the user-supplied functions
 SNOPTA INFO  51 -- incorrect objective  derivatives

 Problem name                 opt prob
 No. of iterations                   0   Objective           -3.0070616693E+03
 No. of major iterations             0   Linear    obj. term  0.0000000000E+00
 Penalty parameter           0.000E+00   Nonlinear obj. term -3.0070616693E+03
 User function calls (total)        20
 No. of degenerate steps             0   Percentage                       0.00
 Max x                       8 6.0E+02   Max pi                      1 0.0E+00
 Max Primal infeas          64 2.0E-05   Max Dual infeas            10 4.9E+00
 Nonlinear constraint violn    2.0E-05
1

 Name           opt prob                 Objective Value     -3.0070616693E+03

 Status         Optimal Soln             Iteration      0    Superbasics     0

 Objective               (Min)
 RHS
 Ranges
 Bounds

 Section 1 - Constraints

  Number  ...Row.. State  ...Value......  Slack Value...  ..Lower Limit.  ..Upper Limit.  .Dual Variable    ..i

      19  r      1    BS          .               .                None            None          1.0          1
      20  r      2    BS      -904.44252      -904.44252           None           .               .           2
      21  r      3    BS      -257.46855      -257.46855           None           .               .           3
      22  r      4    BS      -563.60123      -563.60123           None           .               .           4
      23  r      5    BS      -769.22367      -769.22367           None           .               .           5
      24  r      6    BS      -902.07022      -902.07022           None           .               .           6
      25  r      7 D  BS        -0.00000        -0.00000           None           .               .           7
      26  r      8    BS      -269.04535      -269.04535           None           .               .           8
      27  r      9    BS      -659.71749      -659.71749           None           .               .           9
      28  r     10    BS      -805.19014      -805.19014           None           .               .          10
      29  r     11    BS      -794.87789      -794.87789           None           .               .          11
      30  r     12    BS      -624.04334      -624.04334           None           .               .          12
      31  r     13    BS      -367.11682      -367.11682           None           .               .          13
      32  r     14    BS      -945.35283      -945.35283           None           .               .          14
      33  r     15    BS      -651.22815      -651.22815           None           .               .          15
      34  r     16    BS      -257.31750      -257.31750           None           .               .          16
      35  r     17    BS       -57.93258       -57.93258           None           .               .          17
      36  r     18    BS      -312.07160      -312.07160           None           .               .          18
      37  r     19    BS      -539.35010      -539.35010           None           .               .          19
      38  r     20    BS       -55.03855       -55.03855           None           .               .          20
      39  r     21    BS      -617.15731      -617.15731           None           .               .          21
      40  r     22    BS      -801.69809      -801.69809           None           .               .          22
      41  r     23    BS       -54.13423       -54.13423           None           .               .          23
      42  r     24    BS      -355.50181      -355.50181           None           .               .          24
      43  r     25    BS      -363.64056      -363.64056           None           .               .          25
      44  r     26    BS      -857.36628      -857.36628           None           .               .          26
      45  r     27    BS      -933.16092      -933.16092           None           .               .          27
      46  r     28    BS       -74.76366       -74.76366           None           .               .          28
      47  r     29    BS      -613.80708      -613.80708           None           .               .          29
      48  r     30    BS      -940.99885      -940.99885           None           .               .          30
      49  r     31    BS      -889.12749      -889.12749           None           .               .          31
      50  r     32    BS      -807.47564      -807.47564           None           .               .          32
      51  r     33    BS      -928.91937      -928.91937           None           .               .          33
      52  r     34    BS      -745.09321      -745.09321           None           .               .          34
      53  r     35    BS      -484.97862      -484.97862           None           .               .          35
      54  r     36    BS      -803.41173      -803.41173           None           .               .          36
      55  r     37    BS      -230.01933      -230.01933           None           .               .          37
      56  r     38 D  BS         0.00000         0.00000           None           .               .          38
      57  r     39 I  BS         0.00001         0.00001           None           .               .          39
      58  r     40    BS      -118.07203      -118.07203           None           .               .          40
      59  r     41    BS       -12.48638       -12.48638           None           .               .          41
      60  r     42 D  BS         0.00000         0.00000           None           .               .          42
      61  r     43 D  BS         0.00000         0.00000           None           .               .          43
      62  r     44 D  BS         0.00000         0.00000           None           .               .          44
      63  r     45 D  BS         0.00000         0.00000           None           .               .          45
      64  r     46 I  BS         0.00002         0.00002           None           .               .          46
1

 Section 2 - Variables

  Number  .Column. State  ...Value......  .Obj Gradient.  ..Lower Limit.  ..Upper Limit.  .Dual Variable    m+j

       1  x      1 N  FR      -361.74880         1.96111      -600.00000       600.00000         1.96111     47
       2  x      2 N  FR        66.85130         0.00645      -600.00000       600.00000         0.00645     48
       3  x      3 N  FR       148.12436        -0.16640      -600.00000       600.00000        -0.16640     49
       4  x      4 N  FR       448.59186         0.03195      -600.00000       600.00000         0.03195     50
       5  x      5 N  FR       590.35386        -0.20216      -600.00000       600.00000        -0.20216     51
       6  x      6 N  FR       558.65519        -0.71255      -600.00000       600.00000        -0.71255     52
       7  x      7 N  FR      -132.48061        -1.45193      -600.00000       600.00000        -1.45193     53
       8  x      8 N  FR      -599.82927         0.20013      -600.00000       600.00000         0.20013     54
       9  x      9 N  FR      -416.16642         0.33340      -600.00000       600.00000         0.33340     55
      10  x     10 N  FR       478.68341        -4.93845      -600.00000       600.00000        -4.93845     56
      11  x     11 N  FR      -596.26413         0.24070      -600.00000       600.00000         0.24070     57
      12  x     12 N  FR       458.59977        -0.53115      -600.00000       600.00000        -0.53115     58
      13  x     13 N  FR       379.39109         0.26542      -600.00000       600.00000         0.26542     59
      14  x     14 N  FR       107.15560        -0.24963      -600.00000       600.00000        -0.24963     60
      15  x     15 N  FR      -218.87069         0.34442      -600.00000       600.00000         0.34442     61
      16  x     16 N  FR       585.19133         4.42222      -600.00000       600.00000         4.42222     62
      17  x     17 N  FR        14.31259         0.09438      -600.00000       600.00000         0.09438     63
      18  x     18 N  FR      -432.21006         0.35208      -600.00000       600.00000         0.35208     64

 Time for MPS input                             0.00 seconds
 Time for solving problem                       2.19 seconds
 Time for solution output                       0.00 seconds
 Time for constraint functions                  2.17 seconds
 Time for objective function                    0.00 seconds
