
 ==============================
 S N O P T  7.7.3    (Dec 2019)
 ==============================
 opt-files/9turb-circle-600r/snopt-wec/010dirs/055-wec3.0-print.out
 XXX  Keyword not recognized:         OPT-FILES/9TURB-
 opt-files/9turb-circle-600r/snopt-wec/010dirs/055-wec3.0-summary.out
 XXX  Keyword not recognized:         OPT-FILES/9TURB-

 SNMEMA EXIT 100 -- finished successfully
 SNMEMA INFO 104 -- memory requirements estimated



 Nonlinear constraints      45     Linear constraints       1
 Nonlinear variables        18     Linear variables         0
 Jacobian  variables        18     Objective variables     18
 Total constraints          46     Total variables         18



 The user has defined     828   out of     828   first  derivatives


 Major Minors     Step   nCon Feasible  Optimal  MeritFunction     nS Penalty
     0     17               1  5.3E-02  1.0E+00 -1.8781490E+03     16           r
     1      1  7.4E-02      2  4.9E-02  1.0E+00 -1.2607357E+03     16 2.6E+00   rl
     2      7  7.9E-02      3  4.5E-02  4.2E-01 -1.3354015E+03     14 2.6E+00 s  l
     3      3  1.0E+00      4 (0.0E+00) 5.6E-01 -2.0032434E+03     14 2.6E+00
     4      8  1.0E+00      5 (0.0E+00) 7.0E-01 -2.2759837E+03     13 2.6E+00
     5      2  1.0E+00      6  3.2E-03  5.3E-01 -2.3137071E+03     12 2.6E+00
     6      5  1.0E+00      7  2.3E-03  6.2E-01 -2.4057837E+03     12 2.6E+00
     7      4  3.4E-02     11  2.2E-03  2.9E-01 -2.4065127E+03     11 2.6E+00
     8      3  1.0E+00     12  7.3E-04  7.1E-01 -2.4407927E+03     11 2.6E+00
     9      2  3.2E-01     14  1.1E-03  1.1E+00 -2.4579730E+03     12 2.6E+00

 Major Minors     Step   nCon Feasible  Optimal  MeritFunction     nS Penalty
    10      2  2.7E-01     18  8.6E-04  1.3E+00 -2.4650814E+03     11 2.6E+00
    11      4  2.1E-01     21  9.0E-04  1.1E+00 -2.4794865E+03     10 2.6E+00
    12      3  6.3E-01     23  1.9E-03  8.4E-01 -2.5035900E+03     12 2.6E+00
    13      6  1.0E+00     24  7.4E-04  6.6E-01 -2.5228080E+03     11 2.6E+00
    14      2  2.2E-01     26  6.6E-04  5.5E-01 -2.5360141E+03     10 2.6E+00
    15      2  1.0E+00     27  3.3E-04  7.5E-01 -2.5598323E+03     11 2.6E+00
    16      2  1.7E-01     29  2.9E-04  4.6E-01 -2.5616084E+03     10 2.6E+00
    17      4  1.0E+00     30  2.0E-04  7.1E-01 -2.5882567E+03     11 2.6E+00
    18     12  1.0E+00     32  3.1E-03  8.5E-01 -2.5954677E+03     10 2.6E+00  m
    19     27  9.6E-04     36  3.1E-03  9.0E-01 -2.5961321E+03     10 2.6E+00

 Major Minors     Step   nCon Feasible  Optimal  MeritFunction     nS Penalty
    20      6  5.9E-02     39  2.9E-03  8.0E-01 -2.5966414E+03      9 2.6E+00
    21      1  1.7E-02     49  2.8E-03  7.8E-01 -2.5981485E+03      9 2.6E+00
    22      1  2.6E-04     60  2.8E-03  7.9E-01 -2.5981678E+03      9 2.6E+00  M
    23      4  1.3E-05     71  2.8E-03  8.4E-01 -2.5981687E+03      8 2.6E+00  M
    24      7  2.7E-01     73  2.5E-03  7.9E-01 -2.6025573E+03     10 2.6E+00
    25      2  9.7E-02     84  2.2E-03  7.9E-01 -2.6050652E+03      9 2.6E+00  m
    26      4  1.0E+00     85  3.7E-04  3.1E-01 -2.6073369E+03     10 2.6E+00
    27      5  2.7E-01     89  2.7E-04  1.0E+00 -2.6089213E+03     10 2.6E+00
    28      3  3.1E-02     99  1.9E-04  1.0E+00 -2.6100622E+03      8 2.6E+00
    29      2  2.7E-05    109  1.9E-04  1.0E+00 -2.6100627E+03      9 2.6E+00

 Major Minors     Step   nCon Feasible  Optimal  MeritFunction     nS Penalty
    30      2  1.2E-06    119  1.9E-04  1.0E+00 -2.6100628E+03      8 2.6E+00
    31      1  6.4E-08    130  1.9E-04  1.0E+00 -2.6100628E+03      8 2.6E+00
    32      7  1.0E-08    140  1.9E-04  4.0E-01 -2.6100628E+03     12 2.6E+00   R
    32     17             147  1.9E-04  2.7E-01 -2.6100628E+03      2           r
    33     15  2.8E-12    157  1.9E-04  3.2E-01 -2.6100628E+03      7         s
    34      7  2.2E-13    165  1.9E-04  4.2E-01 -2.6100628E+03      7
    34     16             172  1.9E-04  4.0E-01 -2.6100628E+03     12           R
    35      4  5.1E-12    180  1.9E-04  3.8E-01 -2.6100628E+03      9         s
    35      4             186  1.9E-04  4.0E-01 -2.6100628E+03     12         s R
    36      9  1.7E-13    193  1.9E-04  2.8E-01 -2.6100628E+03      6         s
    36      5             199  1.9E-04  3.9E-01 -2.6100628E+03     10         s R
    36      6             205  1.9E-04  2.1E-01 -2.6100628E+03      5         s r

 SNOPTA EXIT  40 -- terminated after numerical difficulties
 SNOPTA INFO  41 -- current point cannot be improved

 Problem name                 opt prob
 No. of iterations                 244   Objective           -2.6098931663E+03
 No. of major iterations            36   Linear    obj. term  0.0000000000E+00
 No. of infeasibilities              3   Sum of infeas        2.1663599413E-01
 Penalty parameter           0.000E+00   Nonlinear obj. term -2.6098931663E+03
 User function calls (total)       232
 No. of superbasics                  5   No. of basic nonlinears            14
 No. of degenerate steps             0   Percentage                       0.00
 Max x                       6 6.0E+02   Max pi                     46 1.0E+00
 Max Primal infeas          60 1.1E-01   Max Dual infeas            45 8.9E-01
 Nonlinear constraint violn    1.1E-01



 Solution printed on file  18

 Time for MPS input                             0.00 seconds
 Time for solving problem                      24.05 seconds
 Time for solution output                       0.00 seconds
 Time for constraint functions                 24.05 seconds
 Time for objective function                    0.00 seconds
