
         ==============================
         S N O P T  7.7.3    (Dec 2019)
         ==============================
      opt-files/9turb-circle-600r/snopt-wec/010dirs/055-wec3.0-print.out
 XXX  Keyword not recognized:         OPT-FILES/9TURB-
      Derivative option               1
      Verify level               3
      opt-files/9turb-circle-600r/snopt-wec/010dirs/055-wec3.0-summary.out
 XXX  Keyword not recognized:         OPT-FILES/9TURB-
      Major optimality tolerance  5.00000000E-05
      Major iteration limit         1000000
1

 SNMEMA EXIT 100 -- finished successfully
 SNMEMA INFO 104 -- memory requirements estimated
      Total character workspace             500
      Total integer   workspace           35042
      Total real      workspace           23255
1

 Parameters
 ==========

 Files
 -----
 Solution file..........         0       Old basis file ........         0       Standard input.........         5
 Insert file............         0       New basis file ........         0       (Printer)..............        18
 Punch file.............         0       Backup basis file......         0       (Specs file)...........         0
 Load file..............         0       Dump file..............         0       Standard output........         6

 Frequencies
 -----------
 Print frequency........       100       Check frequency........        60       Save new basis map.....       100
 Summary frequency......       100       Factorization frequency        50       Expand frequency.......     10000

 QP subproblems
 --------------
 QPsolver Cholesky......
 Scale tolerance........     0.900       Minor feasibility tol..  1.00E-06       Iteration limit........     10000
 Scale option...........         0       Minor optimality  tol..  1.00E-06       Minor print level......         1
 Crash tolerance........     0.100       Pivot tolerance........  3.25E-11       New superbasics........        99
 Crash option...........         3       Elastic weight.........  1.00E+05

 Partial pricing
 ---------------
 LP Partial price.......         1       Prtl price section ( A)        18       Prtl price section (-I)        46
 QP Partial price.......         1       Prtl price section ( A)        18       Prtl price section (-I)        46

 The SQP Method
 --------------
 Minimize...............                 Cold start.............                 Proximal Point method..         1
 Nonlinear objectiv vars        18       Objective Row..........         1       Function precision.....  3.00E-13
 Unbounded step size....  1.00E+20       Superbasics limit......        18       Difference interval....  5.48E-07
 Unbounded objective....  1.00E+10       Reduced Hessian dim....        18       Central difference int.  6.70E-05
 Major step limit.......  2.00E+00       Derivative linesearch..                 Derivative option......         1
 Major iterations limit.   1000000       Linesearch tolerance...   0.90000       Verify level...........         3
 Minor iterations limit.       500       Penalty parameter......  0.00E+00       Major Print Level......         1
 Time limit (secs)...... 9999999.0       Major optimality tol...  5.00E-05

 Hessian Approximation
 ---------------------
 Hessian full-memory....                 Hessian updates........  99999999       Hessian frequency......  99999999
                                                                                 Hessian flush..........  99999999

 Nonlinear constraints
 ---------------------
 Nonlinear constraints..        45       Major feasibility tol..  1.00E-06       Violation limit........  1.00E+01
 Nonlinear Jacobian vars        18

 Miscellaneous
 -------------
 LU factor tolerance....      3.99       LU singularity tol.....  3.25E-11       Timing level...........         3
 LU update tolerance....      3.99       LU swap tolerance......  1.22E-04       Debug level............         0
 LU partial  pivoting...                 eps (machine precision)  2.22E-16       System information.....        No
                                                                                 Sticky parameters......        No
1




 Matrix statistics
 -----------------
               Total      Normal        Free       Fixed     Bounded
 Rows             46          45           1           0           0
 Columns          18           0           0           0          18

 No. of matrix elements                  810     Density      97.826
 Biggest  constant element        0.0000E+00  (excluding fixed columns,
 Smallest constant element        0.0000E+00   free rows, and RHS)

 No. of objective coefficients             0

 Nonlinear constraints      45     Linear constraints       1
 Nonlinear variables        18     Linear variables         0
 Jacobian  variables        18     Objective variables     18
 Total constraints          46     Total variables         18
1



 The user has defined     828   out of     828   first  derivatives

 Verification of user-supplied problem derivatives.

 The constraint gradients seem to be OK.

 -->  The largest discrepancy was    9.20E-08  in constraint    24


 The objective  gradients seem to be OK.

 Gradient projected in one direction   2.81603988558E-01
 Difference approximation              2.81603492732E-01


 Column       x(j)        dx(j)    Element no.    Row        Derivative    Difference approxn

      1  2.70156155E+02  1.49E-04         1         2   -1.31281821E-01   -1.31281915E-01  ok
                                          2         3   -9.56763524E-01   -9.56763533E-01  ok
                                          3         4   -4.34673239E-01   -4.34673312E-01  ok
                                          4         5   -9.92917653E-01   -9.92917657E-01  ok
                                          5         6    3.94334301E-01    3.94334054E-01  ok
                                          6         7    1.87237781E-01    1.87237629E-01  ok
                                          7         8   -7.93383056E-01   -7.93383091E-01  ok
                                          8         9   -4.20373966E-01   -4.20374078E-01  ok
                                         37        38    6.07277408E-01    6.07277514E-01  ok
      1  2.70156155E+02  1.49E-04           Objective   -2.16478997E-01   -2.16479112E-01  ok

      2  1.68196538E+02  9.27E-05        46         2    1.31281821E-01    1.31281762E-01  ok
                                         54        10   -7.10945995E-01   -7.10946023E-01  ok
                                         55        11   -9.94138693E-01   -9.94138695E-01  ok
                                         56        12   -2.20347219E-01   -2.20347272E-01  ok
                                         57        13    3.52721664E-01    3.52721594E-01  ok
                                         58        14    5.28210711E-01    5.28210618E-01  ok
                                         59        15   -8.65586599E-01   -8.65586619E-01  ok
                                         60        16   -4.23381465E-01   -4.23381590E-01  ok
                                         83        39    3.74464537E-01    3.74464625E-01  ok
      2  1.68196538E+02  9.27E-05           Objective   -8.42468011E-01   -8.42468032E-01  ok

      3 -4.03206774E+02  2.21E-04        92         3    9.56763524E-01    9.56763511E-01  ok
                                         99        10    7.10945995E-01    7.10945928E-01  ok
                                        106        17    5.05961091E-01    5.05960958E-01  ok
                                        107        18    8.52874803E-01    8.52874737E-01  ok
                                        108        19    9.99305271E-01    9.99305271E-01  ok
                                        109        20    9.46709191E-01    9.46709177E-01  ok
                                        110        21    2.09614518E-01    2.09614132E-01  ok
                                        111        22    8.35659817E-01    8.35659754E-01  ok
                                        129        40   -9.38206774E-01   -9.38206743E-01  ok
      3 -4.03206774E+02  2.21E-04           Objective    3.89216679E-01    3.89216651E-01  ok

      4 -8.80042701E+01  4.88E-05       138         4    4.34673239E-01    4.34673216E-01  ok
                                        145        11    9.94138693E-01    9.94138692E-01  ok
                                        151        17   -5.05961091E-01   -5.05961120E-01  ok
                                        157        23    9.57079544E-02    9.57079241E-02  ok
                                        158        24    6.69553927E-01    6.69553908E-01  ok
                                        159        25    8.48794906E-01    8.48794894E-01  ok
                                        160        26   -6.91235647E-01   -6.91235682E-01  ok
                                        161        27    4.62551525E-01    4.62551455E-01  ok
                                        175        41   -2.20859455E-01   -2.20859396E-01  ok
      4 -8.80042701E+01  4.88E-05           Objective    3.48076128E-01    3.48076183E-01  ok

      5 -1.33932939E+01  7.88E-06       184         5    9.92917653E-01    9.92917645E-01  ok
                                        191        12    2.20347219E-01    2.20347204E-01  ok
                                        197        18   -8.52874803E-01   -8.52874798E-01  ok
                                        202        23   -9.57079544E-02   -9.57079634E-02  ok
                                        207        28    8.20387461E-01    8.20387456E-01  ok
                                        208        29    5.98568910E-01    5.98568907E-01  ok
                                        209        30   -5.48650065E-01   -5.48650055E-01  ok
                                        210        31    1.00717149E-01    1.00717138E-01  ok
                                        221        42   -3.45545055E-02   -3.45544972E-02  ok
      5 -1.33932939E+01  7.88E-06           Objective    3.57980964E-01    3.57980941E-01  ok

      6  3.70378453E+02  2.03E-04       230         6   -3.94334301E-01   -3.94334639E-01  ok
                                        237        13   -3.52721664E-01   -3.52721820E-01  ok
                                        243        19   -9.99305271E-01   -9.99305271E-01  ok
                                        248        24   -6.69553927E-01   -6.69554009E-01  ok
                                        252        28   -8.20387461E-01   -8.20387533E-01  ok
                                        256        32   -5.11736225E-02   -5.11740624E-02  ok
                                        257        33   -9.48565082E-01   -9.48565095E-01  ok
                                        258        34   -7.82548243E-01   -7.82548336E-01  ok
                                        267        43    9.51405904E-01    9.51405929E-01  ok
      6  3.70378453E+02  2.03E-04           Objective    9.37430081E-02    9.37432306E-02  ok

      7  3.58576512E+02  1.97E-04       276         7   -1.87237781E-01   -1.87237982E-01  ok
                                        283        14   -5.28210711E-01   -5.28210908E-01  ok
                                        289        20   -9.46709191E-01   -9.46709204E-01  ok
                                        294        25   -8.48794906E-01   -8.48794959E-01  ok
                                        298        29   -5.98568910E-01   -5.98569012E-01  ok
                                        301        32    5.11736225E-02    5.11731966E-02  ok
                                        304        35   -9.99923829E-01   -9.99923829E-01  ok
                                        305        36   -9.94888511E-01   -9.94888514E-01  ok
                                        313        44    9.55694741E-01    9.55694764E-01  ok
      7  3.58576512E+02  1.97E-04           Objective   -2.81130944E-01   -2.81130435E-01  ok

      8 -3.45781958E+02  1.90E-04       322         8    7.93383056E-01    7.93383010E-01  ok
                                        329        15    8.65586599E-01    8.65586559E-01  ok
                                        335        21   -2.09614518E-01   -2.09614850E-01  ok
                                        340        26    6.91235647E-01    6.91235514E-01  ok
                                        344        30    5.48650065E-01    5.48649956E-01  ok
                                        347        33    9.48565082E-01    9.48565068E-01  ok
                                        349        35    9.99923829E-01    9.99923830E-01  ok
                                        351        37    9.98134614E-01    9.98134613E-01  ok
                                        359        45   -9.45454957E-01   -9.45454930E-01  ok
      8 -3.45781958E+02  1.90E-04           Objective   -1.15262134E+00   -1.15262271E+00  ok

      9  4.02716263E+01  2.26E-05       368         9    4.20373966E-01    4.20373949E-01  ok
                                        375        16    4.23381465E-01    4.23381435E-01  ok
                                        381        22   -8.35659817E-01   -8.35659827E-01  ok
                                        386        27   -4.62551525E-01   -4.62551556E-01  ok
                                        390        31   -1.00717149E-01   -1.00717168E-01  ok
                                        393        34    7.82548243E-01    7.82548234E-01  ok
                                        395        36    9.94888511E-01    9.94888510E-01  ok
                                        396        37   -9.98134614E-01   -9.98134613E-01  ok
                                        405        46    2.71513291E-01    2.71513362E-01  ok
      9  4.02716263E+01  2.26E-05           Objective    1.30368252E+00    1.30368226E+00  ok

     10 -3.53440330E+02  1.94E-04       406         2    9.91345088E-01    9.91345085E-01  ok
                                        407         3    2.90866910E-01    2.90866784E-01  ok
                                        408         4    9.00588239E-01    9.00588216E-01  ok
                                        409         5   -1.18804603E-01   -1.18804938E-01  ok
                                        410         6    9.18967061E-01    9.18967002E-01  ok
                                        411         7    9.82314620E-01    9.82314613E-01  ok
                                        412         8    6.08722701E-01    6.08722623E-01  ok
                                        413         9    9.07350940E-01    9.07350909E-01  ok
                                        442        38   -7.94489867E-01   -7.94489787E-01  ok
     10 -3.53440330E+02  1.94E-04           Objective   -7.24284685E-02   -7.24294807E-02  ok

     11  4.16484741E+02  2.29E-04       451         2   -9.91345088E-01   -9.91345091E-01  ok
                                        459        10   -7.03246608E-01   -7.03246679E-01  ok
                                        460        11   -1.08112252E-01   -1.08112691E-01  ok
                                        461        12   -9.75421500E-01   -9.75421508E-01  ok
                                        462        13   -9.35728287E-01   -9.35728312E-01  ok
                                        463        14   -8.49113329E-01   -8.49113417E-01  ok
                                        464        15   -5.00759264E-01   -5.00759408E-01  ok
                                        465        16   -9.05951508E-01   -9.05951576E-01  ok
                                        488        39    9.27241236E-01    9.27241272E-01  ok
     11  4.16484741E+02  2.29E-04           Objective    1.63990293E-01    1.63990052E-01  ok

     12 -1.48730399E+02  8.20E-05       497         3   -2.90866910E-01   -2.90866964E-01  ok
                                        504        10    7.03246608E-01    7.03246585E-01  ok
                                        511        17    8.62556302E-01    8.62556283E-01  ok
                                        512        18   -5.22115476E-01   -5.22115540E-01  ok
                                        513        19    3.72689583E-02    3.72689043E-02  ok
                                        514        20    3.22089595E-01    3.22089549E-01  ok
                                        515        21    9.77784104E-01    9.77784097E-01  ok
                                        516        22    5.49247367E-01    5.49247312E-01  ok
                                        534        40   -3.46075208E-01   -3.46075124E-01  ok
     12 -1.48730399E+02  8.20E-05           Objective   -2.24365805E-01   -2.24365766E-01  ok

     13  3.88622988E+02  2.13E-04       543         4   -9.00588239E-01   -9.00588263E-01  ok
                                        550        11    1.08112252E-01    1.08111843E-01  ok
                                        556        17   -8.62556302E-01   -8.62556347E-01  ok
                                        562        23   -9.95409457E-01   -9.95409459E-01  ok
                                        563        24   -7.42763448E-01   -7.42763517E-01  ok
                                        564        25   -5.28722240E-01   -5.28722387E-01  ok
                                        565        26   -7.22629421E-01   -7.22629558E-01  ok
                                        566        27   -8.86592402E-01   -8.86592484E-01  ok
                                        580        41    9.75305645E-01    9.75305658E-01  ok
     13  3.88622988E+02  2.13E-04           Objective    4.03870343E-01    4.03869188E-01  ok

     14 -3.87367594E+02  2.13E-04       589         5    1.18804603E-01    1.18804236E-01  ok
                                        596        12    9.75421500E-01    9.75421494E-01  ok
                                        602        18    5.22115476E-01    5.22115307E-01  ok
                                        607        23    9.95409457E-01    9.95409456E-01  ok
                                        612        28    5.71808021E-01    5.71807868E-01  ok
                                        613        29    8.01071320E-01    8.01071259E-01  ok
                                        614        30    8.36052095E-01    8.36052042E-01  ok
                                        615        31    9.94915100E-01    9.94915098E-01  ok
                                        626        42   -9.99402815E-01   -9.99402814E-01  ok
     14 -3.87367594E+02  2.13E-04           Objective    6.24390131E-01    6.24389475E-01  ok

     15 -1.19879640E+02  6.62E-05       635         6   -9.18967061E-01   -9.18967081E-01  ok
                                        642        13    9.35728287E-01    9.35728280E-01  ok
                                        648        19   -3.72689583E-02   -3.72690027E-02  ok
                                        653        24    7.42763448E-01    7.42763425E-01  ok
                                        657        28   -5.71808021E-01   -5.71808069E-01  ok
                                        661        32    9.98689772E-01    9.98689772E-01  ok
                                        662        33    3.16582195E-01    3.16582155E-01  ok
                                        663        34    6.22589952E-01    6.22589904E-01  ok
                                        672        43   -3.07939613E-01   -3.07939536E-01  ok
     15 -1.19879640E+02  6.62E-05           Objective    2.82640347E-02    2.82640442E-02  ok

     16  1.10443666E+02  6.10E-05       681         7   -9.82314620E-01   -9.82314622E-01  ok
                                        688        14    8.49113329E-01    8.49113305E-01  ok
                                        694        20   -3.22089595E-01   -3.22089632E-01  ok
                                        699        25    5.28722240E-01    5.28722199E-01  ok
                                        703        29   -8.01071320E-01   -8.01071338E-01  ok
                                        706        32   -9.98689772E-01   -9.98689773E-01  ok
                                        709        35    1.23424520E-02    1.23424090E-02  ok
                                        710        36    1.00979459E-01    1.00979365E-01  ok
                                        718        44    2.94359579E-01    2.94359653E-01  ok
     16  1.10443666E+02  6.10E-05           Objective   -2.41913147E-01   -2.41913198E-01  ok

     17  1.19137839E+02  6.58E-05       727         8   -6.08722701E-01   -6.08722729E-01  ok
                                        734        15    5.00759264E-01    5.00759223E-01  ok
                                        740        21   -9.77784104E-01   -9.77784109E-01  ok
                                        745        26    7.22629421E-01    7.22629379E-01  ok
                                        749        30   -8.36052095E-01   -8.36052111E-01  ok
                                        752        33   -3.16582195E-01   -3.16582235E-01  ok
                                        754        35   -1.23424520E-02   -1.23424984E-02  ok
                                        756        37    6.10515599E-02    6.10514748E-02  ok
                                        764        45    3.25752857E-01    3.25752937E-01  ok
     17  1.19137839E+02  6.58E-05           Objective    3.85281840E-01    3.85282355E-01  ok

     18  1.42751061E+02  7.87E-05       773         9   -9.07350940E-01   -9.07350953E-01  ok
                                        780        16    9.05951508E-01    9.05951485E-01  ok
                                        786        22   -5.49247367E-01   -5.49247419E-01  ok
                                        791        27    8.86592402E-01    8.86592371E-01  ok
                                        795        31   -9.94915100E-01   -9.94915100E-01  ok
                                        798        34   -6.22589952E-01   -6.22590009E-01  ok
                                        800        36   -1.00979459E-01   -1.00979581E-01  ok
                                        801        37   -6.10515599E-02   -6.10516611E-02  ok
                                        810        46    9.62434690E-01    9.62434710E-01  ok
     18  1.42751061E+02  7.87E-05           Objective   -1.06708922E+00   -1.06708946E+00  ok

    810  Jacobian elements in cols      1  thru    18  seem to be OK.

 -->  The largest relative error was    4.18E-07   in row    32,  column     6


     18  objective gradients out of     1  thru    18  seem to be OK.

 -->  The largest relative error was    9.44E-07   in column    10

1



   Itns Major Minors    Step   nCon Feasible  Optimal  MeritFunction     L+U BSwap     nS condZHZ Penalty
     17     0     17              1  5.3E-02  1.0E+00 -1.8781490E+03      62           16 3.0E+00         _  r
     18     1      1 7.4E-02      2  4.9E-02  1.0E+00 -1.2607357E+03      62           16 3.0E+00 2.6E+00 _  rl
     25     2      7 7.9E-02      3  4.5E-02  4.2E-01 -1.3354015E+03      94           14 1.5E+01 2.6E+00 _s  l
     28     3      3 1.0E+00      4 (0.0E+00) 5.6E-01 -2.0032434E+03     103           14 2.0E+01 2.6E+00 _
     36     4      8 1.0E+00      5 (0.0E+00) 7.0E-01 -2.2759837E+03     136           13 8.0E+01 2.6E+00 _
     38     5      2 1.0E+00      6  3.2E-03  5.3E-01 -2.3137071E+03      94     8     12 3.6E+00 2.6E+00 _
     43     6      5 1.0E+00      7  2.3E-03  6.2E-01 -2.4057837E+03     111           12 3.6E+01 2.6E+00 _
     47     7      4 3.4E-02     11  2.2E-03  2.9E-01 -2.4065127E+03     111           11 2.2E+01 2.6E+00 _
     50     8      3 1.0E+00     12  7.3E-04  7.1E-01 -2.4407927E+03     120           11 2.9E+01 2.6E+00 _
     52     9      2 3.2E-01     14  1.1E-03  1.1E+00 -2.4579730E+03     102     6     12 6.7E+01 2.6E+00 _
     54    10      2 2.7E-01     18  8.6E-04  1.3E+00 -2.4650814E+03     102           11 3.3E+01 2.6E+00 _
     58    11      4 2.1E-01     21  9.0E-04  1.1E+00 -2.4794865E+03     110     1     10 1.1E+02 2.6E+00 _
     61    12      3 6.3E-01     23  1.9E-03  8.4E-01 -2.5035900E+03     110           12 3.2E+02 2.6E+00 _
     67    13      6 1.0E+00     24  7.4E-04  6.6E-01 -2.5228080E+03     110     5     11 1.4E+03 2.6E+00 _
     69    14      2 2.2E-01     26  6.6E-04  5.5E-01 -2.5360141E+03     110     4     10 4.3E+01 2.6E+00 _
     71    15      2 1.0E+00     27  3.3E-04  7.5E-01 -2.5598323E+03     110           11 2.6E+01 2.6E+00 _
     73    16      2 1.7E-01     29  2.9E-04  4.6E-01 -2.5616084E+03     110           10 1.2E+02 2.6E+00 _
     77    17      4 1.0E+00     30  2.0E-04  7.1E-01 -2.5882567E+03     119           11 9.3E+01 2.6E+00 _
     89    18     12 1.0E+00     32  3.1E-03  8.5E-01 -2.5954677E+03     145           10 1.3E+03 2.6E+00 _ m
    116    19     27 9.6E-04     36  3.1E-03  9.0E-01 -2.5961321E+03     144     7     10 9.8E+03 2.6E+00 _

   Itns Major Minors    Step   nCon Feasible  Optimal  MeritFunction     L+U BSwap     nS condZHZ Penalty
    122    20      6 5.9E-02     39  2.9E-03  8.0E-01 -2.5966414E+03     128     7      9 3.4E+04 2.6E+00 _
    123    21      1 1.7E-02     49  2.8E-03  7.8E-01 -2.5981485E+03     110     4      9 3.6E+02 2.6E+00 _
    124    22      1 2.6E-04     60  2.8E-03  7.9E-01 -2.5981678E+03     110            9 2.2E+02 2.6E+00 _ M
    128    23      4 1.3E-05     71  2.8E-03  8.4E-01 -2.5981687E+03     119            8 1.2E+03 2.6E+00 _ M
    135    24      7 2.7E-01     73  2.5E-03  7.9E-01 -2.6025573E+03     128     1     10 5.7E+03 2.6E+00 _
    137    25      2 9.7E-02     84  2.2E-03  7.9E-01 -2.6050652E+03     126            9 2.0E+03 2.6E+00 _ m
    141    26      4 1.0E+00     85  3.7E-04  3.1E-01 -2.6073369E+03     134           10 7.0E+03 2.6E+00 _
    146    27      5 2.7E-01     89  2.7E-04  1.0E+00 -2.6089213E+03     126     6     10 3.4E+03 2.6E+00 _
    149    28      3 3.1E-02     99  1.9E-04  1.0E+00 -2.6100622E+03     126            8 3.2E+02 2.6E+00 _
    151    29      2 2.7E-05    109  1.9E-04  1.0E+00 -2.6100627E+03     126            9 9.8E+02 2.6E+00 _
    153    30      2 1.2E-06    119  1.9E-04  1.0E+00 -2.6100628E+03     134            8 4.9E+02 2.6E+00 _
    154    31      1 6.4E-08    130  1.9E-04  1.0E+00 -2.6100628E+03     134            8 4.9E+02 2.6E+00 _
    161    32      7 1.0E-08    140  1.9E-04  4.0E-01 -2.6100628E+03     134     3     12 1.4E+02 2.6E+00 _  R
    178    32     17            147  1.9E-04  2.7E-01 -2.6100628E+03     168            2 2.3E+03         _  r
    193    33     15 2.8E-12    157  1.9E-04  3.2E-01 -2.6100628E+03     187     2      7 1.7E+02         _s
    200    34      7 2.2E-13    165  1.9E-04  4.2E-01 -2.6100628E+03     172            7 8.3E+02         _
    216    34     16            172  1.9E-04  4.0E-01 -2.6100628E+03     173           12 9.5E+01         _  R
    220    35      4 5.1E-12    180  1.9E-04  3.8E-01 -2.6100628E+03     171            9 7.9E+01         _s
    224    35      4            186  1.9E-04  4.0E-01 -2.6100628E+03     172           12 9.0E+01         _s R
    233    36      9 1.7E-13    193  1.9E-04  2.8E-01 -2.6100628E+03     171            6 4.2E+01         _s
    238    36      5            199  1.9E-04  3.9E-01 -2.6100628E+03     172           10 9.4E+01         _s R
    244    36      6            205  1.9E-04  2.1E-01 -2.6100628E+03     170            5 6.5E+00         _s r
1

 SNOPTA EXIT  40 -- terminated after numerical difficulties
 SNOPTA INFO  41 -- current point cannot be improved

 Problem name                 opt prob
 No. of iterations                 244   Objective           -2.6098931663E+03
 No. of major iterations            36   Linear    obj. term  0.0000000000E+00
 No. of infeasibilities              3   Sum of infeas        2.1663599413E-01
 Penalty parameter           0.000E+00   Nonlinear obj. term -2.6098931663E+03
 User function calls (total)       232
 No. of superbasics                  5   No. of basic nonlinears            14
 No. of degenerate steps             0   Percentage                       0.00
 Max x                       6 6.0E+02   Max pi                     46 1.0E+00
 Max Primal infeas          60 1.1E-01   Max Dual infeas            45 8.9E-01
 Nonlinear constraint violn    1.1E-01
1

 Name           opt prob                 Infeasibilities      3      2.1664E-01

 Status         Optimal Soln             Iteration    244    Superbasics     5

 Objective               (Min)
 RHS
 Ranges
 Bounds

 Section 1 - Constraints

  Number  ...Row.. State  ...Value......  Slack Value...  ..Lower Limit.  ..Upper Limit.  .Dual Variable    ..i

      19  r      1    BS          .               .                None            None         -1.0          1
      20  r      2    BS      -775.13548      -775.13548           None           .               .           2
      21  r      3    BS      -772.32983      -772.32983           None           .               .           3
      22  r      4    BS      -939.15369      -939.15369           None           .               .           4
      23  r      5    BS      -236.98642      -236.98642           None           .               .           5
      24  r      6    BS      -279.59477      -279.59477           None           .               .           6
      25  r      7   SBS      -534.00407      -534.00407           None           .               .           7
      26  r      8    BS      -795.60403      -795.60403           None           .               .           8
      27  r      9    BS      -787.82097      -787.82097           None           .               .           9
      28  r     10    BS      -810.29400      -810.29400           None           .               .          10
      29  r     11    BS      -244.16054      -244.16054           None           .               .          11
      30  r     12    BS      -938.34395      -938.34395           None           .               .          12
      31  r     13    BS      -393.92806      -393.92806           None           .              0.00000     13
      32  r     14 N  FR        -0.53082        -0.53082           None           .             -0.02988     14
      33  r     15    BS      -375.66372      -375.66372           None           .               .          15
      34  r     16 N  FR        -0.21694        -0.21694           None           .             -0.86627     16
      35  r     17    BS      -484.31801      -484.31801           None           .               .          17
      36  r     18    BS      -428.55425      -428.55425           None           .               .          18
      37  r     19    BS      -942.76714      -942.76714           None           .               .          19
      38  r     20    BS      -642.36831      -642.36831           None           .               .          20
      39  r     21    BS      -234.43745      -234.43745           None           .               .          21
      40  r     22    BS      -593.07217      -593.07217           None           .               .          22
      41  r     23    BS      -891.61416      -891.61416           None           .               .          23
      42  r     24    BS      -754.50940      -754.50940           None           .               .          24
      43  r     25    BS      -268.66792      -268.66792           None           .               .          25
      44  r     26 N  FR        -1.13598        -1.13598           None           .             -0.24530     26
      45  r     27 N  FR        -0.02434        -0.02434           None           .             -0.88849     27
      46  r     28 N  BS      -672.27498      -672.27498           None           .               .          28
      47  r     29    BS      -688.57786      -688.57786           None           .               .          29
      48  r     30    BS      -670.79967      -670.79967           None           .               .          30
      49  r     31    BS      -841.50991      -841.50991           None           .               .          31
      50  r     32   SBS      -235.57707      -235.57707           None           .             -0.00000     32
      51  r     33    BS      -727.81256      -727.81256           None           .               .          33
      52  r     34    BS      -525.55800      -525.55800           None           .               .          34
      53  r     35    BS      -288.83125      -288.83125           None           .               .          35
      54  r     36   SBS       -38.68350       -38.68350           None           .               .          36
      55  r     37    BS      -131.29620      -131.29620           None           .               .          37
      56  r     38 N  FR        -0.03674        -0.03674           None           .             -0.15015     38
      57  r     39   SBS        -0.12095        -0.12095           None           .             -0.00000     39
      58  r     40 I  UL         0.04972         0.04972           None           .             -0.45408     40
      59  r     41 N  FR        -0.10741        -0.10741           None           .             -0.11679     41
      60  r     42 I  UL         0.11200         0.11200           None           .             -0.41077     42
      61  r     43 I  UL         0.05492         0.05492           None           .             -0.46467     43
      62  r     44    BS      -237.83883      -237.83883           None           .               .          44
      63  r     45 N  FR      -147.85612      -147.85612           None           .             -0.25443     45
      64  r     46    BS      -101.18062      -101.18062           None           .               .          46
1

 Section 2 - Variables

  Number  .Column. State  ...Value......  .Obj Gradient.  ..Lower Limit.  ..Upper Limit.  .Dual Variable    m+j

       1  x      1    BS       375.54793          .           -600.00000       600.00000         0.09399     47
       2  x      2    BS       237.72334          .           -600.00000       600.00000        -0.85182     48
       3  x      3 N  FR      -588.22248          .           -600.00000       600.00000        -0.44513     49
       4  x      4    BS      -259.14189          .           -600.00000       600.00000         0.74889     50
       5  x      5 N SBS       -98.24886          .           -600.00000       600.00000        -0.06725     51
       6  x      6    BS       599.86888          .           -600.00000       600.00000         0.46452     52
       7  x      7    BS       203.17424          .           -600.00000       600.00000         0.00407     53
       8  x      8    BS      -338.45701          .           -600.00000       600.00000        -0.11384     54
       9  x      9    BS        -9.88321          .           -600.00000       600.00000        -0.02821     55
      10  x     10    BS      -467.88851          .           -600.00000       600.00000        -0.11710     56
      11  x     11    BS       550.76536          .           -600.00000       600.00000        -0.20778     57
      12  x     12    BS      -118.54948          .           -600.00000       600.00000        -0.08971     58
      13  x     13 N  FR       541.03291          .           -600.00000       600.00000        -0.27639     59
      14  x     14    BS      -592.01484          .           -600.00000       600.00000        -0.40523     60
      15  x     15    BS        14.94097          .           -600.00000       600.00000         0.01157     61
      16  x     16    BS       299.80150          .           -600.00000       600.00000         0.02960     62
      17  x     17    BS       299.80150          .           -600.00000       600.00000         0.40173     63
      18  x     18 N  FR       498.72146          .           -600.00000       600.00000         0.32688     64

 Time for MPS input                             0.00 seconds
 Time for solving problem                      24.05 seconds
 Time for solution output                       0.00 seconds
 Time for constraint functions                 24.05 seconds
 Time for objective function                    0.00 seconds
