
 ==============================
 S N O P T  7.7.3    (Dec 2019)
 ==============================
 opt-files/9turb-circle-600r/snopt-wec/010dirs/051-wec1.8-print.out
 XXX  Keyword not recognized:         OPT-FILES/9TURB-
 opt-files/9turb-circle-600r/snopt-wec/010dirs/051-wec1.8-summary.out
 XXX  Keyword not recognized:         OPT-FILES/9TURB-

 SNMEMA EXIT 100 -- finished successfully
 SNMEMA INFO 104 -- memory requirements estimated



 Nonlinear constraints      45     Linear constraints       1
 Nonlinear variables        18     Linear variables         0
 Jacobian  variables        18     Objective variables     18
 Total constraints          46     Total variables         18



 The user has defined     828   out of     828   first  derivatives

 SNOPTA EXIT  50 -- error in the user-supplied functions
 SNOPTA INFO  51 -- incorrect objective  derivatives

 Problem name                 opt prob
 No. of iterations                   0   Objective           -3.2181456384E+03
 No. of major iterations             0   Linear    obj. term  0.0000000000E+00
 Penalty parameter           0.000E+00   Nonlinear obj. term -3.2181456384E+03
 User function calls (total)        20
 No. of degenerate steps             0   Percentage                       0.00
 Max x                      16 5.9E+02   Max pi                      1 0.0E+00
 Max Primal infeas          57 4.8E-01   Max Dual infeas            14 6.0E-01
 Nonlinear constraint violn    4.8E-01



 Solution printed on file  18

 Time for MPS input                             0.00 seconds
 Time for solving problem                       2.17 seconds
 Time for solution output                       0.00 seconds
 Time for constraint functions                  2.17 seconds
 Time for objective function                    0.00 seconds
