
         ==============================
         S N O P T  7.7.3    (Dec 2019)
         ==============================
      opt-files/9turb-circle-600r/snopt-wec/010dirs/051-wec2.2-print.out
 XXX  Keyword not recognized:         OPT-FILES/9TURB-
      Derivative option               1
      Verify level               3
      opt-files/9turb-circle-600r/snopt-wec/010dirs/051-wec2.2-summary.out
 XXX  Keyword not recognized:         OPT-FILES/9TURB-
      Major optimality tolerance  5.00000000E-05
      Major iteration limit         1000000
1

 SNMEMA EXIT 100 -- finished successfully
 SNMEMA INFO 104 -- memory requirements estimated
      Total character workspace             500
      Total integer   workspace           35042
      Total real      workspace           23255
1

 Parameters
 ==========

 Files
 -----
 Solution file..........         0       Old basis file ........         0       Standard input.........         5
 Insert file............         0       New basis file ........         0       (Printer)..............        18
 Punch file.............         0       Backup basis file......         0       (Specs file)...........         0
 Load file..............         0       Dump file..............         0       Standard output........         6

 Frequencies
 -----------
 Print frequency........       100       Check frequency........        60       Save new basis map.....       100
 Summary frequency......       100       Factorization frequency        50       Expand frequency.......     10000

 QP subproblems
 --------------
 QPsolver Cholesky......
 Scale tolerance........     0.900       Minor feasibility tol..  1.00E-06       Iteration limit........     10000
 Scale option...........         0       Minor optimality  tol..  1.00E-06       Minor print level......         1
 Crash tolerance........     0.100       Pivot tolerance........  3.25E-11       New superbasics........        99
 Crash option...........         3       Elastic weight.........  1.00E+05

 Partial pricing
 ---------------
 LP Partial price.......         1       Prtl price section ( A)        18       Prtl price section (-I)        46
 QP Partial price.......         1       Prtl price section ( A)        18       Prtl price section (-I)        46

 The SQP Method
 --------------
 Minimize...............                 Cold start.............                 Proximal Point method..         1
 Nonlinear objectiv vars        18       Objective Row..........         1       Function precision.....  3.00E-13
 Unbounded step size....  1.00E+20       Superbasics limit......        18       Difference interval....  5.48E-07
 Unbounded objective....  1.00E+10       Reduced Hessian dim....        18       Central difference int.  6.70E-05
 Major step limit.......  2.00E+00       Derivative linesearch..                 Derivative option......         1
 Major iterations limit.   1000000       Linesearch tolerance...   0.90000       Verify level...........         3
 Minor iterations limit.       500       Penalty parameter......  0.00E+00       Major Print Level......         1
 Time limit (secs)...... 9999999.0       Major optimality tol...  5.00E-05

 Hessian Approximation
 ---------------------
 Hessian full-memory....                 Hessian updates........  99999999       Hessian frequency......  99999999
                                                                                 Hessian flush..........  99999999

 Nonlinear constraints
 ---------------------
 Nonlinear constraints..        45       Major feasibility tol..  1.00E-06       Violation limit........  1.00E+01
 Nonlinear Jacobian vars        18

 Miscellaneous
 -------------
 LU factor tolerance....      3.99       LU singularity tol.....  3.25E-11       Timing level...........         3
 LU update tolerance....      3.99       LU swap tolerance......  1.22E-04       Debug level............         0
 LU partial  pivoting...                 eps (machine precision)  2.22E-16       System information.....        No
                                                                                 Sticky parameters......        No
1




 Matrix statistics
 -----------------
               Total      Normal        Free       Fixed     Bounded
 Rows             46          45           1           0           0
 Columns          18           0           0           0          18

 No. of matrix elements                  810     Density      97.826
 Biggest  constant element        0.0000E+00  (excluding fixed columns,
 Smallest constant element        0.0000E+00   free rows, and RHS)

 No. of objective coefficients             0

 Nonlinear constraints      45     Linear constraints       1
 Nonlinear variables        18     Linear variables         0
 Jacobian  variables        18     Objective variables     18
 Total constraints          46     Total variables         18
1



 The user has defined     828   out of     828   first  derivatives

 Verification of user-supplied problem derivatives.

 The constraint gradients seem to be OK.

 -->  The largest discrepancy was    4.76E-08  in constraint    52


 The objective  gradients seem to be OK.

 Gradient projected in one direction  -2.13434511147E-01
 Difference approximation             -2.13434264148E-01


 Column       x(j)        dx(j)    Element no.    Row        Derivative    Difference approxn

      1  5.54679649E+02  3.04E-04         1         2   -7.01507488E-01   -7.01507558E-01  ok
                                          2         3   -9.77516501E-01   -9.77516508E-01  ok
                                          3         4   -9.33684697E-01   -9.33684713E-01  ok
                                          4         5   -3.43409095E-01   -3.43409260E-01  ok
                                          5         6   -2.47031772E-02   -2.47034909E-02  ok
                                          6         7   -7.81826247E-01   -7.81826348E-01  ok
                                          7         8   -9.98990026E-01   -9.98990025E-01  ok
                                          8         9   -9.84203230E-01   -9.84203237E-01  ok
                                         37        38    9.24462113E-01    9.24462150E-01  ok
      1  5.54679649E+02  3.04E-04           Objective   -4.80128838E-01   -4.80128636E-01  ok

      2 -2.20348187E+02  1.21E-04        46         2    7.01507488E-01    7.01507459E-01  ok
                                         54        10   -1.88120131E-01   -1.88120187E-01  ok
                                         55        11   -6.94369546E-01   -6.94369609E-01  ok
                                         56        12    9.98651443E-01    9.98651443E-01  ok
                                         57        13    9.29523263E-01    9.29523253E-01  ok
                                         58        14    2.67991079E-01    2.67991032E-01  ok
                                         59        15   -3.82010362E-01   -3.82010429E-01  ok
                                         60        16    6.02480551E-02    6.02479899E-02  ok
                                         83        39   -3.66955672E-01   -3.66955585E-01  ok
      2 -2.20348187E+02  1.21E-04           Objective    4.71607852E-01    4.71607810E-01  ok

      3 -4.11058648E+02  2.26E-04        92         3    9.77516501E-01    9.77516496E-01  ok
                                         99        10    1.88120131E-01    1.88120024E-01  ok
                                        106        17   -2.35320708E-01   -2.35320870E-01  ok
                                        107        18    5.78188541E-01    5.78188478E-01  ok
                                        108        19    8.09016994E-01    8.09016961E-01  ok
                                        109        20    9.57107393E-01    9.57107375E-01  ok
                                        110        21   -4.07560463E-01   -4.07560798E-01  ok
                                        111        22    9.52286660E-01    9.52286620E-01  ok
                                        129        40   -6.85087005E-01   -6.85086905E-01  ok
      3 -4.11058648E+02  2.26E-04           Objective   -2.98524595E+00   -2.98524636E+00  ok

      4 -5.65518611E+02  3.10E-04       138         4    9.33684697E-01    9.33684681E-01  ok
                                        145        11    6.94369546E-01    6.94369384E-01  ok
                                        151        17    2.35320708E-01    2.35320485E-01  ok
                                        157        23    9.30291630E-01    9.30291606E-01  ok
                                        158        24    9.98770700E-01    9.98770700E-01  ok
                                        159        25    6.42852960E-01    6.42852873E-01  ok
                                        160        26    1.03880285E-01    1.03879884E-01  ok
                                        161        27    5.82351269E-01    5.82351120E-01  ok
                                        175        41   -9.42324490E-01   -9.42324461E-01  ok
      4 -5.65518611E+02  3.10E-04           Objective    2.88406123E-01    2.88406532E-01  ok

      5  2.76227325E+02  1.52E-04       184         5    3.43409095E-01    3.43409012E-01  ok
                                        191        12   -9.98651443E-01   -9.98651444E-01  ok
                                        197        18   -5.78188541E-01   -5.78188584E-01  ok
                                        202        23   -9.30291630E-01   -9.30291642E-01  ok
                                        207        28    6.93408181E-01    6.93408079E-01  ok
                                        208        29   -1.55164044E-01   -1.55164109E-01  ok
                                        209        30   -7.47363504E-01   -7.47363536E-01  ok
                                        210        31   -4.43782836E-01   -4.43782898E-01  ok
                                        221        42    4.60285249E-01    4.60285348E-01  ok
      5  2.76227325E+02  1.52E-04           Objective   -3.89843064E-01   -3.89843280E-01  ok

      6  5.42704071E+02  2.98E-04       230         6    2.47031772E-02    2.47028701E-02  ok
                                        237        13   -9.29523263E-01   -9.29523288E-01  ok
                                        243        19   -8.09016994E-01   -8.09017038E-01  ok
                                        248        24   -9.98770700E-01   -9.98770700E-01  ok
                                        252        28   -6.93408181E-01   -6.93408382E-01  ok
                                        256        32   -4.63301257E-01   -4.63301379E-01  ok
                                        257        33   -9.25864388E-01   -9.25864406E-01  ok
                                        258        34   -7.55298977E-01   -7.55299045E-01  ok
                                        267        43    9.04513192E-01    9.04513237E-01  ok
      6  5.42704071E+02  2.98E-04           Objective   -1.32992655E-01    9.77380307E+03  bad?

      7  9.96149579E+01  5.51E-05       276         7    7.81826247E-01    7.81826229E-01  ok
                                        283        14   -2.67991079E-01   -2.67991102E-01  ok
                                        289        20   -9.57107393E-01   -9.57107397E-01  ok
                                        294        25   -6.42852960E-01   -6.42852972E-01  ok
                                        298        29    1.55164044E-01    1.55164018E-01  ok
                                        301        32    4.63301257E-01    4.63301235E-01  ok
                                        304        35   -8.35357556E-01   -8.35357566E-01  ok
                                        305        36   -7.49903359E-01   -7.49903393E-01  ok
                                        313        44    1.66024757E-01    1.66024803E-01  ok
      7  9.96149579E+01  5.51E-05           Objective    5.17669284E-01    5.17669129E-01  ok

      8 -5.25721214E+02  2.89E-04       322         8    9.98990026E-01    9.98990026E-01  ok
                                        329        15    3.82010362E-01    3.82010207E-01  ok
                                        335        21    4.07560463E-01    4.07560036E-01  ok
                                        340        26   -1.03880285E-01   -1.03880657E-01  ok
                                        344        30    7.47363504E-01    7.47363444E-01  ok
                                        347        33    9.25864388E-01    9.25864370E-01  ok
                                        349        35    8.35357556E-01    8.35357498E-01  ok
                                        351        37    8.96702342E-01    8.96702272E-01  ok
                                        359        45   -9.45987962E-01   -9.45987934E-01  ok
      8 -5.25721214E+02  2.89E-04           Objective    3.04719835E+00    3.04719919E+00  ok

      9 -1.65011502E+02  9.09E-05       368         9    9.84203230E-01    9.84203228E-01  ok
                                        375        16   -6.02480551E-02   -6.02481034E-02  ok
                                        381        22   -9.52286660E-01   -9.52286676E-01  ok
                                        386        27   -5.82351269E-01   -5.82351313E-01  ok
                                        390        31    4.43782836E-01    4.43782799E-01  ok
                                        393        34    7.55298977E-01    7.55298956E-01  ok
                                        395        36    7.49903359E-01    7.49903302E-01  ok
                                        396        37   -8.96702342E-01   -8.96702365E-01  ok
                                        405        46   -4.18381502E-01   -4.18381407E-01  ok
      9 -1.65011502E+02  9.09E-05           Objective   -3.36671104E-01   -3.36671252E-01  ok

     10 -2.28765333E+02  1.26E-04       406         2    7.12662083E-01    7.12662054E-01  ok
                                        407         3   -2.10858933E-01   -2.10858994E-01  ok
                                        408         4    3.58096197E-01    3.58096151E-01  ok
                                        409         5    9.39185921E-01    9.39185911E-01  ok
                                        410         6    9.99694830E-01    9.99694830E-01  ok
                                        411         7   -6.23496367E-01   -6.23496433E-01  ok
                                        412         8    4.49324929E-02    4.49324344E-02  ok
                                        413         9   -1.77042373E-01   -1.77042456E-01  ok
                                        442        38   -3.81273919E-01   -3.81273828E-01  ok
     10 -2.28765333E+02  1.26E-04           Objective    2.58191436E-01    2.58191568E-01  ok

     11  5.58586137E+02  3.07E-04       451         2   -7.12662083E-01   -7.12662151E-01  ok
                                        459        10   -9.82146026E-01   -9.82146031E-01  ok
                                        460        11   -7.19618603E-01   -7.19618751E-01  ok
                                        461        12   -5.19162263E-02   -5.19165337E-02  ok
                                        462        13   -3.68763480E-01   -3.68763641E-01  ok
                                        463        14   -9.63421394E-01   -9.63421403E-01  ok
                                        464        15   -9.24158040E-01   -9.24158068E-01  ok
                                        465        16   -9.98183436E-01   -9.98183436E-01  ok
                                        488        39    9.30238429E-01    9.30238463E-01  ok
     11  5.58586137E+02  3.07E-04           Objective   -4.66453234E-01   -4.66453184E-01  ok

     12 -4.37083604E+02  2.40E-04       497         3    2.10858933E-01    2.10858818E-01  ok
                                        504        10    9.82146026E-01    9.82146022E-01  ok
                                        511        17    9.71917777E-01    9.71917766E-01  ok
                                        512        18    8.15903188E-01    8.15903154E-01  ok
                                        513        19    5.87785252E-01    5.87785185E-01  ok
                                        514        20   -2.89733392E-01   -2.89733598E-01  ok
                                        515        21    9.13178224E-01    9.13178153E-01  ok
                                        516        22    3.05205040E-01    3.05204619E-01  ok
                                        534        40   -7.28461252E-01   -7.28461158E-01  ok
     12 -4.37083604E+02  2.40E-04           Objective   -2.67013593E+00    1.21276025E+04  bad?

     13  2.00864431E+02  1.11E-04       543         4   -3.58096197E-01   -3.58096237E-01  ok
                                        550        11    7.19618603E-01    7.19618549E-01  ok
                                        556        17   -9.71917777E-01   -9.71917781E-01  ok
                                        562        23    3.66820779E-01    3.66820725E-01  ok
                                        563        24    4.95690349E-02    4.95689843E-02  ok
                                        564        25   -7.65989603E-01   -7.65989626E-01  ok
                                        565        26   -9.94589808E-01   -9.94589810E-01  ok
                                        566        27   -8.12937267E-01   -8.12937295E-01  ok
                                        580        41    3.34700696E-01    3.34700779E-01  ok
     13  2.00864431E+02  1.11E-04           Objective   -1.49116626E-01   -1.49116379E-01  ok

     14  5.32770997E+02  2.92E-04       589         5   -9.39185921E-01   -9.39185942E-01  ok
                                        596        12    5.19162263E-02    5.19159330E-02  ok
                                        602        18   -8.15903188E-01   -8.15903228E-01  ok
                                        607        23   -3.66820779E-01   -3.66820919E-01  ok
                                        612        28   -7.20544998E-01   -7.20545181E-01  ok
                                        613        29   -9.87888718E-01   -9.87888722E-01  ok
                                        614        30   -6.64415377E-01   -6.64415453E-01  ok
                                        615        31   -8.96134362E-01   -8.96134391E-01  ok
                                        626        42    8.87771080E-01    8.87771131E-01  ok
     14  5.32770997E+02  2.92E-04           Objective   -5.32427995E-01   -5.32428107E-01  ok

     15  2.55865573E+02  1.41E-04       635         6   -9.99694830E-01   -9.99694830E-01  ok
                                        642        13    3.68763480E-01    3.68763405E-01  ok
                                        648        19   -5.87785252E-01   -5.87785291E-01  ok
                                        653        24   -4.95690349E-02   -4.95690983E-02  ok
                                        657        28    7.20544998E-01    7.20544910E-01  ok
                                        661        32   -8.86200849E-01   -8.86200864E-01  ok
                                        662        33   -3.77855971E-01   -3.77856025E-01  ok
                                        663        34   -6.55380389E-01   -6.55380432E-01  ok
                                        672        43    4.26445642E-01    4.26445738E-01  ok
     15  2.55865573E+02  1.41E-04           Objective    1.80491260E-01    1.80491359E-01  ok

     16 -5.91673566E+02  3.25E-04       681         7    6.23496367E-01    6.23496197E-01  ok
                                        688        14    9.63421394E-01    9.63421384E-01  ok
                                        694        20    2.89733392E-01    2.89733113E-01  ok
                                        699        25    7.65989603E-01    7.65989538E-01  ok
                                        703        29    9.87888718E-01    9.87888714E-01  ok
                                        706        32    8.86200849E-01    8.86200813E-01  ok
                                        709        35    5.49706970E-01    5.49706819E-01  ok
                                        710        36    6.61547392E-01    6.61547133E-01  ok
                                        718        44   -9.86121585E-01   -9.86121577E-01  ok
     16 -5.91673566E+02  3.25E-04           Objective    8.97912836E-01    8.97912746E-01  ok

     17 -1.80171150E+02  9.92E-05       727         8   -4.49324929E-02   -4.49325401E-02  ok
                                        734        15    9.24158040E-01    9.24158031E-01  ok
                                        740        21   -9.13178224E-01   -9.13178253E-01  ok
                                        745        26    9.94589808E-01    9.94589807E-01  ok
                                        749        30    6.64415377E-01    6.64415349E-01  ok
                                        752        33    3.77855971E-01    3.77855934E-01  ok
                                        754        35   -5.49706970E-01   -5.49707017E-01  ok
                                        756        37   -4.42634058E-01   -4.42634158E-01  ok
                                        764        45   -3.24201753E-01   -3.24201672E-01  ok
     17 -1.80171150E+02  9.92E-05           Objective    2.18847510E+00    2.18847553E+00  ok

     18 -3.58226226E+02  1.97E-04       773         9    1.77042373E-01    1.77042242E-01  ok
                                        780        16    9.98183436E-01    9.98183436E-01  ok
                                        786        22   -3.05205040E-01   -3.05205385E-01  ok
                                        791        27    8.12937267E-01    8.12937218E-01  ok
                                        795        31    8.96134362E-01    8.96134341E-01  ok
                                        798        34    6.55380389E-01    6.55380330E-01  ok
                                        800        36   -6.61547392E-01   -6.61547549E-01  ok
                                        801        37    4.42634058E-01    4.42633861E-01  ok
                                        810        46   -9.08271391E-01   -9.08271347E-01  ok
     18 -3.58226226E+02  1.97E-04           Objective    2.93063154E-01    2.93062640E-01  ok

    810  Jacobian elements in cols      1  thru    18  seem to be OK.

 -->  The largest relative error was    3.63E-07   in row    26,  column     4


 XXX  There seem to be     2  incorrect objective gradients in cols     1  thru    18

 -->  The largest relative error was    8.63E+03   in column     6

1

 SNOPTA EXIT  50 -- error in the user-supplied functions
 SNOPTA INFO  51 -- incorrect objective  derivatives

 Problem name                 opt prob
 No. of iterations                   0   Objective           -2.9670284010E+03
 No. of major iterations             0   Linear    obj. term  0.0000000000E+00
 Penalty parameter           0.000E+00   Nonlinear obj. term -2.9670284010E+03
 User function calls (total)        20
 No. of degenerate steps             0   Percentage                       0.00
 Max x                      16 5.9E+02   Max pi                      1 0.0E+00
 Max Primal infeas          57 4.8E-01   Max Dual infeas             8 3.0E+00
 Nonlinear constraint violn    4.8E-01
1

 Name           opt prob                 Objective Value     -2.9670284010E+03

 Status         Optimal Soln             Iteration      0    Superbasics     0

 Objective               (Min)
 RHS
 Ranges
 Bounds

 Section 1 - Constraints

  Number  ...Row.. State  ...Value......  Slack Value...  ..Lower Limit.  ..Upper Limit.  .Dual Variable    ..i

      19  r      1    BS          .               .                None            None          1.0          1
      20  r      2    BS      -852.00337      -852.00337           None           .               .           2
      21  r      3    BS      -735.15089      -735.15089           None           .               .           3
      22  r      4    BS      -946.96076      -946.96076           None           .               .           4
      23  r      5    BS      -558.04726      -558.04726           None           .               .           5
      24  r      6    BS      -231.97885      -231.97885           None           .               .           6
      25  r      7    BS      -329.25348      -329.25348           None           .               .           7
      26  r      8    BS      -828.69314      -828.69314           None           .               .           8
      27  r      9    BS      -478.44242      -478.44242           None           .               .           9
      28  r     10    BS      -760.96956      -760.96956           None           .               .          10
      29  r     11    BS      -244.29902      -244.29902           None           .               .          11
      30  r     12    BS      -244.44608      -244.44608           None           .               .          12
      31  r     13    BS      -568.10711      -568.10711           None           .               .          13
      32  r     14    BS      -941.13207      -941.13207           None           .               .          14
      33  r     15    BS      -546.58415      -546.58415           None           .               .          15
      34  r     16    BS      -665.68084      -665.68084           None           .               .          16
      35  r     17    BS      -403.58066      -403.58066           None           .               .          17
      36  r     18    BS      -935.88833      -935.88833           None           .               .          18
      37  r     19    BS      -926.11556      -926.11556           None           .               .          19
      38  r     20    BS      -280.75936      -280.75936           None           .               .          20
      39  r     21    BS       -28.53879       -28.53879           None           .               .          21
      40  r     22    BS        -5.57508        -5.57508           None           .               .          22
      41  r     23    BS      -652.01942      -652.01942           None           .               .          23
      42  r     24    BS      -856.78670      -856.78670           None           .               .          24
      43  r     25    BS      -781.85895      -781.85895           None           .               .          25
      44  r     26    BS      -130.30827      -130.30827           None           .               .          26
      45  r     27    BS      -434.94145      -434.94145           None           .               .          27
      46  r     28    BS      -131.49997      -131.49997           None           .               .          28
      47  r     29    BS      -885.42999      -885.42999           None           .               .          29
      48  r     30    BS      -820.23680      -820.23680           None           .               .          30
      49  r     31    BS      -741.46745      -741.46745           None           .               .          31
      50  r     32    BS      -703.57365      -703.57365           None           .               .          32
      51  r     33    BS      -901.17600      -901.17600           None           .               .          33
      52  r     34    BS      -684.20057      -684.20057           None           .               .          34
      53  r     35    BS      -495.78504      -495.78504           None           .               .          35
      54  r     36    BS      -100.08075      -100.08075           None           .               .          36
      55  r     37    BS      -149.46248      -149.46248           None           .               .          37
      56  r     38 I  BS         0.00258         0.00258           None           .               .          38
      57  r     39 I  BS         0.47631         0.47631           None           .               .          39
      58  r     40 I  BS         0.00941         0.00941           None           .               .          40
      59  r     41 I  BS         0.13150         0.13150           None           .               .          41
      60  r     42 I  BS         0.12205         0.12205           None           .               .          42
      61  r     43    BS        -0.00425        -0.00425           None           .               .          43
      62  r     44 I  BS         0.00062         0.00062           None           .               .          44
      63  r     45    BS       -44.26226       -44.26226           None           .               .          45
      64  r     46    BS      -205.59561      -205.59561           None           .               .          46
1

 Section 2 - Variables

  Number  .Column. State  ...Value......  .Obj Gradient.  ..Lower Limit.  ..Upper Limit.  .Dual Variable    m+j

       1  x      1 N  FR       554.67965        -0.48013      -600.00000       600.00000        -0.48013     47
       2  x      2 N  FR      -220.34819         0.47161      -600.00000       600.00000         0.47161     48
       3  x      3 N  FR      -411.05865        -2.98525      -600.00000       600.00000        -2.98525     49
       4  x      4 N  FR      -565.51861         0.28841      -600.00000       600.00000         0.28841     50
       5  x      5 N  FR       276.22733        -0.38984      -600.00000       600.00000        -0.38984     51
       6  x      6 N  FR       542.70407        -0.13299      -600.00000       600.00000        -0.13299     52
       7  x      7 N  FR        99.61496         0.51767      -600.00000       600.00000         0.51767     53
       8  x      8 N  FR      -525.72121         3.04720      -600.00000       600.00000         3.04720     54
       9  x      9 N  FR      -165.01150        -0.33667      -600.00000       600.00000        -0.33667     55
      10  x     10 N  FR      -228.76533         0.25819      -600.00000       600.00000         0.25819     56
      11  x     11 N  FR       558.58614        -0.46645      -600.00000       600.00000        -0.46645     57
      12  x     12 N  FR      -437.08360        -2.67014      -600.00000       600.00000        -2.67014     58
      13  x     13 N  FR       200.86443        -0.14912      -600.00000       600.00000        -0.14912     59
      14  x     14 N  FR       532.77100        -0.53243      -600.00000       600.00000        -0.53243     60
      15  x     15 N  FR       255.86557         0.18049      -600.00000       600.00000         0.18049     61
      16  x     16 N  FR      -591.67357         0.89791      -600.00000       600.00000         0.89791     62
      17  x     17 N  FR      -180.17115         2.18848      -600.00000       600.00000         2.18848     63
      18  x     18 N  FR      -358.22623         0.29306      -600.00000       600.00000         0.29306     64

 Time for MPS input                             0.00 seconds
 Time for solving problem                       2.16 seconds
 Time for solution output                       0.00 seconds
 Time for constraint functions                  2.16 seconds
 Time for objective function                    0.00 seconds
