
         ==============================
         S N O P T  7.7.3    (Dec 2019)
         ==============================
      opt-files/9turb-circle-600r/snopt-wec/010dirs/051-wec1.0-TI-print.out
 XXX  Keyword not recognized:         OPT-FILES/9TURB-
      Derivative option               1
      Verify level               3
      opt-files/9turb-circle-600r/snopt-wec/010dirs/051-wec1.0-TI-summary.out
 XXX  Keyword not recognized:         OPT-FILES/9TURB-
      Major optimality tolerance  5.00000000E-05
      Major iteration limit         1000000
1

 SNMEMA EXIT 100 -- finished successfully
 SNMEMA INFO 104 -- memory requirements estimated
      Total character workspace             500
      Total integer   workspace           35042
      Total real      workspace           23255
1

 Parameters
 ==========

 Files
 -----
 Solution file..........         0       Old basis file ........         0       Standard input.........         5
 Insert file............         0       New basis file ........         0       (Printer)..............        18
 Punch file.............         0       Backup basis file......         0       (Specs file)...........         0
 Load file..............         0       Dump file..............         0       Standard output........         6

 Frequencies
 -----------
 Print frequency........       100       Check frequency........        60       Save new basis map.....       100
 Summary frequency......       100       Factorization frequency        50       Expand frequency.......     10000

 QP subproblems
 --------------
 QPsolver Cholesky......
 Scale tolerance........     0.900       Minor feasibility tol..  1.00E-06       Iteration limit........     10000
 Scale option...........         0       Minor optimality  tol..  1.00E-06       Minor print level......         1
 Crash tolerance........     0.100       Pivot tolerance........  3.25E-11       New superbasics........        99
 Crash option...........         3       Elastic weight.........  1.00E+05

 Partial pricing
 ---------------
 LP Partial price.......         1       Prtl price section ( A)        18       Prtl price section (-I)        46
 QP Partial price.......         1       Prtl price section ( A)        18       Prtl price section (-I)        46

 The SQP Method
 --------------
 Minimize...............                 Cold start.............                 Proximal Point method..         1
 Nonlinear objectiv vars        18       Objective Row..........         1       Function precision.....  3.00E-13
 Unbounded step size....  1.00E+20       Superbasics limit......        18       Difference interval....  5.48E-07
 Unbounded objective....  1.00E+10       Reduced Hessian dim....        18       Central difference int.  6.70E-05
 Major step limit.......  2.00E+00       Derivative linesearch..                 Derivative option......         1
 Major iterations limit.   1000000       Linesearch tolerance...   0.90000       Verify level...........         3
 Minor iterations limit.       500       Penalty parameter......  0.00E+00       Major Print Level......         1
 Time limit (secs)...... 9999999.0       Major optimality tol...  5.00E-05

 Hessian Approximation
 ---------------------
 Hessian full-memory....                 Hessian updates........  99999999       Hessian frequency......  99999999
                                                                                 Hessian flush..........  99999999

 Nonlinear constraints
 ---------------------
 Nonlinear constraints..        45       Major feasibility tol..  1.00E-06       Violation limit........  1.00E+01
 Nonlinear Jacobian vars        18

 Miscellaneous
 -------------
 LU factor tolerance....      3.99       LU singularity tol.....  3.25E-11       Timing level...........         3
 LU update tolerance....      3.99       LU swap tolerance......  1.22E-04       Debug level............         0
 LU partial  pivoting...                 eps (machine precision)  2.22E-16       System information.....        No
                                                                                 Sticky parameters......        No
1




 Matrix statistics
 -----------------
               Total      Normal        Free       Fixed     Bounded
 Rows             46          45           1           0           0
 Columns          18           0           0           0          18

 No. of matrix elements                  810     Density      97.826
 Biggest  constant element        0.0000E+00  (excluding fixed columns,
 Smallest constant element        0.0000E+00   free rows, and RHS)

 No. of objective coefficients             0

 Nonlinear constraints      45     Linear constraints       1
 Nonlinear variables        18     Linear variables         0
 Jacobian  variables        18     Objective variables     18
 Total constraints          46     Total variables         18
1



 The user has defined     828   out of     828   first  derivatives

 Verification of user-supplied problem derivatives.

 The constraint gradients seem to be OK.

 -->  The largest discrepancy was    5.93E-08  in constraint    24


 The objective  gradients seem to be OK.

 Gradient projected in one direction  -1.35923584911E-01
 Difference approximation             -1.35869539238E-01


 Column       x(j)        dx(j)    Element no.    Row        Derivative    Difference approxn

      1  4.92012892E+02  2.70E-04         1         2   -6.33508326E-01   -6.33508398E-01  ok
                                          2         3   -9.97464565E-01   -9.97464565E-01  ok
                                          3         4   -8.94021883E-01   -8.94021907E-01  ok
                                          4         5   -3.86345573E-01   -3.86345695E-01  ok
                                          5         6    2.11394215E-01    2.11393937E-01  ok
                                          6         7   -7.67407968E-01   -7.67408144E-01  ok
                                          7         8   -9.66395804E-01   -9.66395813E-01  ok
                                          8         9   -9.97382527E-01   -9.97382528E-01  ok
                                         37        38    8.20021487E-01    8.20021560E-01  ok
      1  4.92012892E+02  2.70E-04           Objective   -7.07823879E-01   -7.07820989E-01  ok

      2 -2.16212930E+02  1.19E-04        46         2    6.33508326E-01    6.33508294E-01  ok
                                         54        10   -1.86190621E-01   -1.86190683E-01  ok
                                         55        11   -7.27785660E-01   -7.27785717E-01  ok
                                         56        12    9.99893116E-01    9.99893116E-01  ok
                                         57        13    8.90360810E-01    8.90360796E-01  ok
                                         58        14    4.00751370E-01    4.00751326E-01  ok
                                         59        15   -4.12172090E-01   -4.12172165E-01  ok
                                         60        16    2.27967233E-01    2.27967171E-01  ok
                                         83        39   -3.82928681E-01   -3.82928591E-01  ok
      2 -2.16212930E+02  1.19E-04           Objective    5.79857136E-07    1.98752115E-06  ok

      3 -3.92086031E+02  2.15E-04        92         3    9.97464565E-01    9.97464565E-01  ok
                                         99        10    1.86190621E-01    1.86190511E-01  ok
                                        106        17   -2.85836455E-01   -2.85836614E-01  ok
                                        107        18    4.86564313E-01    4.86564236E-01  ok
                                        108        19    8.85285540E-01    8.85285520E-01  ok
                                        109        20    9.77464903E-01    9.77464896E-01  ok
                                        110        21   -2.87610852E-01   -2.87611144E-01  ok
                                        111        22    9.97568125E-01    9.97568123E-01  ok
                                        129        40   -6.94251782E-01   -6.94251683E-01  ok
      3 -3.92086031E+02  2.15E-04           Objective    7.05141833E-06    5.10134565E-04  ok

      4 -5.69586833E+02  3.13E-04       138         4    8.94021883E-01    8.94021857E-01  ok
                                        145        11    7.27785660E-01    7.27785508E-01  ok
                                        151        17    2.85836455E-01    2.85836224E-01  ok
                                        157        23    8.99817812E-01    8.99817774E-01  ok
                                        158        24    9.97674838E-01    9.97674838E-01  ok
                                        159        25    7.45178469E-01    7.45178405E-01  ok
                                        160        26    2.83709824E-01    2.83709316E-01  ok
                                        161        27    7.04783512E-01    7.04783415E-01  ok
                                        175        41   -9.49311389E-01   -9.49311363E-01  ok
      4 -5.69586833E+02  3.13E-04           Objective    1.24197229E+00    1.24197811E+00  ok

      5  1.27588789E+02  7.04E-05       184         5    3.86345573E-01    3.86345542E-01  ok
                                        191        12   -9.99893116E-01   -9.99893116E-01  ok
                                        197        18   -4.86564313E-01   -4.86564338E-01  ok
                                        202        23   -8.99817812E-01   -8.99817823E-01  ok
                                        207        28    7.42408583E-01    7.42408558E-01  ok
                                        208        29    1.13862135E-01    1.13862104E-01  ok
                                        209        30   -7.11736182E-01   -7.11736201E-01  ok
                                        210        31   -1.45059523E-01   -1.45059559E-01  ok
                                        221        42    2.35466574E-01    2.35466635E-01  ok
      5  1.27588789E+02  7.04E-05           Objective   -1.52887538E-05   -1.44623544E-05  ok

      6  5.89943560E+02  3.24E-04       230         6   -2.11394215E-01   -2.11394549E-01  ok
                                        237        13   -8.90360810E-01   -8.90360848E-01  ok
                                        243        19   -8.85285540E-01   -8.85285571E-01  ok
                                        248        24   -9.97674838E-01   -9.97674837E-01  ok
                                        252        28   -7.42408583E-01   -7.42408700E-01  ok
                                        256        32   -4.60396686E-01   -4.60396859E-01  ok
                                        257        33   -9.84586940E-01   -9.84586944E-01  ok
                                        258        34   -7.72769724E-01   -7.72769809E-01  ok
                                        267        43    9.83239266E-01    9.83239275E-01  ok
      6  5.89943560E+02  3.24E-04           Objective   -5.26738146E-01   -5.26733965E-01  ok

      7  2.50431631E+02  1.38E-04       276         7    7.67407968E-01    7.67407878E-01  ok
                                        283        14   -4.00751370E-01   -4.00751418E-01  ok
                                        289        20   -9.77464903E-01   -9.77464909E-01  ok
                                        294        25   -7.45178469E-01   -7.45178497E-01  ok
                                        298        29   -1.13862135E-01   -1.13862198E-01  ok
                                        301        32    4.60396686E-01    4.60396611E-01  ok
                                        304        35   -8.47747044E-01   -8.47747065E-01  ok
                                        305        36   -8.39049588E-01   -8.39049654E-01  ok
                                        313        44    4.17386051E-01    4.17386146E-01  ok
      7  2.50431631E+02  1.38E-04           Objective   -6.73662739E-03   -6.73457565E-03  ok

      8 -4.89423916E+02  2.69E-04       322         8    9.66395804E-01    9.66395796E-01  ok
                                        329        15    4.12172090E-01    4.12171921E-01  ok
                                        335        21    2.87610852E-01    2.87610488E-01  ok
                                        340        26   -2.83709824E-01   -2.83710262E-01  ok
                                        344        30    7.11736182E-01    7.11736106E-01  ok
                                        347        33    9.84586940E-01    9.84586937E-01  ok
                                        349        35    8.47747044E-01    8.47747001E-01  ok
                                        351        37    8.52321073E-01    8.52321009E-01  ok
                                        359        45   -9.86141352E-01   -9.86141344E-01  ok
      8 -4.89423916E+02  2.69E-04           Objective   -6.15725546E-04    1.20451136E-02  bad?

      9 -5.25011507E+00  3.42E-06       368         9    9.97382527E-01    9.97382540E-01  ok
                                        375        16   -2.27967233E-01   -2.27967247E-01  ok
                                        381        22   -9.97568125E-01   -9.97568124E-01  ok
                                        386        27   -7.04783512E-01   -7.04783490E-01  ok
                                        390        31    1.45059523E-01    1.45059578E-01  ok
                                        393        34    7.72769724E-01    7.72769759E-01  ok
                                        395        36    8.39049588E-01    8.39049588E-01  ok
                                        396        37   -8.52321073E-01   -8.52321069E-01  ok
                                        405        46   -1.38348347E-02   -1.38348256E-02  ok
      9 -5.25011507E+00  3.42E-06           Objective   -5.02519327E-05   -5.02108848E-05  ok

     10 -3.43399642E+02  1.89E-04       406         2    7.73735873E-01    7.73735839E-01  ok
                                        407         3   -7.11648936E-02   -7.11649990E-02  ok
                                        408         4    4.48023294E-01    4.48023230E-01  ok
                                        409         5    9.22354107E-01    9.22354091E-01  ok
                                        410         6    9.77400883E-01    9.77400874E-01  ok
                                        411         7   -6.41159115E-01   -6.41159291E-01  ok
                                        412         8    2.57058650E-01    2.57058563E-01  ok
                                        413         9   -7.23055725E-02   -7.23057605E-02  ok
                                        442        38   -5.72332737E-01   -5.72332631E-01  ok
     10 -3.43399642E+02  1.89E-04           Objective    4.94004081E-01    4.94007518E-01  ok

     11  5.21592501E+02  2.86E-04       451         2   -7.73735873E-01   -7.73735925E-01  ok
                                        459        10   -9.82513640E-01   -9.82513645E-01  ok
                                        460        11   -6.85804662E-01   -6.85804817E-01  ok
                                        461        12    1.46204173E-02    1.46200011E-02  ok
                                        462        13   -4.55255562E-01   -4.55255688E-01  ok
                                        463        14   -9.16186848E-01   -9.16186867E-01  ok
                                        464        15   -9.11106014E-01   -9.11106051E-01  ok
                                        465        16   -9.73668804E-01   -9.73668813E-01  ok
                                        488        39    9.23777909E-01    9.23777947E-01  ok
     11  5.21592501E+02  2.86E-04           Objective   -2.30370052E-05   -1.60613509E-05  ok

     12 -4.06476375E+02  2.23E-04       497         3    7.11648936E-02    7.11647688E-02  ok
                                        504        10    9.82513640E-01    9.82513635E-01  ok
                                        511        17    9.58278415E-01    9.58278400E-01  ok
                                        512        18    8.73644762E-01    8.73644736E-01  ok
                                        513        19    4.65047860E-01    4.65047781E-01  ok
                                        514        20   -2.11097995E-01   -2.11098157E-01  ok
                                        515        21    9.57747356E-01    9.57747329E-01  ok
                                        516        22    6.96981842E-02    6.96978977E-02  ok
                                        534        40   -7.19732216E-01   -7.19732120E-01  ok
     12 -4.06476375E+02  2.23E-04           Objective    3.05587789E-05    7.35608899E-05  ok

     13  1.88602331E+02  1.04E-04       543         4   -4.48023294E-01   -4.48023330E-01  ok
                                        550        11    6.85804662E-01    6.85804605E-01  ok
                                        556        17   -9.58278415E-01   -9.58278422E-01  ok
                                        562        23    4.36265865E-01    4.36265810E-01  ok
                                        563        24   -6.81536382E-02   -6.81536804E-02  ok
                                        564        25   -6.66865091E-01   -6.66865118E-01  ok
                                        565        26   -9.58910181E-01   -9.58910196E-01  ok
                                        566        27   -7.09422442E-01   -7.09422474E-01  ok
                                        580        41    3.14337219E-01    3.14337297E-01  ok
     13  1.88602331E+02  1.04E-04           Objective   -4.11056791E-01   -4.11055756E-01  ok

     14  5.26619563E+02  2.89E-04       589         5   -9.22354107E-01   -9.22354130E-01  ok
                                        596        12   -1.46204173E-02   -1.46208375E-02  ok
                                        602        18   -8.73644762E-01   -8.73644793E-01  ok
                                        607        23   -4.36265865E-01   -4.36266016E-01  ok
                                        612        28   -6.69947383E-01   -6.69947511E-01  ok
                                        613        29   -9.93496560E-01   -9.93496562E-01  ok
                                        614        30   -7.02446871E-01   -7.02446956E-01  ok
                                        615        31   -9.89422930E-01   -9.89422933E-01  ok
                                        626        42    9.71882448E-01    9.71882463E-01  ok
     14  5.26619563E+02  2.89E-04           Objective    2.79517245E-05    3.62193610E-05  ok

     15  1.09391940E+02  6.05E-05       635         6   -9.77400883E-01   -9.77400885E-01  ok
                                        642        13    4.55255562E-01    4.55255536E-01  ok
                                        648        19   -4.65047860E-01   -4.65047881E-01  ok
                                        653        24    6.81536382E-02    6.81536125E-02  ok
                                        657        28    6.69947383E-01    6.69947356E-01  ok
                                        661        32   -8.87713294E-01   -8.87713304E-01  ok
                                        662        33   -1.74895846E-01   -1.74895871E-01  ok
                                        663        34   -6.34686500E-01   -6.34686523E-01  ok
                                        672        43    1.82319899E-01    1.82319947E-01  ok
     15  1.09391940E+02  6.05E-05           Objective   -9.77112039E-02   -9.77106934E-02  ok

     16 -5.45237561E+02  2.99E-04       681         7    6.41159115E-01    6.41158835E-01  ok
                                        688        14    9.16186848E-01    9.16186827E-01  ok
                                        694        20    2.11097995E-01    2.11097777E-01  ok
                                        699        25    6.66865091E-01    6.66865016E-01  ok
                                        703        29    9.93496560E-01    9.93496558E-01  ok
                                        706        32    8.87713294E-01    8.87713250E-01  ok
                                        709        35    5.30400744E-01    5.30400621E-01  ok
                                        710        36    5.44054951E-01    5.44054605E-01  ok
                                        718        44   -9.08729269E-01   -9.08729226E-01  ok
     16 -5.45237561E+02  2.99E-04           Objective    1.47087831E-02    1.47151437E-02  ok

     17 -8.23401261E+01  4.56E-05       727         8   -2.57058650E-01   -2.57058673E-01  ok
                                        734        15    9.11106014E-01    9.11106007E-01  ok
                                        740        21   -9.57747356E-01   -9.57747361E-01  ok
                                        745        26    9.58910181E-01    9.58910175E-01  ok
                                        749        30    7.02446871E-01    7.02446859E-01  ok
                                        752        33    1.74895846E-01    1.74895826E-01  ok
                                        754        35   -5.30400744E-01   -5.30400764E-01  ok
                                        756        37   -5.23018917E-01   -5.23018947E-01  ok
                                        764        45   -1.65907306E-01   -1.65907260E-01  ok
     17 -8.23401261E+01  4.56E-05           Objective    3.72848703E-05    3.85523538E-05  ok

     18 -3.79448886E+02  2.08E-04       773         9    7.23055725E-02    7.23053647E-02  ok
                                        780        16    9.73668804E-01    9.73668799E-01  ok
                                        786        22   -6.96981842E-02   -6.96984519E-02  ok
                                        791        27    7.09422442E-01    7.09422377E-01  ok
                                        795        31    9.89422930E-01    9.89422928E-01  ok
                                        798        34    6.34686500E-01    6.34686420E-01  ok
                                        800        36   -5.44054951E-01   -5.44055191E-01  ok
                                        801        37    5.23018917E-01    5.23018784E-01  ok
                                        810        46   -9.99904294E-01   -9.99904294E-01  ok
     18 -3.79448886E+02  2.08E-04           Objective   -1.76279959E-05   -1.10376494E-05  ok

    810  Jacobian elements in cols      1  thru    18  seem to be OK.

 -->  The largest relative error was    4.14E-07   in row    12,  column    14


 XXX  There seem to be     1  incorrect objective gradients in cols     1  thru    18

 -->  The largest relative error was    1.27E-02   in column     8

1



   Itns Major Minors    Step   nCon Feasible  Optimal  MeritFunction     L+U BSwap     nS condZHZ Penalty
     13     0     13              1 (2.2E-12) 4.7E-04 -4.3348841E+03      78           13 5.7E+00         _  r
     14     1      1 1.8E-09     11 (2.2E-12) 4.7E-04 -4.3348841E+03      78           13 5.7E+00         _  r
     16     2      2 1.8E-10     18 (2.2E-12) 4.7E-04 -4.3348841E+03      78           14 5.9E+00         _s
1

 SNOPTA EXIT   0 -- finished successfully
 SNOPTA INFO   3 -- requested accuracy could not be achieved

 Problem name                 opt prob
 No. of iterations                  16   Objective           -4.3348840922E+03
 No. of major iterations             2   Linear    obj. term  0.0000000000E+00
 Penalty parameter           0.000E+00   Nonlinear obj. term -4.3348840922E+03
 User function calls (total)        43
 No. of superbasics                 14   No. of basic nonlinears             4
 No. of degenerate steps             0   Percentage                       0.00
 Max x                       6 5.9E+02   Max pi                     40 1.3E+00
 Max Primal infeas          61 1.3E-09   Max Dual infeas             8 6.2E-04
 Nonlinear constraint violn    1.3E-09
1

 Name           opt prob                 Objective Value     -4.3348840922E+03

 Status         Optimal Soln             Iteration     16    Superbasics    14

 Objective               (Min)
 RHS
 Ranges
 Bounds

 Section 1 - Constraints

  Number  ...Row.. State  ...Value......  Slack Value...  ..Lower Limit.  ..Upper Limit.  .Dual Variable    ..i

      19  r      1    BS          .               .                None            None           .           1
      20  r      2    BS      -865.14241      -865.14241           None           .               .           2
      21  r      3    BS      -633.54620      -633.54620           None           .               .           3
      22  r      4    BS      -934.64266      -934.64266           None           .               .           4
      23  r      5    BS      -690.45943      -690.45943           None           .               .           5
      24  r      6    BS      -210.46087      -210.46087           None           .               .           6
      25  r      7    BS       -62.00161       -62.00161           None           .               .           7
      26  r      8    BS      -762.76402      -762.76402           None           .               .           8
      27  r      9    BS      -245.76800      -245.76800           None           .               .           9
      28  r     10    BS      -691.78625      -691.78625           None           .               .          10
      29  r     11    BS      -232.74667      -232.74667           None           .               .          11
      30  r     12    BS       -91.03847       -91.03847           None           .               .          12
      31  r     13    BS      -652.62674      -652.62674           None           .               .          13
      32  r     14    BS      -911.62412      -911.62412           None           .               .          14
      33  r     15    BS      -410.05659      -410.05659           None           .               .          15
      34  r     16    BS      -672.60850      -672.60850           None           .               .          16
      35  r     17    BS      -368.18728      -368.18728           None           .               .          17
      36  r     18    BS      -815.24960      -815.24960           None           .               .          18
      37  r     19    BS      -856.48005      -856.48005           None           .               .          19
      38  r     20    BS      -404.53067      -404.53067           None           .               .          20
      39  r     21    BS       -85.63607       -85.63607           None           .               .          21
      40  r     22    BS      -134.97895      -134.97895           None           .               .          22
      41  r     23    BS      -521.99642      -521.99642           None           .               .          23
      42  r     24    BS      -909.43277      -909.43277           None           .               .          24
      43  r     25    BS      -847.63231      -847.63231           None           .               .          25
      44  r     26    BS       -29.75249       -29.75249           None           .               .          26
      45  r     27    BS      -547.92350      -547.92350           None           .               .          27
      46  r     28    BS      -369.97670      -369.97670           None           .               .          28
      47  r     29    BS      -826.07351      -826.07351           None           .               .          29
      48  r     30    BS      -614.11210      -614.11210           None           .               .          30
      49  r     31    BS      -662.95445      -662.95445           None           .               .          31
      50  r     32    BS      -484.63348      -484.63348           None           .               .          32
      51  r     33    BS      -843.46426      -843.46426           None           .               .          33
      52  r     34    BS      -517.40832      -517.40832           None           .               .          34
      53  r     35    BS      -619.93150      -619.93150           None           .               .          35
      54  r     36    BS       -51.92781       -51.92781           None           .               .          36
      55  r     37    BS      -315.26504      -315.26504           None           .               .          37
      56  r     38    UL         0.00000         0.00000           None           .             -0.86317     38
      57  r     39    BS       -35.37024       -35.37024           None           .               .          39
      58  r     40    BS       -35.23943       -35.23943           None           .               .          40
      59  r     41    UL         0.00000         0.00000           None           .             -1.30808     41
      60  r     42    BS       -58.14480       -58.14480           None           .               .          42
      61  r     43    UL         0.00000         0.00000           None           .             -0.53572     43
      62  r     44    UL         0.00000         0.00000           None           .             -0.01618     44
      63  r     45    BS      -103.69801      -103.69801           None           .               .          45
      64  r     46    BS      -220.51479      -220.51479           None           .               .          46
1

 Section 2 - Variables

  Number  .Column. State  ...Value......  .Obj Gradient.  ..Lower Limit.  ..Upper Limit.  .Dual Variable    m+j

       1  x      1    BS       492.01289        -0.70782      -600.00000       600.00000        -0.00001     47
       2  x      2   SBS      -216.21293         0.00000      -600.00000       600.00000         0.00000     48
       3  x      3   SBS      -392.08603         0.00001      -600.00000       600.00000         0.00001     49
       4  x      4    BS      -569.58683         1.24197      -600.00000       600.00000         0.00020     50
       5  x      5   SBS       127.58879        -0.00002      -600.00000       600.00000        -0.00002     51
       6  x      6    BS       589.94356        -0.52674      -600.00000       600.00000         0.00001     52
       7  x      7    BS       250.43163        -0.00674      -600.00000       600.00000         0.00002     53
       8  x      8 N SBS      -489.42392        -0.00062      -600.00000       600.00000        -0.00062     54
       9  x      9   SBS        -5.25012        -0.00005      -600.00000       600.00000        -0.00005     55
      10  x     10   SBS      -343.39964         0.49400      -600.00000       600.00000        -0.00001     56
      11  x     11   SBS       521.59250        -0.00002      -600.00000       600.00000        -0.00002     57
      12  x     12   SBS      -406.47637         0.00003      -600.00000       600.00000         0.00003     58
      13  x     13 N SBS       188.60233        -0.41106      -600.00000       600.00000         0.00012     59
      14  x     14   SBS       526.61956         0.00003      -600.00000       600.00000         0.00003     60
      15  x     15   SBS       109.39194        -0.09771      -600.00000       600.00000        -0.00004     61
      16  x     16   SBS      -545.23756         0.01471      -600.00000       600.00000         0.00001     62
      17  x     17   SBS       -82.34013         0.00004      -600.00000       600.00000         0.00004     63
      18  x     18   SBS      -379.44889        -0.00002      -600.00000       600.00000        -0.00002     64

 Time for MPS input                             0.00 seconds
 Time for solving problem                       4.72 seconds
 Time for solution output                       0.00 seconds
 Time for constraint functions                  4.70 seconds
 Time for objective function                    0.00 seconds
