
         ==============================
         S N O P T  7.7.3    (Dec 2019)
         ==============================
      opt-files/9turb-circle-600r/snopt-wec/010dirs/051-wec1.4-print.out
 XXX  Keyword not recognized:         OPT-FILES/9TURB-
      Derivative option               1
      Verify level               3
      opt-files/9turb-circle-600r/snopt-wec/010dirs/051-wec1.4-summary.out
 XXX  Keyword not recognized:         OPT-FILES/9TURB-
      Major optimality tolerance  5.00000000E-05
      Major iteration limit         1000000
1

 SNMEMA EXIT 100 -- finished successfully
 SNMEMA INFO 104 -- memory requirements estimated
      Total character workspace             500
      Total integer   workspace           35042
      Total real      workspace           23255
1

 Parameters
 ==========

 Files
 -----
 Solution file..........         0       Old basis file ........         0       Standard input.........         5
 Insert file............         0       New basis file ........         0       (Printer)..............        18
 Punch file.............         0       Backup basis file......         0       (Specs file)...........         0
 Load file..............         0       Dump file..............         0       Standard output........         6

 Frequencies
 -----------
 Print frequency........       100       Check frequency........        60       Save new basis map.....       100
 Summary frequency......       100       Factorization frequency        50       Expand frequency.......     10000

 QP subproblems
 --------------
 QPsolver Cholesky......
 Scale tolerance........     0.900       Minor feasibility tol..  1.00E-06       Iteration limit........     10000
 Scale option...........         0       Minor optimality  tol..  1.00E-06       Minor print level......         1
 Crash tolerance........     0.100       Pivot tolerance........  3.25E-11       New superbasics........        99
 Crash option...........         3       Elastic weight.........  1.00E+05

 Partial pricing
 ---------------
 LP Partial price.......         1       Prtl price section ( A)        18       Prtl price section (-I)        46
 QP Partial price.......         1       Prtl price section ( A)        18       Prtl price section (-I)        46

 The SQP Method
 --------------
 Minimize...............                 Cold start.............                 Proximal Point method..         1
 Nonlinear objectiv vars        18       Objective Row..........         1       Function precision.....  3.00E-13
 Unbounded step size....  1.00E+20       Superbasics limit......        18       Difference interval....  5.48E-07
 Unbounded objective....  1.00E+10       Reduced Hessian dim....        18       Central difference int.  6.70E-05
 Major step limit.......  2.00E+00       Derivative linesearch..                 Derivative option......         1
 Major iterations limit.   1000000       Linesearch tolerance...   0.90000       Verify level...........         3
 Minor iterations limit.       500       Penalty parameter......  0.00E+00       Major Print Level......         1
 Time limit (secs)...... 9999999.0       Major optimality tol...  5.00E-05

 Hessian Approximation
 ---------------------
 Hessian full-memory....                 Hessian updates........  99999999       Hessian frequency......  99999999
                                                                                 Hessian flush..........  99999999

 Nonlinear constraints
 ---------------------
 Nonlinear constraints..        45       Major feasibility tol..  1.00E-06       Violation limit........  1.00E+01
 Nonlinear Jacobian vars        18

 Miscellaneous
 -------------
 LU factor tolerance....      3.99       LU singularity tol.....  3.25E-11       Timing level...........         3
 LU update tolerance....      3.99       LU swap tolerance......  1.22E-04       Debug level............         0
 LU partial  pivoting...                 eps (machine precision)  2.22E-16       System information.....        No
                                                                                 Sticky parameters......        No
1




 Matrix statistics
 -----------------
               Total      Normal        Free       Fixed     Bounded
 Rows             46          45           1           0           0
 Columns          18           0           0           0          18

 No. of matrix elements                  810     Density      97.826
 Biggest  constant element        0.0000E+00  (excluding fixed columns,
 Smallest constant element        0.0000E+00   free rows, and RHS)

 No. of objective coefficients             0

 Nonlinear constraints      45     Linear constraints       1
 Nonlinear variables        18     Linear variables         0
 Jacobian  variables        18     Objective variables     18
 Total constraints          46     Total variables         18
1



 The user has defined     828   out of     828   first  derivatives

 Verification of user-supplied problem derivatives.

 The constraint gradients seem to be OK.

 -->  The largest discrepancy was    4.76E-08  in constraint    52


 The objective  gradients seem to be OK.

 Gradient projected in one direction  -1.63774409538E-01
 Difference approximation             -1.63774159673E-01


 Column       x(j)        dx(j)    Element no.    Row        Derivative    Difference approxn

      1  5.54679649E+02  3.04E-04         1         2   -7.01507488E-01   -7.01507558E-01  ok
                                          2         3   -9.77516501E-01   -9.77516508E-01  ok
                                          3         4   -9.33684697E-01   -9.33684713E-01  ok
                                          4         5   -3.43409095E-01   -3.43409260E-01  ok
                                          5         6   -2.47031772E-02   -2.47034909E-02  ok
                                          6         7   -7.81826247E-01   -7.81826348E-01  ok
                                          7         8   -9.98990026E-01   -9.98990025E-01  ok
                                          8         9   -9.84203230E-01   -9.84203237E-01  ok
                                         37        38    9.24462113E-01    9.24462150E-01  ok
      1  5.54679649E+02  3.04E-04           Objective   -6.06827732E-01   -6.06827572E-01  ok

      2 -2.20348187E+02  1.21E-04        46         2    7.01507488E-01    7.01507459E-01  ok
                                         54        10   -1.88120131E-01   -1.88120187E-01  ok
                                         55        11   -6.94369546E-01   -6.94369609E-01  ok
                                         56        12    9.98651443E-01    9.98651443E-01  ok
                                         57        13    9.29523263E-01    9.29523253E-01  ok
                                         58        14    2.67991079E-01    2.67991032E-01  ok
                                         59        15   -3.82010362E-01   -3.82010429E-01  ok
                                         60        16    6.02480551E-02    6.02479899E-02  ok
                                         83        39   -3.66955672E-01   -3.66955585E-01  ok
      2 -2.20348187E+02  1.21E-04           Objective   -3.35838498E-02   -3.35839643E-02  ok

      3 -4.11058648E+02  2.26E-04        92         3    9.77516501E-01    9.77516496E-01  ok
                                         99        10    1.88120131E-01    1.88120024E-01  ok
                                        106        17   -2.35320708E-01   -2.35320870E-01  ok
                                        107        18    5.78188541E-01    5.78188478E-01  ok
                                        108        19    8.09016994E-01    8.09016961E-01  ok
                                        109        20    9.57107393E-01    9.57107375E-01  ok
                                        110        21   -4.07560463E-01   -4.07560798E-01  ok
                                        111        22    9.52286660E-01    9.52286620E-01  ok
                                        129        40   -6.85087005E-01   -6.85086905E-01  ok
      3 -4.11058648E+02  2.26E-04           Objective    3.36680345E-01    3.36680955E-01  ok

      4 -5.65518611E+02  3.10E-04       138         4    9.33684697E-01    9.33684681E-01  ok
                                        145        11    6.94369546E-01    6.94369384E-01  ok
                                        151        17    2.35320708E-01    2.35320485E-01  ok
                                        157        23    9.30291630E-01    9.30291606E-01  ok
                                        158        24    9.98770700E-01    9.98770700E-01  ok
                                        159        25    6.42852960E-01    6.42852873E-01  ok
                                        160        26    1.03880285E-01    1.03879884E-01  ok
                                        161        27    5.82351269E-01    5.82351120E-01  ok
                                        175        41   -9.42324490E-01   -9.42324461E-01  ok
      4 -5.65518611E+02  3.10E-04           Objective    9.75915112E-01    9.75912630E-01  ok

      5  2.76227325E+02  1.52E-04       184         5    3.43409095E-01    3.43409012E-01  ok
                                        191        12   -9.98651443E-01   -9.98651444E-01  ok
                                        197        18   -5.78188541E-01   -5.78188584E-01  ok
                                        202        23   -9.30291630E-01   -9.30291642E-01  ok
                                        207        28    6.93408181E-01    6.93408079E-01  ok
                                        208        29   -1.55164044E-01   -1.55164109E-01  ok
                                        209        30   -7.47363504E-01   -7.47363536E-01  ok
                                        210        31   -4.43782836E-01   -4.43782898E-01  ok
                                        221        42    4.60285249E-01    4.60285348E-01  ok
      5  2.76227325E+02  1.52E-04           Objective    9.30494203E-02    9.30489957E-02  ok

      6  5.42704071E+02  2.98E-04       230         6    2.47031772E-02    2.47028701E-02  ok
                                        237        13   -9.29523263E-01   -9.29523288E-01  ok
                                        243        19   -8.09016994E-01   -8.09017038E-01  ok
                                        248        24   -9.98770700E-01   -9.98770700E-01  ok
                                        252        28   -6.93408181E-01   -6.93408382E-01  ok
                                        256        32   -4.63301257E-01   -4.63301379E-01  ok
                                        257        33   -9.25864388E-01   -9.25864406E-01  ok
                                        258        34   -7.55298977E-01   -7.55299045E-01  ok
                                        267        43    9.04513192E-01    9.04513237E-01  ok
      6  5.42704071E+02  2.98E-04           Objective   -8.38269015E-02   -8.38290270E-02  ok

      7  9.96149579E+01  5.51E-05       276         7    7.81826247E-01    7.81826229E-01  ok
                                        283        14   -2.67991079E-01   -2.67991102E-01  ok
                                        289        20   -9.57107393E-01   -9.57107397E-01  ok
                                        294        25   -6.42852960E-01   -6.42852972E-01  ok
                                        298        29    1.55164044E-01    1.55164018E-01  ok
                                        301        32    4.63301257E-01    4.63301235E-01  ok
                                        304        35   -8.35357556E-01   -8.35357566E-01  ok
                                        305        36   -7.49903359E-01   -7.49903393E-01  ok
                                        313        44    1.66024757E-01    1.66024803E-01  ok
      7  9.96149579E+01  5.51E-05           Objective   -4.45165640E-01   -4.45165696E-01  ok

      8 -5.25721214E+02  2.89E-04       322         8    9.98990026E-01    9.98990026E-01  ok
                                        329        15    3.82010362E-01    3.82010207E-01  ok
                                        335        21    4.07560463E-01    4.07560036E-01  ok
                                        340        26   -1.03880285E-01   -1.03880657E-01  ok
                                        344        30    7.47363504E-01    7.47363444E-01  ok
                                        347        33    9.25864388E-01    9.25864370E-01  ok
                                        349        35    8.35357556E-01    8.35357498E-01  ok
                                        351        37    8.96702342E-01    8.96702272E-01  ok
                                        359        45   -9.45987962E-01   -9.45987934E-01  ok
      8 -5.25721214E+02  2.89E-04           Objective   -6.61615147E-02   -6.61624149E-02  ok

      9 -1.65011502E+02  9.09E-05       368         9    9.84203230E-01    9.84203228E-01  ok
                                        375        16   -6.02480551E-02   -6.02481034E-02  ok
                                        381        22   -9.52286660E-01   -9.52286676E-01  ok
                                        386        27   -5.82351269E-01   -5.82351313E-01  ok
                                        390        31    4.43782836E-01    4.43782799E-01  ok
                                        393        34    7.55298977E-01    7.55298956E-01  ok
                                        395        36    7.49903359E-01    7.49903302E-01  ok
                                        396        37   -8.96702342E-01   -8.96702365E-01  ok
                                        405        46   -4.18381502E-01   -4.18381407E-01  ok
      9 -1.65011502E+02  9.09E-05           Objective   -1.70079240E-01   -1.70079379E-01  ok

     10 -2.28765333E+02  1.26E-04       406         2    7.12662083E-01    7.12662054E-01  ok
                                        407         3   -2.10858933E-01   -2.10858994E-01  ok
                                        408         4    3.58096197E-01    3.58096151E-01  ok
                                        409         5    9.39185921E-01    9.39185911E-01  ok
                                        410         6    9.99694830E-01    9.99694830E-01  ok
                                        411         7   -6.23496367E-01   -6.23496433E-01  ok
                                        412         8    4.49324929E-02    4.49324344E-02  ok
                                        413         9   -1.77042373E-01   -1.77042456E-01  ok
                                        442        38   -3.81273919E-01   -3.81273828E-01  ok
     10 -2.28765333E+02  1.26E-04           Objective    6.40380381E-01    6.40380639E-01  ok

     11  5.58586137E+02  3.07E-04       451         2   -7.12662083E-01   -7.12662151E-01  ok
                                        459        10   -9.82146026E-01   -9.82146031E-01  ok
                                        460        11   -7.19618603E-01   -7.19618751E-01  ok
                                        461        12   -5.19162263E-02   -5.19165337E-02  ok
                                        462        13   -3.68763480E-01   -3.68763641E-01  ok
                                        463        14   -9.63421394E-01   -9.63421403E-01  ok
                                        464        15   -9.24158040E-01   -9.24158068E-01  ok
                                        465        16   -9.98183436E-01   -9.98183436E-01  ok
                                        488        39    9.30238429E-01    9.30238463E-01  ok
     11  5.58586137E+02  3.07E-04           Objective    3.43922441E-01    3.43923297E-01  ok

     12 -4.37083604E+02  2.40E-04       497         3    2.10858933E-01    2.10858818E-01  ok
                                        504        10    9.82146026E-01    9.82146022E-01  ok
                                        511        17    9.71917777E-01    9.71917766E-01  ok
                                        512        18    8.15903188E-01    8.15903154E-01  ok
                                        513        19    5.87785252E-01    5.87785185E-01  ok
                                        514        20   -2.89733392E-01   -2.89733598E-01  ok
                                        515        21    9.13178224E-01    9.13178153E-01  ok
                                        516        22    3.05205040E-01    3.05204619E-01  ok
                                        534        40   -7.28461252E-01   -7.28461158E-01  ok
     12 -4.37083604E+02  2.40E-04           Objective    4.96814706E-02    4.96810475E-02  ok

     13  2.00864431E+02  1.11E-04       543         4   -3.58096197E-01   -3.58096237E-01  ok
                                        550        11    7.19618603E-01    7.19618549E-01  ok
                                        556        17   -9.71917777E-01   -9.71917781E-01  ok
                                        562        23    3.66820779E-01    3.66820725E-01  ok
                                        563        24    4.95690349E-02    4.95689843E-02  ok
                                        564        25   -7.65989603E-01   -7.65989626E-01  ok
                                        565        26   -9.94589808E-01   -9.94589810E-01  ok
                                        566        27   -8.12937267E-01   -8.12937295E-01  ok
                                        580        41    3.34700696E-01    3.34700779E-01  ok
     13  2.00864431E+02  1.11E-04           Objective   -2.85016507E-01   -2.85017017E-01  ok

     14  5.32770997E+02  2.92E-04       589         5   -9.39185921E-01   -9.39185942E-01  ok
                                        596        12    5.19162263E-02    5.19159330E-02  ok
                                        602        18   -8.15903188E-01   -8.15903228E-01  ok
                                        607        23   -3.66820779E-01   -3.66820919E-01  ok
                                        612        28   -7.20544998E-01   -7.20545181E-01  ok
                                        613        29   -9.87888718E-01   -9.87888722E-01  ok
                                        614        30   -6.64415377E-01   -6.64415453E-01  ok
                                        615        31   -8.96134362E-01   -8.96134391E-01  ok
                                        626        42    8.87771080E-01    8.87771131E-01  ok
     14  5.32770997E+02  2.92E-04           Objective   -6.42014253E-01   -6.42013192E-01  ok

     15  2.55865573E+02  1.41E-04       635         6   -9.99694830E-01   -9.99694830E-01  ok
                                        642        13    3.68763480E-01    3.68763405E-01  ok
                                        648        19   -5.87785252E-01   -5.87785291E-01  ok
                                        653        24   -4.95690349E-02   -4.95690983E-02  ok
                                        657        28    7.20544998E-01    7.20544910E-01  ok
                                        661        32   -8.86200849E-01   -8.86200864E-01  ok
                                        662        33   -3.77855971E-01   -3.77856025E-01  ok
                                        663        34   -6.55380389E-01   -6.55380432E-01  ok
                                        672        43    4.26445642E-01    4.26445738E-01  ok
     15  2.55865573E+02  1.41E-04           Objective   -2.28930238E-01   -2.28930419E-01  ok

     16 -5.91673566E+02  3.25E-04       681         7    6.23496367E-01    6.23496197E-01  ok
                                        688        14    9.63421394E-01    9.63421384E-01  ok
                                        694        20    2.89733392E-01    2.89733113E-01  ok
                                        699        25    7.65989603E-01    7.65989538E-01  ok
                                        703        29    9.87888718E-01    9.87888714E-01  ok
                                        706        32    8.86200849E-01    8.86200813E-01  ok
                                        709        35    5.49706970E-01    5.49706819E-01  ok
                                        710        36    6.61547392E-01    6.61547133E-01  ok
                                        718        44   -9.86121585E-01   -9.86121577E-01  ok
     16 -5.91673566E+02  3.25E-04           Objective   -6.08134862E-02   -6.08136344E-02  ok

     17 -1.80171150E+02  9.92E-05       727         8   -4.49324929E-02   -4.49325401E-02  ok
                                        734        15    9.24158040E-01    9.24158031E-01  ok
                                        740        21   -9.13178224E-01   -9.13178253E-01  ok
                                        745        26    9.94589808E-01    9.94589807E-01  ok
                                        749        30    6.64415377E-01    6.64415349E-01  ok
                                        752        33    3.77855971E-01    3.77855934E-01  ok
                                        754        35   -5.49706970E-01   -5.49707017E-01  ok
                                        756        37   -4.42634058E-01   -4.42634158E-01  ok
                                        764        45   -3.24201753E-01   -3.24201672E-01  ok
     17 -1.80171150E+02  9.92E-05           Objective   -5.11728677E-01   -5.11729509E-01  ok

     18 -3.58226226E+02  1.97E-04       773         9    1.77042373E-01    1.77042242E-01  ok
                                        780        16    9.98183436E-01    9.98183436E-01  ok
                                        786        22   -3.05205040E-01   -3.05205385E-01  ok
                                        791        27    8.12937267E-01    8.12937218E-01  ok
                                        795        31    8.96134362E-01    8.96134341E-01  ok
                                        798        34    6.55380389E-01    6.55380330E-01  ok
                                        800        36   -6.61547392E-01   -6.61547549E-01  ok
                                        801        37    4.42634058E-01    4.42633861E-01  ok
                                        810        46   -9.08271391E-01   -9.08271347E-01  ok
     18 -3.58226226E+02  1.97E-04           Objective    6.94518869E-01    6.94518606E-01  ok

    810  Jacobian elements in cols      1  thru    18  seem to be OK.

 -->  The largest relative error was    3.63E-07   in row    26,  column     4


     18  objective gradients out of     1  thru    18  seem to be OK.

 -->  The largest relative error was    1.96E-06   in column     6

1



   Itns Major Minors    Step   nCon Feasible  Optimal  MeritFunction     L+U BSwap     nS condZHZ Penalty
     11     0     11              1  8.1E-04  7.7E-01 -3.5154435E+03     102           11 3.6E+01         _  r
     13     1      2 1.0E+00      2 (4.6E-08) 4.6E-01 -3.5159359E+03     102           12 3.6E+01 3.4E+00 _  r
     16     2      3 6.0E-01      4 (6.1E-07) 5.5E-01 -3.5180432E+03     118           10 3.4E+01 3.4E+00 _sm l
     21     3      5 1.0E+00      5  7.6E-03  3.7E-01 -3.5450516E+03     118           14 3.7E+01 3.4E+00 _
     24     4      3 1.0E+00      6  6.6E-04  4.2E-01 -3.5835134E+03     118           14 3.6E+01 3.4E+00 _
     27     5      3 4.2E-01      8  3.3E-04  2.2E-01 -3.6173654E+03     118           14 3.2E+01 3.4E+00 _
     29     6      2 1.0E+00      9  1.0E-04  2.0E-01 -3.6286493E+03     118           13 2.5E+01 3.4E+00 _
     31     7      2 1.0E+00     10  1.8E-03  3.8E-01 -3.6434925E+03     118           12 1.8E+01 3.4E+00 _
     32     8      1 1.0E+00     11  2.6E-04  4.8E-01 -3.6529141E+03     118           12 3.8E+01 3.4E+00 _
     34     9      2 1.0E+00     12  1.4E-03  4.3E-01 -3.6721713E+03     118           11 3.0E+01 3.4E+00 _
     35    10      1 1.0E+00     13  1.9E-03  2.7E-01 -3.6965704E+03     102     5     11 5.0E+00 3.4E+00 _
     36    11      1 1.0E+00     14  4.4E-04  2.9E-01 -3.7046339E+03     102           11 5.5E+00 3.4E+00 _
     37    12      1 1.0E+00     15  1.1E-03  2.3E-01 -3.7239807E+03     102           11 5.9E+00 3.4E+00 _
     38    13      1 6.6E-01     17  7.6E-04  2.5E-01 -3.7328987E+03     102           11 5.8E+00 3.4E+00 _
     39    14      1 3.2E-01     20  5.2E-04  2.4E-01 -3.7351472E+03     102           11 5.9E+00 3.4E+00 _
     40    15      1 2.4E-01     22  4.0E-04  3.0E-01 -3.7385300E+03     102           11 6.9E+00 3.4E+00 _
     42    16      2 1.7E-03     32  4.0E-04  3.2E-01 -3.7385622E+03     110           10 1.6E+01 3.4E+00 _
     46    17      4 2.6E-05     42  4.0E-04  1.7E+00 -3.7385644E+03     110           11 3.5E+05 3.4E+00 _
     51    18      5 1.3E-01     44  4.0E-04  3.2E-01 -3.7453001E+03     110           11 8.5E+05 3.4E+00 _
     53    19      2 1.0E+00     45  8.1E-05  2.5E-01 -3.7490763E+03     102     1     11 6.0E+03 3.4E+00 _

   Itns Major Minors    Step   nCon Feasible  Optimal  MeritFunction     L+U BSwap     nS condZHZ Penalty
     55    20      2 1.0E+00     46  4.4E-04  2.2E-01 -3.7510664E+03     102           11 5.9E+03 3.4E+00 _
     57    21      2 1.0E+00     47  8.1E-05  2.2E-01 -3.7530752E+03     102           11 6.2E+03 3.4E+00 _
     58    22      1 1.0E+00     48  1.8E-05  2.2E-01 -3.7535675E+03     102           11 6.1E+03 3.4E+00 _
     60    23      2 1.0E+00     49  3.8E-06  2.2E-01 -3.7537421E+03     102           11 5.8E+03 3.4E+00 _
     62    24      2 1.0E+00     50  3.5E-06  2.1E-01 -3.7538794E+03     102           11 5.9E+03 3.4E+00 _
     64    25      2 1.0E+00     51  2.5E-05  2.3E-01 -3.7541227E+03     102           11 5.9E+03 3.4E+00 _
     66    26      2 1.0E+00     52  3.3E-05  2.4E-01 -3.7543918E+03     102           11 6.5E+03 3.4E+00 _
     68    27      2 1.0E+00     53  1.6E-05  2.3E-01 -3.7545668E+03     102           11 6.4E+03 3.4E+00 _
     70    28      2 1.0E+00     54  1.1E-06  2.2E-01 -3.7546835E+03     102     2     11 4.5E+05 3.4E+00 _
     72    29      2 1.0E+00     55  2.7E-06  2.3E-01 -3.7548206E+03     102           11 4.5E+05 3.4E+00 _
     74    30      2 1.0E+00     56  1.2E-06  2.3E-01 -3.7549100E+03     102           11 5.3E+05 3.4E+00 _
     76    31      2 1.0E+00     57  6.5E-06  2.5E-01 -3.7550830E+03     102           11 5.7E+05 3.4E+00 _
     78    32      2 1.0E+00     58  3.1E-06  2.7E-01 -3.7551780E+03     102           11 7.5E+05 3.4E+00 _
     80    33      2 2.3E-02     60  3.1E-06  2.3E-01 -3.7551905E+03     102           11 5.8E+05 3.4E+00 _
     82    34      2 1.6E-02     62  3.0E-06  2.4E-01 -3.7551945E+03     102           11 4.7E+05 3.4E+00 _
     83    35      1 1.0E+00     63  1.2E-06  2.4E-01 -3.7552297E+03     102           11 4.8E+05 3.4E+00 _
     84    36      1 1.0E+00     64  1.6E-06  2.4E-01 -3.7552474E+03     102           11 4.7E+05 3.4E+00 _
     85    37      1 1.0E+00     65 (1.3E-07) 2.4E-01 -3.7552524E+03     102     1     11 4.5E+05 3.4E+00 _
     87    38      2 1.0E+00     66  1.1E-06  2.4E-01 -3.7552683E+03     102           11 6.3E+05 3.4E+00 _
     88    39      1 6.8E-01     68  6.2E-06  2.3E-01 -3.7552885E+03     102           11 4.4E+05 3.4E+00 _

   Itns Major Minors    Step   nCon Feasible  Optimal  MeritFunction     L+U BSwap     nS condZHZ Penalty
     90    40      2 1.0E+00     69 (3.8E-07) 2.2E-01 -3.7553033E+03     102           11 5.8E+05 3.4E+00 _
     92    41      2 1.3E-01     73 (7.3E-07) 2.5E-01 -3.7553111E+03     102           11 6.3E+05 3.4E+00 _
     93    42      1 1.0E+00     74  4.9E-06  2.5E-01 -3.7553301E+03     102           11 5.4E+05 3.4E+00 _
     94    43      1 1.0E+00     75 (3.0E-07) 2.5E-01 -3.7553353E+03     102           11 5.4E+05 3.4E+00 _
     95    44      1 1.0E+00     76 (8.4E-08) 2.5E-01 -3.7553386E+03     102           11 4.9E+05 3.4E+00 _
     96    45      1 1.0E+00     77 (2.6E-07) 2.5E-01 -3.7553418E+03     102           11 4.9E+05 3.4E+00 _
     97    46      1 1.0E+00     78 (2.7E-07) 2.5E-01 -3.7553431E+03     102           11 5.1E+05 3.4E+00 _
     99    47      2 4.0E-01     89 (1.8E-07) 2.4E-01 -3.7553437E+03     102           11 1.4E+06 3.4E+00 _ m
    100    48      1 2.6E-04    100 (1.8E-07) 2.4E-01 -3.7553438E+03     102           11 1.4E+06 3.4E+00 _
    102    49      2 6.4E-06    110 (1.8E-07) 2.4E-01 -3.7553438E+03     102           11 1.3E+05 3.4E+00 _  R
    103    50      1 1.0E+00    111 (9.6E-09) 2.4E-01 -3.7553446E+03     102           11 1.3E+05 3.4E+00 _s
    104    51      1 1.0E+00    112 (3.5E-07) 2.4E-01 -3.7553454E+03     102           11 1.2E+05 3.4E+00 _
    105    52      1 1.0E+00    113 (2.0E-08) 2.4E-01 -3.7553469E+03     102           11 1.3E+05 3.4E+00 _
    106    53      1 3.8E-01    116 (1.6E-08) 2.5E-01 -3.7553472E+03     102           11 1.3E+05 3.4E+00 _
    107    54      1 8.3E-02    126 (1.8E-08) 2.5E-01 -3.7553475E+03     102           11 1.1E+05 3.4E+00 _
    108    55      1 5.0E-04    136 (1.8E-08) 2.5E-01 -3.7553475E+03     102           11 1.0E+05 3.4E+00 _
    109    56      1 1.9E-06    146 (1.8E-08) 2.6E-01 -3.7553475E+03     102           11 9.9E+04 3.4E+00 _
    110    57      1 2.2E-08    156 (1.8E-08) 2.6E-01 -3.7553475E+03     102           11 9.6E+04 3.4E+00 _
    111    58      1 2.1E-10    165 (1.8E-08) 2.7E-01 -3.7553475E+03     102           11 9.4E+04 3.4E+00 _
    112    59      1 2.2E-11    171 (1.8E-08) 2.8E-01 -3.7553475E+03     102           11 9.3E+04 3.4E+00 _
    113    59      1            175 (1.8E-08) 2.4E-01 -3.7553475E+03     102           11 5.4E+04         _  R
    119    59      6            179 (1.8E-08) 1.4E-01 -3.7553475E+03     142            6 1.1E+01         _  r

   Itns Major Minors    Step   nCon Feasible  Optimal  MeritFunction     L+U BSwap     nS condZHZ Penalty
    127    60      8 1.1E-13    189 (1.8E-08) 2.2E-01 -3.7553475E+03     134           11 2.0E+01         _s
    128    61      1 9.0E-02    193 (1.7E-07) 1.9E-01 -3.7557047E+03     134           11 1.9E+01         _
    129    62      1 2.7E-02    203 (1.9E-07) 1.8E-01 -3.7557911E+03     102     6     11 4.1E+00         _
    130    63      1 2.8E-04    213 (1.9E-07) 1.8E-01 -3.7557916E+03     102           11 3.9E+00         _
    131    64      1 3.0E-07    223 (1.9E-07) 1.7E-01 -3.7557916E+03     102           11 3.9E+00         _
    132    65      1 1.6E-08    233 (1.9E-07) 1.7E-01 -3.7557916E+03     102           11 3.9E+00         _
    133    66      1 3.9E-10    243 (1.9E-07) 1.7E-01 -3.7557916E+03     102           11 3.9E+00         _
    134    67      1 5.4E-11    252 (1.9E-07) 1.7E-01 -3.7557916E+03     102           11 3.9E+00         _
    135    67      1            259 (1.9E-07) 1.8E-01 -3.7557916E+03     102           11 4.2E+00         _  R
    136    67      1            265 (1.9E-07) 1.8E-01 -3.7557916E+03     102           11 4.3E+00         _  r
1

 SNOPTA EXIT  40 -- terminated after numerical difficulties
 SNOPTA INFO  41 -- current point cannot be improved

 Problem name                 opt prob
 No. of iterations                 136   Objective           -3.7557908895E+03
 No. of major iterations            67   Linear    obj. term  0.0000000000E+00
 No. of infeasibilities              5   Sum of infeas        2.7067746339E-04
 Penalty parameter           0.000E+00   Nonlinear obj. term -3.7557908895E+03
 User function calls (total)       291
 No. of superbasics                 11   No. of basic nonlinears             7
 No. of degenerate steps             0   Percentage                       0.00
 Max x                       6 5.8E+02   Max pi                     46 1.0E+00
 Max Primal infeas          57 1.1E-04   Max Dual infeas             6 7.1E-01
 Nonlinear constraint violn    1.1E-04
1

 Name           opt prob                 Infeasibilities      5      2.7068E-04

 Status         Optimal Soln             Iteration    136    Superbasics    11

 Objective               (Min)
 RHS
 Ranges
 Bounds

 Section 1 - Constraints

  Number  ...Row.. State  ...Value......  Slack Value...  ..Lower Limit.  ..Upper Limit.  .Dual Variable    ..i

      19  r      1    BS          .               .                None            None         -1.0          1
      20  r      2    BS      -915.43579      -915.43579           None           .               .           2
      21  r      3    BS      -706.47836      -706.47836           None           .               .           3
      22  r      4    BS      -938.61491      -938.61491           None           .               .           4
      23  r      5    BS      -704.56111      -704.56111           None           .               .           5
      24  r      6    BS      -243.86822      -243.86822           None           .               .           6
      25  r      7    BS       -71.73836       -71.73836           None           .               .           7
      26  r      8    BS      -834.81228      -834.81228           None           .               .           8
      27  r      9    BS      -291.48217      -291.48217           None           .               .           9
      28  r     10    BS      -668.33033      -668.33033           None           .               .          10
      29  r     11    BS      -159.00282      -159.00282           None           .               .          11
      30  r     12    BS      -158.14446      -158.14446           None           .               .          12
      31  r     13    BS      -697.15769      -697.15769           None           .               .          13
      32  r     14    BS      -946.07745      -946.07745           None           .               .          14
      33  r     15    BS      -368.03469      -368.03469           None           .               .          15
      34  r     16    BS      -669.49986      -669.49986           None           .               .          16
      35  r     17    BS      -348.46121      -348.46121           None           .               .          17
      36  r     18    BS      -837.45896      -837.45896           None           .               .          18
      37  r     19    BS      -918.85561      -918.85561           None           .               .          19
      38  r     20    BS      -475.74733      -475.74733           None           .               .          20
      39  r     21    BS       -98.89868       -98.89868           None           .               .          21
      40  r     22    BS      -162.21056      -162.21056           None           .               .          22
      41  r     23    BS      -502.13082      -502.13082           None           .               .          23
      42  r     24    BS      -891.08135      -891.08135           None           .               .          24
      43  r     25    BS      -855.46485      -855.46485           None           .               .          25
      44  r     26 N  FR        -0.00437        -0.00437           None           .             -0.23314     26
      45  r     27    BS      -519.49782      -519.49782           None           .               .          27
      46  r     28    BS      -352.94024      -352.94024           None           .               .          28
      47  r     29    BS      -842.93807      -842.93807           None           .               .          29
      48  r     30    BS      -633.66777      -633.66777           None           .               .          30
      49  r     31    BS      -669.00833      -669.00833           None           .               .          31
      50  r     32    BS      -520.79558      -520.79558           None           .               .          32
      51  r     33    BS      -894.90347      -894.90347           None           .               .          33
      52  r     34    BS      -560.99334      -560.99334           None           .               .          34
      53  r     35    BS      -691.51071      -691.51071           None           .               .          35
      54  r     36    BS       -93.35939       -93.35939           None           .               .          36
      55  r     37    BS      -345.40388      -345.40388           None           .               .          37
      56  r     38    UL         0.00000         0.00000           None           .             -0.27023     38
      57  r     39 I  UL         0.00011         0.00011           None           .             -0.75288     39
      58  r     40 I  UL         0.00003         0.00003           None           .             -0.47171     40
      59  r     41 I  UL         0.00007         0.00007           None           .             -0.71629     41
      60  r     42    BS       -46.22320       -46.22320           None           .               .          42
      61  r     43 I  UL         0.00002         0.00002           None           .             -0.73194     43
      62  r     44 I  UL         0.00004         0.00004           None           .             -0.60420     44
      63  r     45    BS       -47.67258       -47.67258           None           .               .          45
      64  r     46    BS      -231.20906      -231.20906           None           .               .          46
1

 Section 2 - Variables

  Number  .Column. State  ...Value......  .Obj Gradient.  ..Lower Limit.  ..Upper Limit.  .Dual Variable    m+j

       1  x      1    BS       492.97853          .           -600.00000       600.00000         0.22203     47
       2  x      2    BS      -289.26994          .           -600.00000       600.00000        -0.36298     48
       3  x      3    BS      -465.60831          .           -600.00000       600.00000        -0.36605     49
       4  x      4    BS      -560.01254          .           -600.00000       600.00000        -0.66030     50
       5  x      5   SBS       121.41371          .           -600.00000       600.00000          .          51
       6  x      6 N  BS       581.80242          .           -600.00000       600.00000         0.70974     52
       7  x      7 N SBS       242.76378          .           -600.00000       600.00000         0.24446     53
       8  x      8 N SBS      -551.06840          .           -600.00000       600.00000        -0.00825     54
       9  x      9   SBS       -50.80630          .           -600.00000       600.00000          .          55
      10  x     10 N SBS      -342.01195          .           -600.00000       600.00000        -0.15404     56
      11  x     11 N SBS       525.66438          .           -600.00000       600.00000         0.65961     57
      12  x     12 N SBS      -378.42957          .           -600.00000       600.00000        -0.29752     58
      13  x     13 N SBS       215.37418          .           -600.00000       600.00000         0.02412     59
      14  x     14   SBS       540.30312          .           -600.00000       600.00000          .          60
      15  x     15 N SBS       146.64912          .           -600.00000       600.00000         0.17890     61
      16  x     16    BS      -548.69463          .           -600.00000       600.00000        -0.55254     62
      17  x     17    BS       -37.27192          .           -600.00000       600.00000         0.23300     63
      18  x     18   SBS      -365.27452          .           -600.00000       600.00000          .          64

 Time for MPS input                             0.00 seconds
 Time for solving problem                      31.62 seconds
 Time for solution output                       0.00 seconds
 Time for constraint functions                 31.62 seconds
 Time for objective function                    0.00 seconds
