
         ==============================
         S N O P T  7.7.3    (Dec 2019)
         ==============================
      opt-files/9turb-circle-600r/snopt-wec/010dirs/052-wec3.0-print.out
 XXX  Keyword not recognized:         OPT-FILES/9TURB-
      Derivative option               1
      Verify level               3
      opt-files/9turb-circle-600r/snopt-wec/010dirs/052-wec3.0-summary.out
 XXX  Keyword not recognized:         OPT-FILES/9TURB-
      Major optimality tolerance  5.00000000E-05
      Major iteration limit         1000000
1

 SNMEMA EXIT 100 -- finished successfully
 SNMEMA INFO 104 -- memory requirements estimated
      Total character workspace             500
      Total integer   workspace           35042
      Total real      workspace           23255
1

 Parameters
 ==========

 Files
 -----
 Solution file..........         0       Old basis file ........         0       Standard input.........         5
 Insert file............         0       New basis file ........         0       (Printer)..............        18
 Punch file.............         0       Backup basis file......         0       (Specs file)...........         0
 Load file..............         0       Dump file..............         0       Standard output........         6

 Frequencies
 -----------
 Print frequency........       100       Check frequency........        60       Save new basis map.....       100
 Summary frequency......       100       Factorization frequency        50       Expand frequency.......     10000

 QP subproblems
 --------------
 QPsolver Cholesky......
 Scale tolerance........     0.900       Minor feasibility tol..  1.00E-06       Iteration limit........     10000
 Scale option...........         0       Minor optimality  tol..  1.00E-06       Minor print level......         1
 Crash tolerance........     0.100       Pivot tolerance........  3.25E-11       New superbasics........        99
 Crash option...........         3       Elastic weight.........  1.00E+05

 Partial pricing
 ---------------
 LP Partial price.......         1       Prtl price section ( A)        18       Prtl price section (-I)        46
 QP Partial price.......         1       Prtl price section ( A)        18       Prtl price section (-I)        46

 The SQP Method
 --------------
 Minimize...............                 Cold start.............                 Proximal Point method..         1
 Nonlinear objectiv vars        18       Objective Row..........         1       Function precision.....  3.00E-13
 Unbounded step size....  1.00E+20       Superbasics limit......        18       Difference interval....  5.48E-07
 Unbounded objective....  1.00E+10       Reduced Hessian dim....        18       Central difference int.  6.70E-05
 Major step limit.......  2.00E+00       Derivative linesearch..                 Derivative option......         1
 Major iterations limit.   1000000       Linesearch tolerance...   0.90000       Verify level...........         3
 Minor iterations limit.       500       Penalty parameter......  0.00E+00       Major Print Level......         1
 Time limit (secs)...... 9999999.0       Major optimality tol...  5.00E-05

 Hessian Approximation
 ---------------------
 Hessian full-memory....                 Hessian updates........  99999999       Hessian frequency......  99999999
                                                                                 Hessian flush..........  99999999

 Nonlinear constraints
 ---------------------
 Nonlinear constraints..        45       Major feasibility tol..  1.00E-06       Violation limit........  1.00E+01
 Nonlinear Jacobian vars        18

 Miscellaneous
 -------------
 LU factor tolerance....      3.99       LU singularity tol.....  3.25E-11       Timing level...........         3
 LU update tolerance....      3.99       LU swap tolerance......  1.22E-04       Debug level............         0
 LU partial  pivoting...                 eps (machine precision)  2.22E-16       System information.....        No
                                                                                 Sticky parameters......        No
1




 Matrix statistics
 -----------------
               Total      Normal        Free       Fixed     Bounded
 Rows             46          45           1           0           0
 Columns          18           0           0           0          18

 No. of matrix elements                  810     Density      97.826
 Biggest  constant element        0.0000E+00  (excluding fixed columns,
 Smallest constant element        0.0000E+00   free rows, and RHS)

 No. of objective coefficients             0

 Nonlinear constraints      45     Linear constraints       1
 Nonlinear variables        18     Linear variables         0
 Jacobian  variables        18     Objective variables     18
 Total constraints          46     Total variables         18
1



 The user has defined     828   out of     828   first  derivatives

 Verification of user-supplied problem derivatives.

 The constraint gradients seem to be OK.

 -->  The largest discrepancy was    1.05E-07  in constraint    50


 The objective  gradients seem to be OK.

 Gradient projected in one direction   1.89948789018E-01
 Difference approximation              1.89948559724E-01


 Column       x(j)        dx(j)    Element no.    Row        Derivative    Difference approxn

      1  2.41493229E+02  1.33E-04         1         2   -9.90228382E-01   -9.90228384E-01  ok
                                          2         3   -9.05887224E-01   -9.05887257E-01  ok
                                          3         4   -2.64483262E-02   -2.64484855E-02  ok
                                          4         5   -7.70837291E-01   -7.70837334E-01  ok
                                          5         6   -4.71941547E-01   -4.71941641E-01  ok
                                          6         7   -1.23619860E-01   -1.23619961E-01  ok
                                          7         8    5.81841870E-01    5.81841742E-01  ok
                                          8         9   -9.21094911E-01   -9.21094939E-01  ok
                                         37        38    7.13723012E-01    7.13723108E-01  ok
      1  2.41493229E+02  1.33E-04           Objective   -4.41172556E-01   -4.41172507E-01  ok

      2 -3.24788383E+02  1.78E-04        46         2    9.90228382E-01    9.90228379E-01  ok
                                         54        10    7.07021001E-01    7.07020867E-01  ok
                                         55        11    8.54964120E-01    8.54964083E-01  ok
                                         56        12    2.25172928E-01    2.25172675E-01  ok
                                         57        13    6.05138739E-01    6.05138628E-01  ok
                                         58        14    6.54489674E-01    6.54489605E-01  ok
                                         59        15    9.67352400E-01    9.67352392E-01  ok
                                         60        16    9.69027668E-01    9.69027645E-01  ok
                                         83        39   -9.00062621E-01   -9.00062574E-01  ok
      2 -3.24788383E+02  1.78E-04           Objective    5.67011519E-01    5.67011100E-01  ok

      3 -9.00789951E+01  4.99E-05        92         3    9.05887224E-01    9.05887211E-01  ok
                                         99        10   -7.07021001E-01   -7.07021038E-01  ok
                                        106        17    4.89111193E-01    4.89111162E-01  ok
                                        107        18   -2.73391744E-01   -2.73391784E-01  ok
                                        108        19    1.12770239E-01    1.12770201E-01  ok
                                        109        20    3.01224564E-01    3.01224538E-01  ok
                                        110        21    7.73859501E-01    7.73859489E-01  ok
                                        111        22    2.94207268E-03    2.94198823E-03  ok
                                        129        40   -2.23950485E-01   -2.23950425E-01  ok
      3 -9.00789951E+01  4.99E-05           Objective    6.45695703E-02    6.45694970E-02  ok

      4  2.30470653E+02  1.27E-04       138         4    2.64483262E-02    2.64481741E-02  ok
                                        145        11   -8.54964120E-01   -8.54964147E-01  ok
                                        151        17   -4.89111193E-01   -4.89111267E-01  ok
                                        157        23   -9.99742771E-01   -9.99742771E-01  ok
                                        158        24   -9.65079706E-01   -9.65079723E-01  ok
                                        159        25   -2.92842905E-01   -2.92843152E-01  ok
                                        160        26    8.41728989E-01    8.41728916E-01  ok
                                        161        27   -7.55959019E-01   -7.55959083E-01  ok
                                        175        41    7.88749132E-01    7.88749214E-01  ok
      4  2.30470653E+02  1.27E-04           Objective   -7.27012004E-01   -7.27013106E-01  ok

      5 -2.49452849E+02  1.37E-04       184         5    7.70837291E-01    7.70837248E-01  ok
                                        191        12   -2.25172928E-01   -2.25173122E-01  ok
                                        197        18    2.73391744E-01    2.73391634E-01  ok
                                        202        23    9.99742771E-01    9.99742770E-01  ok
                                        207        28    9.47555645E-01    9.47555616E-01  ok
                                        208        29    8.67335342E-01    8.67335306E-01  ok
                                        209        30    9.84064023E-01    9.84064020E-01  ok
                                        210        31    5.16098942E-01    5.16098779E-01  ok
                                        221        42   -8.28309194E-01   -8.28309123E-01  ok
      5 -2.49452849E+02  1.37E-04           Objective    6.19431200E-01    6.19430961E-01  ok

      6 -1.75614325E+01  1.02E-05       230         6    4.71941547E-01    4.71941544E-01  ok
                                        237        13   -6.05138739E-01   -6.05138750E-01  ok
                                        243        19   -1.12770239E-01   -1.12770251E-01  ok
                                        248        24    9.65079706E-01    9.65079705E-01  ok
                                        252        28   -9.47555645E-01   -9.47555646E-01  ok
                                        256        32    7.50671012E-01    7.50671000E-01  ok
                                        257        33    9.14681904E-01    9.14681901E-01  ok
                                        258        34   -2.03823163E-01   -2.03823174E-01  ok
                                        267        43   -7.09361950E-02   -7.09361709E-02  ok
      6 -1.75614325E+01  1.02E-05           Objective   -2.01296959E-01   -2.01296925E-01  ok

      7  1.61566775E+02  8.90E-05       276         7    1.23619860E-01    1.23619792E-01  ok
                                        283        14   -6.54489674E-01   -6.54489708E-01  ok
                                        289        20   -3.01224564E-01   -3.01224612E-01  ok
                                        294        25    2.92842905E-01    2.92842732E-01  ok
                                        298        29   -8.67335342E-01   -8.67335366E-01  ok
                                        301        32   -7.50671012E-01   -7.50671094E-01  ok
                                        304        35    6.14057653E-01    6.14057593E-01  ok
                                        305        36   -4.47036543E-01   -4.47036607E-01  ok
                                        313        44    3.70852965E-01    3.70853054E-01  ok
      7  1.61566775E+02  8.90E-05           Objective    8.75018352E-02    8.75013181E-02  ok

      8  4.42326029E+02  2.43E-04       322         8   -5.81841870E-01   -5.81842102E-01  ok
                                        329        15   -9.67352400E-01   -9.67352410E-01  ok
                                        335        21   -7.73859501E-01   -7.73859571E-01  ok
                                        340        26   -8.41728989E-01   -8.41729130E-01  ok
                                        344        30   -9.84064023E-01   -9.84064028E-01  ok
                                        347        33   -9.14681904E-01   -9.14681944E-01  ok
                                        349        35   -6.14057653E-01   -6.14057819E-01  ok
                                        351        37   -9.66597961E-01   -9.66597975E-01  ok
                                        359        45    9.95148415E-01    9.95148417E-01  ok
      8  4.42326029E+02  2.43E-04           Objective   -5.76585459E-01   -5.76585161E-01  ok

      9 -8.92116626E+01  4.94E-05       368         9    9.21094911E-01    9.21094900E-01  ok
                                        375        16   -9.69027668E-01   -9.69027673E-01  ok
                                        381        22   -2.94207268E-03   -2.94215614E-03  ok
                                        386        27    7.55959019E-01    7.55958994E-01  ok
                                        390        31   -5.16098942E-01   -5.16099000E-01  ok
                                        393        34    2.03823163E-01    2.03823097E-01  ok
                                        395        36    4.47036543E-01    4.47036506E-01  ok
                                        396        37    9.66597961E-01    9.66597958E-01  ok
                                        405        46   -6.76150586E-01   -6.76150485E-01  ok
      9 -8.92116626E+01  4.94E-05           Objective    6.07552854E-01    6.07552572E-01  ok

     10 -2.36994787E+02  1.30E-04       406         2    1.39455199E-01    1.39455087E-01  ok
                                        407         3   -4.23518993E-01   -4.23519140E-01  ok
                                        408         4    9.99650182E-01    9.99650182E-01  ok
                                        409         5    6.37032080E-01    6.37032019E-01  ok
                                        410         6    8.81629841E-01    8.81629815E-01  ok
                                        411         7    9.92329648E-01    9.92329645E-01  ok
                                        412         8    8.13301936E-01    8.13301872E-01  ok
                                        413         9    3.89338111E-01    3.89337957E-01  ok
                                        442        38   -7.00428057E-01   -7.00427959E-01  ok
     10 -2.36994787E+02  1.30E-04           Objective    2.02355424E-01    2.02355444E-01  ok

     11 -1.57244584E+02  8.67E-05       451         2   -1.39455199E-01   -1.39455272E-01  ok
                                        459        10   -7.07192551E-01   -7.07192616E-01  ok
                                        460        11    5.18687144E-01    5.18687096E-01  ok
                                        461        12    9.74318815E-01    9.74318808E-01  ok
                                        462        13    7.96120033E-01    7.96120001E-01  ok
                                        463        14    7.56070940E-01    7.56070916E-01  ok
                                        464        15    2.53435069E-01    2.53435016E-01  ok
                                        465        16    2.46952181E-01    2.46952014E-01  ok
                                        488        39   -4.35760575E-01   -4.35760477E-01  ok
     11 -1.57244584E+02  8.67E-05           Objective    7.06656153E-01    7.06655972E-01  ok

     12 -3.92010921E+02  2.15E-04       497         3    4.23518993E-01    4.23518752E-01  ok
                                        504        10    7.07192551E-01    7.07192389E-01  ok
                                        511        17    8.72221440E-01    8.72221400E-01  ok
                                        512        18    9.61902778E-01    9.61902764E-01  ok
                                        513        19    9.93621091E-01    9.93621089E-01  ok
                                        514        20    9.53553230E-01    9.53553218E-01  ok
                                        515        21    6.33357302E-01    6.33357209E-01  ok
                                        516        22    9.99995672E-01    9.99995672E-01  ok
                                        534        40   -9.74600523E-01   -9.74600510E-01  ok
     12 -3.92010921E+02  2.15E-04           Objective    3.64326064E-01    3.64325560E-01  ok

     13  1.79618352E+02  9.89E-05       543         4   -9.99650182E-01   -9.99650182E-01  ok
                                        550        11   -5.18687144E-01   -5.18687200E-01  ok
                                        556        17   -8.72221440E-01   -8.72221459E-01  ok
                                        562        23   -2.26802118E-02   -2.26803150E-02  ok
                                        563        24    2.61956411E-01    2.61956232E-01  ok
                                        564        25    9.56160569E-01    9.56160551E-01  ok
                                        565        26   -5.39900277E-01   -5.39900416E-01  ok
                                        566        27   -6.54618944E-01   -6.54619011E-01  ok
                                        580        41    6.14715224E-01    6.14715330E-01  ok
     13  1.79618352E+02  9.89E-05           Objective   -9.24963168E-01   -9.24963788E-01  ok

     14  1.68730785E+02  9.30E-05       589         5   -6.37032080E-01   -6.37032123E-01  ok
                                        596        12   -9.74318815E-01   -9.74318821E-01  ok
                                        602        18   -9.61902778E-01   -9.61902784E-01  ok
                                        607        23    2.26802118E-02    2.26801150E-02  ok
                                        612        28    3.19590832E-01    3.19590662E-01  ok
                                        613        29    4.97724225E-01    4.97724151E-01  ok
                                        614        30   -1.77814507E-01   -1.77814570E-01  ok
                                        615        31   -8.56528973E-01   -8.56529013E-01  ok
                                        626        42    5.60271254E-01    5.60271361E-01  ok
     14  1.68730785E+02  9.30E-05           Objective   -4.38497725E-01   -4.38497864E-01  ok

     15  2.46942942E+02  1.36E-04       635         6   -8.81629841E-01   -8.81629868E-01  ok
                                        642        13   -7.96120033E-01   -7.96120081E-01  ok
                                        648        19   -9.93621091E-01   -9.93621093E-01  ok
                                        653        24   -2.61956411E-01   -2.61956658E-01  ok
                                        657        28   -3.19590832E-01   -3.19591081E-01  ok
                                        661        32    6.60676193E-01    6.60676033E-01  ok
                                        662        33   -4.04174484E-01   -4.04174597E-01  ok
                                        663        34   -9.79007721E-01   -9.79007729E-01  ok
                                        672        43    9.97480855E-01    9.97480857E-01  ok
     15  2.46942942E+02  1.36E-04           Objective    9.47473521E-01    9.47473067E-01  ok

     16  4.04596216E+02  2.22E-04       681         7   -9.92329648E-01   -9.92329651E-01  ok
                                        688        14   -7.56070940E-01   -7.56071004E-01  ok
                                        694        20   -9.53553230E-01   -9.53553242E-01  ok
                                        699        25   -9.56160569E-01   -9.56160609E-01  ok
                                        703        29   -4.97724225E-01   -4.97724401E-01  ok
                                        706        32   -6.60676193E-01   -6.60676456E-01  ok
                                        709        35   -7.89261172E-01   -7.89261264E-01  ok
                                        710        36   -8.94515695E-01   -8.94515735E-01  ok
                                        718        44    9.28691595E-01    9.28691630E-01  ok
     16  4.04596216E+02  2.22E-04           Objective   -8.95487046E-01   -8.95487805E-01  ok

     17  4.37304627E+01  2.45E-05       727         8   -8.13301936E-01   -8.13301948E-01  ok
                                        734        15   -2.53435069E-01   -2.53435085E-01  ok
                                        740        21   -6.33357302E-01   -6.33357311E-01  ok
                                        745        26    5.39900277E-01    5.39900242E-01  ok
                                        749        30    1.77814507E-01    1.77814492E-01  ok
                                        752        33    4.04174484E-01    4.04174463E-01  ok
                                        754        35    7.89261172E-01    7.89261163E-01  ok
                                        756        37   -2.56297449E-01   -2.56297469E-01  ok
                                        764        45    9.83851227E-02    9.83851507E-02  ok
     17  4.37304627E+01  2.45E-05           Objective    4.26794052E-02    4.26794323E-02  ok

     18 -9.72089559E+01  5.38E-05       773         9   -3.89338111E-01   -3.89338176E-01  ok
                                        780        16   -2.46952181E-01   -2.46952284E-01  ok
                                        786        22   -9.99995672E-01   -9.99995672E-01  ok
                                        791        27    6.54618944E-01    6.54618908E-01  ok
                                        795        31    8.56528973E-01    8.56528951E-01  ok
                                        798        34    9.79007721E-01    9.79007719E-01  ok
                                        800        36    8.94515695E-01    8.94515686E-01  ok
                                        801        37    2.56297449E-01    2.56297405E-01  ok
                                        810        46   -7.36763452E-01   -7.36763359E-01  ok
     18 -9.72089559E+01  5.38E-05           Objective   -4.54262661E-03   -4.54258514E-03  ok

    810  Jacobian elements in cols      1  thru    18  seem to be OK.

 -->  The largest relative error was    2.07E-07   in row    12,  column     2


     18  objective gradients out of     1  thru    18  seem to be OK.

 -->  The largest relative error was    6.38E-07   in column     4

1



   Itns Major Minors    Step   nCon Feasible  Optimal  MeritFunction     L+U BSwap     nS condZHZ Penalty
     13     0     13              1  4.0E-02  1.6E+00 -1.8058496E+03      86           13 2.4E+01         _  r
     14     1      1 7.1E-02      2  3.7E-02  1.7E+00 -9.8497056E+02      86           13 2.4E+01 4.5E+00 _  rl
     20     2      6 7.5E-02      3  3.4E-02  6.2E-01 -1.0766625E+03      94           16 1.5E+01 4.5E+00 _s  l
     22     3      2 1.0E+00      4 (0.0E+00) 6.2E-01 -1.8645152E+03      94           17 1.8E+01 4.5E+00 _
     24     4      2 2.5E-02     14 (0.0E+00) 6.3E-01 -1.8704920E+03      94           18 2.0E+01 4.5E+00 _
     26     5      2 1.1E-03     24 (0.0E+00) 6.3E-01 -1.8709964E+03      94           17 1.2E+01 4.5E+00 _
     31     6      5 2.6E-05     35 (0.0E+00) 6.3E-01 -1.8710005E+03      94           17 1.5E+04 4.5E+00 _ M
     32     7      1 3.3E-06     46 (0.0E+00) 6.3E-01 -1.8710009E+03      94           17 3.0E+05 4.5E+00 _ M
     33     8      1 4.4E-07     57 (0.0E+00) 6.3E-01 -1.8710009E+03      94           17 3.0E+05 4.5E+00 _
     36     8      3             63 (0.0E+00) 6.3E-01 -1.8711083E+03      94           18 7.2E+04         _  R
     40     8      4             67 (0.0E+00) 4.7E-01 -1.8711083E+03      94           15 1.4E+01         _  r
     52     9     12 1.0E+00     68 (0.0E+00) 5.8E-01 -1.8934062E+03     137     5      6 1.0E+02         _s
     76    10     24 1.0E+00     69  8.3E-02  4.6E-01 -2.4818744E+03     169           10 6.3E+02         _
     84    11      8 1.0E+00     70  4.7E-02  5.0E-01 -2.3766577E+03     127     9      9 5.8E+01 1.6E-03 _
     90    12      6 1.0E+00     71  1.8E-02  4.2E-01 -2.3912707E+03     126     6      8 4.0E+02 1.6E-03 _
     95    13      5 1.0E+00     72  8.6E-03  4.1E-01 -2.4552581E+03     148            6 3.4E+02 1.6E-03 _
    106    14     11 3.8E-01     74  9.1E-03  3.4E-01 -2.4748882E+03     155            8 2.6E+02 1.6E-03 _
    109    15      3 6.8E-01     76  3.6E-03  3.7E-01 -2.5044812E+03     152            8 5.6E+01 1.6E-03 _
    113    16      4 2.1E-01     78  2.6E-03  5.8E-01 -2.5070189E+03     153            9 9.3E+02 1.6E-03 _
    118    17      5 2.9E-01     80  2.0E-03  4.9E-01 -2.5077609E+03     153            9 1.2E+03 1.6E-03 _
    122    18      4 6.4E-03     84  2.0E-03  4.3E-01 -2.5080232E+03     153            8 6.0E+02 1.6E-03 _
    124    19      2 1.0E+00     85  3.9E-03  1.6E-01 -2.5190473E+03     153            9 4.2E+02 1.6E-03 _

   Itns Major Minors    Step   nCon Feasible  Optimal  MeritFunction     L+U BSwap     nS condZHZ Penalty
    125    20      1 5.6E-02     87  3.8E-03  2.7E-01 -2.5199856E+03     153            9 4.3E+02 1.6E-03 _
    129    21      4 1.4E-01     89  3.3E-03  2.9E-01 -2.5210479E+03     150            8 7.1E+02 1.6E-03 _
    131    22      2 1.2E-01     97  2.9E-03  1.3E-01 -2.5224600E+03     118     8      7 2.5E+01 1.6E-03 _
    132    23      1 7.3E-02    107  2.7E-03  2.8E-01 -2.5232294E+03     118            7 2.7E+01 1.6E-03 _
    133    24      1 2.1E-04    117  2.7E-03  1.5E-01 -2.5232318E+03     118            7 2.6E+01 1.6E-03 _
    134    25      1 7.7E-05    127  2.7E-03  1.5E-01 -2.5232326E+03     118            7 2.5E+01 1.6E-03 _
    135    26      1 6.8E-06    137  2.7E-03  1.9E-01 -2.5232327E+03     118            7 2.4E+01 1.6E-03 _
    136    27      1 3.2E-06    147  2.7E-03  2.5E-01 -2.5232328E+03     118            7 2.3E+01 1.6E-03 _
    137    28      1 1.7E-07    157  2.7E-03  3.1E-01 -2.5232328E+03     118            7 2.3E+01 1.6E-03 _
    138    29      1 2.3E-08    167  2.7E-03  3.7E-01 -2.5232328E+03     118            7 2.3E+01 1.6E-03 _
    140    30      2 3.3E-09    177  2.7E-03  4.3E-01 -2.5232328E+03     118            8 2.3E+01 1.6E-03 _
    141    31      1 4.2E-10    187  2.7E-03  4.3E-01 -2.5232328E+03     110     2      8 1.4E+01 1.6E-03 _
    142    32      1 4.9E-12    196  2.7E-03  4.3E-01 -2.5232328E+03     110            8 1.4E+01 1.6E-03 _
    143    33      1 1.2E-12    206  2.7E-03  4.3E-01 -2.5232328E+03     110            8 1.5E+01 1.6E-03 _
    144    34      1 1.5E-13    213  2.7E-03  4.3E-01 -2.5232328E+03     110            8 1.7E+01 1.6E-03 _
    150    34      6            219  2.7E-03  1.8E-01 -2.5232328E+03     126            9 9.4E+02         _  R
    151    35      1 1.0E+00    220  5.5E-05  1.2E-01 -2.5244944E+03     118     5      9 1.2E+01         _s
    152    36      1 2.6E-02    230  5.4E-05  2.4E-01 -2.5245978E+03     118            9 1.3E+01         _
    154    37      2 1.3E-03    240  5.4E-05  1.2E-01 -2.5246032E+03     126            8 1.3E+01         _
    155    38      1 6.8E-06    250  5.4E-05  1.2E-01 -2.5246033E+03     126            8 1.3E+01         _
    156    39      1 3.0E-08    260  5.4E-05  1.2E-01 -2.5246033E+03     126            8 1.3E+01         _

   Itns Major Minors    Step   nCon Feasible  Optimal  MeritFunction     L+U BSwap     nS condZHZ Penalty
    159    40      3 2.2E-08    270  5.4E-05  1.9E-01 -2.5246033E+03     126            8 8.6E+02         _
    160    41      1 8.3E-09    280  5.4E-05  1.9E-01 -2.5246033E+03     118     3      8 9.8E+00         _
    163    42      3 3.5E-10    290  5.4E-05  1.9E-01 -2.5246033E+03     118            8 1.4E+01         _
    164    43      1 2.4E-10    300  5.4E-05  1.9E-01 -2.5246033E+03     118            8 1.4E+01         _
    165    44      1 9.3E-11    310  5.4E-05  1.9E-01 -2.5246033E+03     110     4      8 2.1E+01         _
    166    45      1 3.1E-12    318  5.4E-05  3.0E-01 -2.5246033E+03     110            8 2.1E+01         _
    167    46      1 2.2E-12    328  5.4E-05  4.2E-01 -2.5246033E+03     110            8 2.0E+01         _
    171    46      4            335  5.4E-05  1.1E-01 -2.5246033E+03     118            9 1.5E+03         _  R
    175    46      4            340  5.4E-05  4.3E-01 -2.5246033E+03     126     2      8 2.7E+01         _  r
1

 SNOPTA EXIT  40 -- terminated after numerical difficulties
 SNOPTA INFO  41 -- current point cannot be improved

 Problem name                 opt prob
 No. of iterations                 175   Objective           -2.5246195467E+03
 No. of major iterations            46   Linear    obj. term  0.0000000000E+00
 No. of infeasibilities              8   Sum of infeas        6.0079865129E-02
 Penalty parameter           0.000E+00   Nonlinear obj. term -2.5246195467E+03
 User function calls (total)       365
 No. of superbasics                  8   No. of basic nonlinears            10
 No. of degenerate steps             0   Percentage                       0.00
 Max x                      16 6.0E+02   Max pi                     46 1.0E+00
 Max Primal infeas          63 3.2E-02   Max Dual infeas            64 1.0E+00
 Nonlinear constraint violn    3.2E-02
1

 Name           opt prob                 Infeasibilities      8      6.0080E-02

 Status         Optimal Soln             Iteration    175    Superbasics     8

 Objective               (Min)
 RHS
 Ranges
 Bounds

 Section 1 - Constraints

  Number  ...Row.. State  ...Value......  Slack Value...  ..Lower Limit.  ..Upper Limit.  .Dual Variable    ..i

      19  r      1 N  BS          .               .                None            None         -1.0          1
      20  r      2    BS      -624.62785      -624.62785           None           .               .           2
      21  r      3    BS      -187.23107      -187.23107           None           .               .           3
      22  r      4    BS      -525.66374      -525.66374           None           .               .           4
      23  r      5    BS      -946.43256      -946.43256           None           .               .           5
      24  r      6 N  FR        -0.00372        -0.00372           None           .             -0.50588      6
      25  r      7    BS      -846.88502      -846.88502           None           .               .           7
      26  r      8 N  FR       -17.98022       -17.98022           None           .             -0.00170      8
      27  r      9    BS      -827.15489      -827.15489           None           .               .           9
      28  r     10    BS      -263.32517      -263.32517           None           .               .          10
      29  r     11    BS      -946.00455      -946.00455           None           .               .          11
      30  r     12    BS      -533.92346      -533.92346           None           .               .          12
      31  r     13    BS      -448.85666      -448.85666           None           .               .          13
      32  r     14    BS      -848.58890      -848.58890           None           .               .          14
      33  r     15    BS      -786.74417      -786.74417           None           .               .          15
      34  r     16    BS      -101.37598      -101.37598           None           .               .          16
      35  r     17    BS      -806.31384      -806.31384           None           .               .          17
      36  r     18    BS      -847.16152      -847.16152           None           .               .          18
      37  r     19    BS      -152.20157      -152.20157           None           .               .          19
      38  r     20    BS      -946.41022      -946.41022           None           .               .          20
      39  r     21    BS      -427.81234      -427.81234           None           .               .          21
      40  r     22    BS      -560.07633      -560.07633           None           .               .          22
      41  r     23    BS      -687.68730      -687.68730           None           .               .          23
      42  r     24    BS      -404.83089      -404.83089           None           .               .          24
      43  r     25    BS      -272.50368      -272.50368           None           .               .          25
      44  r     26    BS      -299.53588      -299.53588           None           .               .          26
      45  r     27    BS      -908.48256      -908.48256           None           .               .          27
      46  r     28    BS      -693.71038      -693.71038           None           .               .          28
      47  r     29    BS      -266.52865      -266.52865           None           .               .          29
      48  r     30    BS      -925.21830      -925.21830           None           .               .          30
      49  r     31    BS      -231.44093      -231.44093           None           .               .          31
      50  r     32    BS      -628.97658      -628.97658           None           .               .          32
      51  r     33    BS       -85.10941       -85.10941           None           .               .          33
      52  r     34    BS      -599.11969      -599.11969           None           .               .          34
      53  r     35    BS      -710.17014      -710.17014           None           .               .          35
      54  r     36    BS      -658.91975      -658.91975           None           .               .          36
      55  r     37    BS      -917.38961      -917.38961           None           .               .          37
      56  r     38 I  UL         0.00002         0.00002           None           .             -0.48800     38
      57  r     39 I  UL         0.00970         0.00970           None           .             -0.26750     39
      58  r     40 I  UL         0.00001         0.00001           None           .             -0.35586     40
      59  r     41 I  UL         0.00104         0.00104           None           .             -0.44261     41
      60  r     42 I  UL         0.00002         0.00002           None           .             -0.45274     42
      61  r     43    BS      -252.06148      -252.06148           None           .               .          43
      62  r     44 I  UL         0.00284         0.00284           None           .             -0.42851     44
      63  r     45 I  UL         0.03220         0.03220           None           .             -0.20597     45
      64  r     46 I SBS         0.01425         0.01425           None           .              1.0         46
1

 Section 2 - Variables

  Number  .Column. State  ...Value......  .Obj Gradient.  ..Lower Limit.  ..Upper Limit.  .Dual Variable    m+j

       1  x      1    BS       455.62353          .           -600.00000       600.00000        -0.03133     47
       2  x      2    BS      -421.01946          .           -600.00000       600.00000        -0.18770     48
       3  x      3 N SBS        66.72888          .           -600.00000       600.00000         0.03958     49
       4  x      4 N SBS       457.60773          .           -600.00000       600.00000         0.33757     50
       5  x      5    BS      -482.36069          .           -600.00000       600.00000        -0.36397     51
       6  x      6 N SBS       254.38860          .           -600.00000       600.00000         0.40269     52
       7  x      7 N SBS       -23.24369          .           -600.00000       600.00000        -0.01660     53
       8  x      8    BS       580.89465          .           -600.00000       600.00000         0.19861     54
       9  x      9 A  FR      -588.77855          .           -600.00000       600.00000          .          55
      10  x     10 N SBS      -390.39367          .           -600.00000       600.00000        -0.00981     56
      11  x     11 N SBS      -427.49766          .           -600.00000       600.00000        -0.19059     57
      12  x     12    BS      -596.27784          .           -600.00000       600.00000        -0.35365     58
      13  x     13    BS       388.06755          .           -600.00000       600.00000         0.28627     59
      14  x     14 N SBS       356.83075          .           -600.00000       600.00000         0.26925     60
      15  x     15    BS      -237.37660          .           -600.00000       600.00000        -0.30620     61
      16  x     16    BS       599.55245          .           -600.00000       600.00000         0.42819     62
      17  x     17    BS      -150.33310          .           -600.00000       600.00000        -0.05311     63
      18  x     18    BS      -115.57217          .           -600.00000       600.00000          .          64

 Time for MPS input                             0.00 seconds
 Time for solving problem                      39.19 seconds
 Time for solution output                       0.00 seconds
 Time for constraint functions                 39.17 seconds
 Time for objective function                    0.00 seconds
