
 ==============================
 S N O P T  7.7.3    (Dec 2019)
 ==============================
 opt-files/9turb-circle-600r/snopt-wec/010dirs/052-wec1.8-print.out
 XXX  Keyword not recognized:         OPT-FILES/9TURB-
 opt-files/9turb-circle-600r/snopt-wec/010dirs/052-wec1.8-summary.out
 XXX  Keyword not recognized:         OPT-FILES/9TURB-

 SNMEMA EXIT 100 -- finished successfully
 SNMEMA INFO 104 -- memory requirements estimated



 Nonlinear constraints      45     Linear constraints       1
 Nonlinear variables        18     Linear variables         0
 Jacobian  variables        18     Objective variables     18
 Total constraints          46     Total variables         18



 The user has defined     828   out of     828   first  derivatives


 Major Minors     Step   nCon Feasible  Optimal  MeritFunction     nS Penalty
     0     13               1  5.4E-05  3.3E-01 -3.1698322E+03     13           r
     1      1  1.0E+00      2 (4.5E-08) 3.4E-01 -3.1699521E+03     13 5.0E+00   r
     2      7  3.8E-01      3  1.5E-06  6.6E-01 -3.1708563E+03      9 2.5E+00 s  l
     3      8  6.0E-01      5  2.9E-03  7.9E-01 -3.2247959E+03     12 2.5E+00
     4      8  3.7E-01      7  2.3E-03  5.8E-01 -3.2329322E+03     13 2.5E+00
     5      3  1.0E+00      8  5.4E-03  6.2E-01 -3.2640573E+03     13 2.5E+00
     6      5  2.9E-01     10  4.3E-03  5.7E-01 -3.2793046E+03     11 2.5E+00
     7      1  5.8E-01     12  3.9E-03  3.8E-01 -3.3073963E+03     11 2.5E+00
     8      2  1.0E+00     13  4.4E-03  1.4E-01 -3.3359173E+03     12 2.5E+00
     9      8  5.0E-01     15  2.2E-03  6.7E-01 -3.3391182E+03     11 2.5E+00

 Major Minors     Step   nCon Feasible  Optimal  MeritFunction     nS Penalty
    10     10  3.3E-02     18  2.1E-03  1.9E-01 -3.3410882E+03     12 2.5E+00
    11      1  1.0E+00     19  2.9E-04  1.9E-01 -3.3419115E+03     12 2.5E+00
    12      1  1.0E+00     20  2.1E-04  1.5E-01 -3.3430128E+03     12 2.5E+00
    13      1  1.0E+00     21  9.2E-05  7.1E-02 -3.3438785E+03     12 2.5E+00
    14      1  1.0E+00     22  1.8E-05  3.9E-02 -3.3442652E+03     12 2.5E+00
    15      1  1.0E+00     23  1.1E-05  5.6E-02 -3.3444783E+03     12 2.5E+00
    16      1  3.2E-02     26  1.2E-05  3.9E-02 -3.3445222E+03     12 2.5E+00
    17      1  2.8E-01     28  8.5E-06  5.9E-02 -3.3445677E+03     12 2.5E+00
    18      1  1.0E+00     29  6.2E-06  3.4E-02 -3.3446425E+03     12 2.5E+00
    19      1  1.0E+00     30  2.7E-05  3.0E-02 -3.3447451E+03     12 2.5E+00

 Major Minors     Step   nCon Feasible  Optimal  MeritFunction     nS Penalty
    20      1  1.0E+00     31  8.2E-06  9.3E-02 -3.3447529E+03     12 2.5E+00
    21      1  1.0E+00     32  2.2E-06  3.3E-02 -3.3447558E+03     12 2.5E+00
    22      1  1.0E+00     33  1.5E-06  3.1E-02 -3.3447787E+03     12 2.5E+00
    23      1  2.5E-01     35  1.2E-06  3.0E-02 -3.3447810E+03     12 2.5E+00
    24      1  1.3E-01     37  1.1E-06  3.0E-02 -3.3447829E+03     12 2.5E+00
    25      1  1.0E-01     41 (9.5E-07) 3.1E-02 -3.3447844E+03     12 2.5E+00
    26      1  4.5E-04     51 (9.5E-07) 3.2E-02 -3.3447845E+03     12 2.5E+00
    27      1  9.5E-07     61 (9.5E-07) 3.0E-02 -3.3447845E+03     12 2.5E+00
    28      1  1.7E-08     71 (9.5E-07) 3.0E-02 -3.3447845E+03     12 2.5E+00
    29      1  4.9E-10     81 (9.5E-07) 3.0E-02 -3.3447845E+03     12 2.5E+00

 Major Minors     Step   nCon Feasible  Optimal  MeritFunction     nS Penalty
    30      1  5.2E-11     89 (9.5E-07) 3.0E-02 -3.3447845E+03     12 2.5E+00
    31      1  1.9E-11     99 (9.5E-07) 3.0E-02 -3.3447845E+03     12 2.5E+00
    31      1             107 (9.5E-07) 2.9E-02 -3.3447845E+03     12           R
    32      1  1.8E-11    115 (9.5E-07) 2.9E-02 -3.3447845E+03     12         s
    32      1             123 (9.5E-07) 2.9E-02 -3.3447845E+03     12         s R
    32      1             131 (9.5E-07) 2.9E-02 -3.3447845E+03     12         s r

 SNOPTA EXIT  40 -- terminated after numerical difficulties
 SNOPTA INFO  41 -- current point cannot be improved

 Problem name                 opt prob
 No. of iterations                  91   Objective           -3.3447854813E+03
 No. of major iterations            32   Linear    obj. term  0.0000000000E+00
 No. of infeasibilities              6   Sum of infeas        1.1124010184E-03
 Penalty parameter           0.000E+00   Nonlinear obj. term -3.3447854813E+03
 User function calls (total)       158
 No. of superbasics                 12   No. of basic nonlinears             6
 No. of degenerate steps             0   Percentage                       0.00
 Max x                      12 6.0E+02   Max pi                     39 1.2E+00
 Max Primal infeas          58 5.7E-04   Max Dual infeas            12 1.2E+00
 Nonlinear constraint violn    5.7E-04



 Solution printed on file  18

 Time for MPS input                             0.00 seconds
 Time for solving problem                      18.11 seconds
 Time for solution output                       0.00 seconds
 Time for constraint functions                 18.09 seconds
 Time for objective function                    0.00 seconds
