
         ==============================
         S N O P T  7.7.3    (Dec 2019)
         ==============================
      opt-files/9turb-circle-600r/snopt-wec/010dirs/052-wec1.0-print.out
 XXX  Keyword not recognized:         OPT-FILES/9TURB-
      Derivative option               1
      Verify level               3
      opt-files/9turb-circle-600r/snopt-wec/010dirs/052-wec1.0-summary.out
 XXX  Keyword not recognized:         OPT-FILES/9TURB-
      Major optimality tolerance  5.00000000E-05
      Major iteration limit         1000000
1

 SNMEMA EXIT 100 -- finished successfully
 SNMEMA INFO 104 -- memory requirements estimated
      Total character workspace             500
      Total integer   workspace           35042
      Total real      workspace           23255
1

 Parameters
 ==========

 Files
 -----
 Solution file..........         0       Old basis file ........         0       Standard input.........         5
 Insert file............         0       New basis file ........         0       (Printer)..............        18
 Punch file.............         0       Backup basis file......         0       (Specs file)...........         0
 Load file..............         0       Dump file..............         0       Standard output........         6

 Frequencies
 -----------
 Print frequency........       100       Check frequency........        60       Save new basis map.....       100
 Summary frequency......       100       Factorization frequency        50       Expand frequency.......     10000

 QP subproblems
 --------------
 QPsolver Cholesky......
 Scale tolerance........     0.900       Minor feasibility tol..  1.00E-06       Iteration limit........     10000
 Scale option...........         0       Minor optimality  tol..  1.00E-06       Minor print level......         1
 Crash tolerance........     0.100       Pivot tolerance........  3.25E-11       New superbasics........        99
 Crash option...........         3       Elastic weight.........  1.00E+05

 Partial pricing
 ---------------
 LP Partial price.......         1       Prtl price section ( A)        18       Prtl price section (-I)        46
 QP Partial price.......         1       Prtl price section ( A)        18       Prtl price section (-I)        46

 The SQP Method
 --------------
 Minimize...............                 Cold start.............                 Proximal Point method..         1
 Nonlinear objectiv vars        18       Objective Row..........         1       Function precision.....  3.00E-13
 Unbounded step size....  1.00E+20       Superbasics limit......        18       Difference interval....  5.48E-07
 Unbounded objective....  1.00E+10       Reduced Hessian dim....        18       Central difference int.  6.70E-05
 Major step limit.......  2.00E+00       Derivative linesearch..                 Derivative option......         1
 Major iterations limit.   1000000       Linesearch tolerance...   0.90000       Verify level...........         3
 Minor iterations limit.       500       Penalty parameter......  0.00E+00       Major Print Level......         1
 Time limit (secs)...... 9999999.0       Major optimality tol...  5.00E-05

 Hessian Approximation
 ---------------------
 Hessian full-memory....                 Hessian updates........  99999999       Hessian frequency......  99999999
                                                                                 Hessian flush..........  99999999

 Nonlinear constraints
 ---------------------
 Nonlinear constraints..        45       Major feasibility tol..  1.00E-06       Violation limit........  1.00E+01
 Nonlinear Jacobian vars        18

 Miscellaneous
 -------------
 LU factor tolerance....      3.99       LU singularity tol.....  3.25E-11       Timing level...........         3
 LU update tolerance....      3.99       LU swap tolerance......  1.22E-04       Debug level............         0
 LU partial  pivoting...                 eps (machine precision)  2.22E-16       System information.....        No
                                                                                 Sticky parameters......        No
1




 Matrix statistics
 -----------------
               Total      Normal        Free       Fixed     Bounded
 Rows             46          45           1           0           0
 Columns          18           0           0           0          18

 No. of matrix elements                  810     Density      97.826
 Biggest  constant element        0.0000E+00  (excluding fixed columns,
 Smallest constant element        0.0000E+00   free rows, and RHS)

 No. of objective coefficients             0

 Nonlinear constraints      45     Linear constraints       1
 Nonlinear variables        18     Linear variables         0
 Jacobian  variables        18     Objective variables     18
 Total constraints          46     Total variables         18
1



 The user has defined     828   out of     828   first  derivatives

 Verification of user-supplied problem derivatives.

 The constraint gradients seem to be OK.

 -->  The largest discrepancy was    1.43E-07  in constraint    26


 The objective  gradients seem to be OK.

 Gradient projected in one direction  -3.11271419407E+00
 Difference approximation             -3.11277600696E+00


 Column       x(j)        dx(j)    Element no.    Row        Derivative    Difference approxn

      1  4.55623531E+02  2.50E-04         1         2   -9.99105495E-01   -9.99105495E-01  ok
                                          2         3   -8.83789071E-01   -8.83789134E-01  ok
                                          3         4    2.54885976E-03    2.54869840E-03  ok
                                          4         5   -7.82153734E-01   -7.82153775E-01  ok
                                          5         6   -7.96012535E-01   -7.96012716E-01  ok
                                          6         7   -4.35458530E-01   -4.35458623E-01  ok
                                          7         8    4.62630252E-01    4.62629889E-01  ok
                                          8         9   -9.67079358E-01   -9.67079365E-01  ok
                                         37        38    7.59372532E-01    7.59372620E-01  ok
      1  4.55623531E+02  2.50E-04           Objective   -1.62972708E+01   -1.62974055E+01  ok

      2 -4.21019460E+02  2.31E-04        46         2    9.99105495E-01    9.99105495E-01  ok
                                         54        10    9.45019478E-01    9.45019454E-01  ok
                                         55        11    7.32919464E-01    7.32919420E-01  ok
                                         56        12   -7.79705171E-02   -7.79706625E-02  ok
                                         57        13    9.62590539E-01    9.62590527E-01  ok
                                         58        14    3.61158325E-01    3.61158233E-01  ok
                                         59        15    9.63801387E-01    9.63801378E-01  ok
                                         60        16   -4.73660260E-01   -4.73660513E-01  ok
                                         83        39   -7.01687759E-01   -7.01687661E-01  ok
      2 -4.21019460E+02  2.31E-04           Objective    6.18328903E-01    6.18325891E-01  ok

      3  6.67288802E+01  3.71E-05        92         3    8.83789071E-01    8.83789063E-01  ok
                                         99        10   -9.45019478E-01   -9.45019483E-01  ok
                                        106        17    3.69062165E-01    3.69062153E-01  ok
                                        107        18   -4.99189804E-01   -4.99189821E-01  ok
                                        108        19    4.63355543E-01    4.63355507E-01  ok
                                        109        20   -7.50265212E-02   -7.50265368E-02  ok
                                        110        21    7.55445862E-01    7.55445848E-01  ok
                                        111        22   -8.06404863E-01   -8.06404870E-01  ok
                                        129        40    1.11214799E-01    1.11214830E-01  ok
      3  6.67288802E+01  3.71E-05           Objective   -4.12871946E-01   -4.12871720E-01  ok

      4  4.57607726E+02  2.51E-04       138         4   -2.54885976E-03   -2.54902103E-03  ok
                                        145        11   -7.32919464E-01   -7.32919512E-01  ok
                                        151        17   -3.69062165E-01   -3.69062268E-01  ok
                                        157        23   -9.99448282E-01   -9.99448283E-01  ok
                                        158        24   -3.09016994E-01   -3.09017167E-01  ok
                                        159        25   -9.15377980E-01   -9.15378019E-01  ok
                                        160        26    2.23210063E-01    2.23209846E-01  ok
                                        161        27   -9.01060865E-01   -9.01060885E-01  ok
                                        175        41    7.62678217E-01    7.62678305E-01  ok
      4  4.57607726E+02  2.51E-04           Objective    5.08616080E-01    5.08616061E-01  ok

      5 -4.82360695E+02  2.65E-04       184         5    7.82153734E-01    7.82153692E-01  ok
                                        191        12    7.79705171E-02    7.79703501E-02  ok
                                        197        18    4.99189804E-01    4.99189713E-01  ok
                                        202        23    9.99448282E-01    9.99448282E-01  ok
                                        207        28    7.78384806E-01    7.78384751E-01  ok
                                        208        29    8.84058680E-01    8.84058624E-01  ok
                                        209        30    9.02579655E-01    9.02579634E-01  ok
                                        210        31   -2.19762199E-01   -2.19762460E-01  ok
                                        221        42   -8.03934467E-01   -8.03934389E-01  ok
      5 -4.82360695E+02  2.65E-04           Objective   -6.34746973E-01   -6.34745286E-01  ok

      6  2.54388604E+02  1.40E-04       230         6    7.96012535E-01    7.96012434E-01  ok
                                        237        13   -9.62590539E-01   -9.62590545E-01  ok
                                        243        19   -4.63355543E-01   -4.63355678E-01  ok
                                        248        24    3.09016994E-01    3.09016898E-01  ok
                                        252        28   -7.78384806E-01   -7.78384834E-01  ok
                                        256        32   -3.14855602E-01   -3.14855673E-01  ok
                                        257        33    9.66253197E-01    9.66253183E-01  ok
                                        258        34   -9.89726095E-01   -9.89726094E-01  ok
                                        267        43    7.31130905E-01    7.31130999E-01  ok
      6  2.54388604E+02  1.40E-04           Objective    1.42645247E+00    1.42645170E+00  ok

      7 -2.32436911E+01  1.33E-05       276         7    4.35458530E-01    4.35458515E-01  ok
                                        283        14   -3.61158325E-01   -3.61158324E-01  ok
                                        289        20    7.50265212E-02    7.50265245E-02  ok
                                        294        25    9.15377980E-01    9.15377983E-01  ok
                                        298        29   -8.84058680E-01   -8.84058691E-01  ok
                                        301        32    3.14855602E-01    3.14855597E-01  ok
                                        304        35    6.27369759E-01    6.27369754E-01  ok
                                        305        36   -6.20294620E-01   -6.20294612E-01  ok
                                        313        44   -3.87393015E-02   -3.87392880E-02  ok
      7 -2.32436911E+01  1.33E-05           Objective    3.26875598E-01    3.26875576E-01  ok

      8  5.80894653E+02  3.19E-04       322         8   -4.62630252E-01   -4.62630714E-01  ok
                                        329        15   -9.63801387E-01   -9.63801398E-01  ok
                                        335        21   -7.55445862E-01   -7.55445963E-01  ok
                                        340        26   -2.23210063E-01   -2.23210337E-01  ok
                                        344        30   -9.02579655E-01   -9.02579680E-01  ok
                                        347        33   -9.66253197E-01   -9.66253229E-01  ok
                                        349        35   -6.27369759E-01   -6.27369859E-01  ok
                                        351        37   -9.99558698E-01   -9.99558697E-01  ok
                                        359        45    9.68105801E-01    9.68105818E-01  ok
      8  5.80894653E+02  3.19E-04           Objective    1.43867776E+01    1.43866321E+01  ok

      9 -5.88778546E+02  3.23E-04       368         9    9.67079358E-01    9.67079349E-01  ok
                                        375        16    4.73660260E-01    4.73659906E-01  ok
                                        381        22    8.06404863E-01    8.06404793E-01  ok
                                        386        27    9.01060865E-01    9.01060839E-01  ok
                                        390        31    2.19762199E-01    2.19761882E-01  ok
                                        393        34    9.89726095E-01    9.89726091E-01  ok
                                        395        36    6.20294620E-01    6.20294511E-01  ok
                                        396        37    9.99558698E-01    9.99558697E-01  ok
                                        405        46   -9.81274268E-01   -9.81274258E-01  ok
      9 -5.88778546E+02  3.23E-04           Objective    7.78389818E-02    7.78371459E-02  ok

     10 -3.90393669E+02  2.14E-04       406         2   -4.22872301E-02   -4.22873514E-02  ok
                                        407         3   -4.67885539E-01   -4.67885729E-01  ok
                                        408         4    9.99996752E-01    9.99996751E-01  ok
                                        409         5    6.23085496E-01    6.23085443E-01  ok
                                        410         6    6.05280137E-01    6.05279868E-01  ok
                                        411         7    9.00208792E-01    9.00208772E-01  ok
                                        412         8    8.86551324E-01    8.86551240E-01  ok
                                        413         9    2.54474981E-01    2.54474888E-01  ok
                                        442        38   -6.50656098E-01   -6.50655995E-01  ok
     10 -3.90393669E+02  2.14E-04           Objective    1.04473662E+01    1.04473071E+01  ok

     11 -4.27497663E+02  2.35E-04       451         2    4.22872301E-02    4.22870970E-02  ok
                                        459        10   -3.27014047E-01   -3.27014249E-01  ok
                                        460        11    6.80315412E-01    6.80315359E-01  ok
                                        461        12    9.96955665E-01    9.96955665E-01  ok
                                        462        13    2.70960246E-01    2.70960092E-01  ok
                                        463        14    9.32504512E-01    9.32504498E-01  ok
                                        464        15    2.66621242E-01    2.66621137E-01  ok
                                        465        16    8.80707646E-01    8.80707572E-01  ok
                                        488        39   -7.12484589E-01   -7.12484492E-01  ok
     11 -4.27497663E+02  2.35E-04           Objective    4.71154253E-02    4.71107551E-02  ok

     12 -5.96277844E+02  3.27E-04       497         3    4.67885539E-01    4.67885248E-01  ok
                                        504        10    3.27014047E-01    3.27013763E-01  ok
                                        511        17    9.29404712E-01    9.29404691E-01  ok
                                        512        18    8.66492666E-01    8.66492629E-01  ok
                                        513        19    8.86172467E-01    8.86172380E-01  ok
                                        514        20    9.97181539E-01    9.97181538E-01  ok
                                        515        21    6.55211072E-01    6.55210935E-01  ok
                                        516        22    5.91363845E-01    5.91363715E-01  ok
                                        534        40   -9.93796392E-01   -9.93796389E-01  ok
     12 -5.96277844E+02  3.27E-04           Objective    1.64039212E+00    1.64039313E+00  ok

     13  3.88067547E+02  2.13E-04       543         4   -9.99996752E-01   -9.99996752E-01  ok
                                        550        11   -6.80315412E-01   -6.80315460E-01  ok
                                        556        17   -9.29404712E-01   -9.29404726E-01  ok
                                        562        23   -3.32134205E-02   -3.32135335E-02  ok
                                        563        24   -9.51056516E-01   -9.51056531E-01  ok
                                        564        25    4.02595520E-01    4.02595350E-01  ok
                                        565        26   -9.74770367E-01   -9.74770376E-01  ok
                                        566        27   -4.33692654E-01   -4.33692728E-01  ok
                                        580        41    6.46778120E-01    6.46778224E-01  ok
     13  3.88067547E+02  2.13E-04           Objective    5.02599626E-01    5.02598995E-01  ok

     14  3.56830746E+02  1.96E-04       589         5   -6.23085496E-01   -6.23085545E-01  ok
                                        596        12   -9.96955665E-01   -9.96955665E-01  ok
                                        602        18   -8.66492666E-01   -8.66492688E-01  ok
                                        607        23    3.32134205E-02    3.32133166E-02  ok
                                        612        28   -6.27787460E-01   -6.27787522E-01  ok
                                        613        29    4.67375919E-01    4.67375772E-01  ok
                                        614        30   -4.30522898E-01   -4.30522966E-01  ok
                                        615        31   -9.75553471E-01   -9.75553481E-01  ok
                                        626        42    5.94717893E-01    5.94717998E-01  ok
     14  3.56830746E+02  1.96E-04           Objective    6.61865938E-01    6.61867573E-01  ok

     15 -2.37376601E+02  1.31E-04       635         6   -6.05280137E-01   -6.05280300E-01  ok
                                        642        13   -2.70960246E-01   -2.70960332E-01  ok
                                        648        19   -8.86172467E-01   -8.86172502E-01  ok
                                        653        24    9.51056516E-01    9.51056508E-01  ok
                                        657        28    6.27787460E-01    6.27787418E-01  ok
                                        661        32    9.49139584E-01    9.49139577E-01  ok
                                        662        33    2.57594174E-01    2.57593994E-01  ok
                                        663        34    1.42976423E-01    1.42976349E-01  ok
                                        672        43   -6.82237202E-01   -6.82237101E-01  ok
     15 -2.37376601E+02  1.31E-04           Objective   -7.79516344E-01   -7.79516595E-01  ok

     16  5.99552453E+02  3.29E-04       681         7   -9.00208792E-01   -9.00208820E-01  ok
                                        688        14   -9.32504512E-01   -9.32504531E-01  ok
                                        694        20   -9.97181539E-01   -9.97181541E-01  ok
                                        699        25   -4.02595520E-01   -4.02595783E-01  ok
                                        703        29   -4.67375919E-01   -4.67376167E-01  ok
                                        706        32   -9.49139584E-01   -9.49139603E-01  ok
                                        709        35   -7.78721507E-01   -7.78721574E-01  ok
                                        710        36   -7.84368908E-01   -7.84368978E-01  ok
                                        718        44    9.99249352E-01    9.99249352E-01  ok
     16  5.99552453E+02  3.29E-04           Objective   -1.48899052E+00   -1.48899086E+00  ok

     17 -1.50333105E+02  8.29E-05       727         8   -8.86551324E-01   -8.86551356E-01  ok
                                        734        15   -2.66621242E-01   -2.66621281E-01  ok
                                        740        21   -6.55211072E-01   -6.55211107E-01  ok
                                        745        26    9.74770367E-01    9.74770362E-01  ok
                                        749        30    4.30522898E-01    4.30522872E-01  ok
                                        752        33   -2.57594174E-01   -2.57594289E-01  ok
                                        754        35    7.78721507E-01    7.78721489E-01  ok
                                        756        37    2.97053863E-02    2.97053521E-02  ok
                                        764        45   -2.50541729E-01   -2.50541665E-01  ok
     17 -1.50333105E+02  8.29E-05           Objective   -1.08463709E+01   -1.08463907E+01  ok

     18 -1.15572171E+02  6.39E-05       773         9   -2.54474981E-01   -2.54475011E-01  ok
                                        780        16   -8.80707646E-01   -8.80707667E-01  ok
                                        786        22   -5.91363845E-01   -5.91363870E-01  ok
                                        791        27    4.33692654E-01    4.33692632E-01  ok
                                        795        31    9.75553471E-01    9.75553469E-01  ok
                                        798        34   -1.42976423E-01   -1.42976459E-01  ok
                                        800        36    7.84368908E-01    7.84368895E-01  ok
                                        801        37   -2.97053863E-02   -2.97054129E-02  ok
                                        810        46   -1.92615709E-01   -1.92615658E-01  ok
     18 -1.15572171E+02  6.39E-05           Objective   -1.84461536E-01   -1.84461866E-01  ok

    810  Jacobian elements in cols      1  thru    18  seem to be OK.

 -->  The largest relative error was    3.16E-07   in row     8,  column     8


     18  objective gradients out of     1  thru    18  seem to be OK.

 -->  The largest relative error was    9.46E-06   in column     8

1



   Itns Major Minors    Step   nCon Feasible  Optimal  MeritFunction     L+U BSwap     nS condZHZ Penalty
     13     0     13              1  5.4E-05  7.5E-01 -3.8336804E+03     118           13 8.1E+01         _  r
     14     1      1 1.0E+00      2 (4.2E-08) 4.5E-01 -3.8386136E+03     118           13 8.1E+01         _  r
     26     2     12 1.0E+00      3 (8.9E-08) 4.7E-01 -3.8401820E+03     148            8 2.3E+03         _s
     56     3     30 1.0E-01      5  2.2E-03  5.9E-01 -3.9972036E+03     184           12 2.6E+03         _   d
     64     4      8 1.0E+00      6  1.2E-02  4.7E-01 -4.1211608E+03      94    10     15 8.8E+02         _
     70     5      6 2.9E-01      8  7.3E-03  5.3E-01 -4.1679752E+03      94     6     10 1.3E+02         _
     82     6     12 2.8E-01     10  6.2E-03  5.5E-01 -4.2740776E+03     128     1     13 8.2E+02         _
     85     7      3 2.5E-01     12  2.2E-03  6.8E-01 -4.3275863E+03     128           13 4.7E+02         _
     88     8      3 2.8E-01     14  1.6E-03  6.1E-01 -4.3741731E+03      94     9     13 7.4E+00         _
     89     9      1 2.8E-01     16  1.2E-03  7.2E-01 -4.3824057E+03      94           13 6.4E+00         _
     90    10      1 3.3E-01     18  8.2E-04  5.5E-01 -4.3913839E+03      94           13 7.7E+00         _
     91    11      1 5.3E-01     20  4.4E-04  5.4E-01 -4.4006231E+03      94           13 1.1E+01         _
     92    12      1 1.0E+00     21  1.8E-03  6.3E-01 -4.4053776E+03      94           13 8.8E+00         _
     93    13      1 1.0E+00     22  3.2E-04  3.6E-01 -4.4138283E+03      94           13 8.7E+00         _
     94    14      1 1.0E+00     23  7.0E-04  3.5E-01 -4.4158350E+03      94           13 7.6E+00         _
     95    15      1 1.0E+00     24  1.1E-04  2.1E-01 -4.4195132E+03      86     2     13 5.3E+00         _
     96    16      1 5.2E-01     26  7.4E-05  2.0E-01 -4.4200026E+03      86           13 5.3E+00         _
     97    17      1 1.0E+00     27  4.2E-05  8.8E-02 -4.4204458E+03      86           13 3.5E+00         _
     98    18      1 1.0E+00     28  1.5E-05  6.4E-02 -4.4208751E+03      86           13 3.1E+00         _
    100    19      2 1.0E+00     29  6.7E-06  5.0E-02 -4.4210082E+03      86           14 6.0E+00         _

   Itns Major Minors    Step   nCon Feasible  Optimal  MeritFunction     L+U BSwap     nS condZHZ Penalty
    102    20      2 1.0E+00     30  9.2E-06  3.7E-02 -4.4211290E+03      86           13 6.5E+00         _
    104    21      2 1.0E+00     31  1.6E-05  2.4E-02 -4.4212247E+03      86           14 9.2E+00         _
    105    22      1 4.2E-01     33  1.4E-05  2.1E-02 -4.4212515E+03      86           14 1.0E+01         _
    107    23      2 1.0E+00     34  4.8E-06  1.3E-02 -4.4212651E+03      86           13 6.7E+00         _
    108    24      1 1.0E+00     35  2.6E-06  4.7E-03 -4.4212795E+03      86           13 1.0E+01         _
    110    25      2 4.2E-01     37  1.7E-06  3.6E-03 -4.4212802E+03      86           14 4.1E+00         _
    111    26      1 1.0E+00     38 (4.1E-08) 2.3E-03 -4.4212803E+03      86           14 3.9E+00         _
    113    27      2 1.0E+00     39 (2.5E-08) 4.7E-03 -4.4212808E+03      86           13 3.7E+00         _
    115    28      2 2.3E-01     41 (2.0E-08) 2.2E-03 -4.4212808E+03      86           14 5.0E+00         _
    116    29      1 1.0E+00     42 (3.7E-10) 2.1E-03 -4.4212808E+03      86           14 3.9E+00         _
    117    30      1 3.8E-01     44 (2.9E-10) 2.2E-03 -4.4212808E+03      86           14 3.7E+00         _
    118    31      1 9.5E-02     54 (2.9E-10) 2.0E-03 -4.4212808E+03      86           14 5.4E+00         _
    119    32      1 3.1E-05     64 (2.9E-10) 2.0E-03 -4.4212808E+03      86           14 7.2E+00         _
    120    33      1 2.5E-06     74 (2.9E-10) 1.9E-03 -4.4212808E+03      78     2     14 6.4E+00         _
    121    34      1 3.3E-07     84 (2.9E-10) 1.8E-03 -4.4212808E+03      78           14 6.5E+00         _
    122    35      1 6.4E-08     94 (2.9E-10) 1.7E-03 -4.4212808E+03      78           14 6.7E+00         _
    123    36      1 4.1E-09    104 (2.9E-10) 1.6E-03 -4.4212808E+03      78           14 7.0E+00         _
    124    37      1 1.2E-09    114 (2.9E-10) 1.6E-03 -4.4212808E+03      78           14 7.2E+00         _
    125    38      1 3.6E-11    123 (2.9E-10) 1.6E-03 -4.4212808E+03      78           14 7.5E+00         _
    126    38      1            130 (2.9E-10) 1.2E-03 -4.4212808E+03      78           14 1.6E+01         _  R
    127    39      1 1.8E-11    139 (2.9E-10) 1.2E-03 -4.4212808E+03      78           14 1.6E+01         _s
    128    39      1            146 (2.9E-10) 1.2E-03 -4.4212808E+03      78           14 1.8E+01         _s R
    129    39      1            154 (2.9E-10) 1.2E-03 -4.4212808E+03      78           14 3.1E+00         _s r
1

 SNOPTA EXIT  40 -- terminated after numerical difficulties
 SNOPTA INFO  41 -- current point cannot be improved

 Problem name                 opt prob
 No. of iterations                 129   Objective           -4.4212808238E+03
 No. of major iterations            39   Linear    obj. term  0.0000000000E+00
 Penalty parameter           0.000E+00   Nonlinear obj. term -4.4212808238E+03
 User function calls (total)       181
 No. of superbasics                 14   No. of basic nonlinears             4
 No. of degenerate steps             0   Percentage                       0.00
 Max x                      16 6.0E+02   Max pi                     46 1.0E+00
 Max Primal infeas          58 1.8E-07   Max Dual infeas             9 1.2E-03
 Nonlinear constraint violn    1.8E-07
1

 Name           opt prob                 Objective Value     -4.4212808238E+03

 Status         Optimal Soln             Iteration    129    Superbasics    14

 Objective               (Min)
 RHS
 Ranges
 Bounds

 Section 1 - Constraints

  Number  ...Row.. State  ...Value......  Slack Value...  ..Lower Limit.  ..Upper Limit.  .Dual Variable    ..i

      19  r      1    BS          .               .                None            None           .           1
      20  r      2    BS      -715.73293      -715.73293           None           .               .           2
      21  r      3    BS      -403.96854      -403.96854           None           .               .           3
      22  r      4    BS      -444.05039      -444.05039           None           .               .           4
      23  r      5    BS      -834.13260      -834.13260           None           .               .           5
      24  r      6    BS      -217.65323      -217.65323           None           .               .           6
      25  r      7    BS      -743.56339      -743.56339           None           .               .           7
      26  r      8    BS      -123.15915      -123.15915           None           .               .           8
      27  r      9    BS      -837.89095      -837.89095           None           .               .           9
      28  r     10    BS      -218.84684      -218.84684           None           .               .          10
      29  r     11    BS      -781.18720      -781.18720           None           .               .          11
      30  r     12    BS      -443.46576      -443.46576           None           .               .          12
      31  r     13    BS      -451.32899      -451.32899           None           .               .          13
      32  r     14    BS      -793.48431      -793.48431           None           .               .          14
      33  r     15    BS      -917.90122      -917.90122           None           .               .          15
      34  r     16    BS       -60.13203       -60.13203           None           .               .          16
      35  r     17    BS      -787.56304      -787.56304           None           .               .          17
      36  r     18    BS      -748.56713      -748.56713           None           .               .          18
      37  r     19    BS      -403.13649      -403.13649           None           .               .          19
      38  r     20    BS      -940.23610      -940.23610           None           .               .          20
      39  r     21    BS      -720.09981      -720.09981           None           .               .          21
      40  r     22    BS      -490.25540      -490.25540           None           .               .          22
      41  r     23    BS      -408.19943      -408.19943           None           .               .          23
      42  r     24    BS      -131.79719      -131.79719           None           .               .          24
      43  r     25    BS       -82.92846       -82.92846           None           .               .          25
      44  r     26    BS      -214.68431      -214.68431           None           .               .          26
      45  r     27    BS      -687.71392      -687.71392           None           .               .          27
      46  r     28    BS      -365.90201      -365.90201           None           .               .          28
      47  r     29    BS      -211.24856      -211.24856           None           .               .          29
      48  r     30    BS      -798.06408      -798.06408           None           .               .          30
      49  r     31    BS      -180.49920      -180.49920           None           .               .          31
      50  r     32    BS      -329.62374      -329.62374           None           .               .          32
      51  r     33    BS      -240.56966      -240.56966           None           .               .          33
      52  r     34    BS      -452.74448      -452.74448           None           .               .          34
      53  r     35    BS      -550.25640      -550.25640           None           .               .          35
      54  r     36    BS      -604.00207      -604.00207           None           .               .          36
      55  r     37    BS      -946.07233      -946.07233           None           .               .          37
      56  r     38    BS       -61.88504       -61.88504           None           .               .          38
      57  r     39    UL         0.00000         0.00000           None           .             -0.77291     39
      58  r     40    UL         0.00000         0.00000           None           .             -0.26032     40
      59  r     41    BS      -141.58122      -141.58122           None           .               .          41
      60  r     42    BS       -46.45650       -46.45650           None           .               .          42
      61  r     43    BS      -491.92091      -491.92091           None           .               .          43
      62  r     44    UL         0.00000         0.00000           None           .             -0.58125     44
      63  r     45    UL         0.00000         0.00000           None           .             -0.71745     45
      64  r     46    BS        -0.04884        -0.04884           None           .               .          46
1

 Section 2 - Variables

  Number  .Column. State  ...Value......  .Obj Gradient.  ..Lower Limit.  ..Upper Limit.  .Dual Variable    m+j

       1  x      1 N SBS       472.21535         0.00011      -600.00000       600.00000         0.00011     47
       2  x      2   SBS      -492.62542         0.63457      -600.00000       600.00000        -0.00002     48
       3  x      3 N SBS       -92.84501         0.03932      -600.00000       600.00000        -0.00096     49
       4  x      4   SBS       231.23569        -0.00002      -600.00000       600.00000        -0.00002     50
       5  x      5   SBS      -428.22577         0.00002      -600.00000       600.00000         0.00002     51
       6  x      6   SBS       102.82120         0.00001      -600.00000       600.00000         0.00001     52
       7  x      7 N SBS       -36.10135         0.03489      -600.00000       600.00000        -0.00008     53
       8  x      8    BS       591.88041        -0.70773      -600.00000       600.00000         0.00001     54
       9  x      9 N SBS      -598.03778        -0.00117      -600.00000       600.00000        -0.00117     55
      10  x     10   SBS      -258.03172        -0.00000      -600.00000       600.00000        -0.00000     56
      11  x     11    BS      -342.52036         0.44125      -600.00000       600.00000         0.00003     57
      12  x     12    BS      -592.77298         0.25734      -600.00000       600.00000         0.00015     58
      13  x     13 N SBS       395.82550         0.00017      -600.00000       600.00000         0.00017     59
      14  x     14 N SBS       350.76074        -0.00006      -600.00000       600.00000        -0.00006     60
      15  x     15   SBS        33.30004         0.00004      -600.00000       600.00000         0.00004     61
      16  x     16    BS       598.91293        -0.58020      -600.00000       600.00000        -0.00000     62
      17  x     17   SBS        98.37472        -0.11768      -600.00000       600.00000        -0.00005     63
      18  x     18 N SBS       -47.87703        -0.00086      -600.00000       600.00000        -0.00086     64

 Time for MPS input                             0.00 seconds
 Time for solving problem                      19.55 seconds
 Time for solution output                       0.00 seconds
 Time for constraint functions                 19.55 seconds
 Time for objective function                    0.00 seconds
