
         ==============================
         S N O P T  7.7.3    (Dec 2019)
         ==============================
      opt-files/9turb-circle-600r/snopt-wec/010dirs/052-wec1.4-print.out
 XXX  Keyword not recognized:         OPT-FILES/9TURB-
      Derivative option               1
      Verify level               3
      opt-files/9turb-circle-600r/snopt-wec/010dirs/052-wec1.4-summary.out
 XXX  Keyword not recognized:         OPT-FILES/9TURB-
      Major optimality tolerance  5.00000000E-05
      Major iteration limit         1000000
1

 SNMEMA EXIT 100 -- finished successfully
 SNMEMA INFO 104 -- memory requirements estimated
      Total character workspace             500
      Total integer   workspace           35042
      Total real      workspace           23255
1

 Parameters
 ==========

 Files
 -----
 Solution file..........         0       Old basis file ........         0       Standard input.........         5
 Insert file............         0       New basis file ........         0       (Printer)..............        18
 Punch file.............         0       Backup basis file......         0       (Specs file)...........         0
 Load file..............         0       Dump file..............         0       Standard output........         6

 Frequencies
 -----------
 Print frequency........       100       Check frequency........        60       Save new basis map.....       100
 Summary frequency......       100       Factorization frequency        50       Expand frequency.......     10000

 QP subproblems
 --------------
 QPsolver Cholesky......
 Scale tolerance........     0.900       Minor feasibility tol..  1.00E-06       Iteration limit........     10000
 Scale option...........         0       Minor optimality  tol..  1.00E-06       Minor print level......         1
 Crash tolerance........     0.100       Pivot tolerance........  3.25E-11       New superbasics........        99
 Crash option...........         3       Elastic weight.........  1.00E+05

 Partial pricing
 ---------------
 LP Partial price.......         1       Prtl price section ( A)        18       Prtl price section (-I)        46
 QP Partial price.......         1       Prtl price section ( A)        18       Prtl price section (-I)        46

 The SQP Method
 --------------
 Minimize...............                 Cold start.............                 Proximal Point method..         1
 Nonlinear objectiv vars        18       Objective Row..........         1       Function precision.....  3.00E-13
 Unbounded step size....  1.00E+20       Superbasics limit......        18       Difference interval....  5.48E-07
 Unbounded objective....  1.00E+10       Reduced Hessian dim....        18       Central difference int.  6.70E-05
 Major step limit.......  2.00E+00       Derivative linesearch..                 Derivative option......         1
 Major iterations limit.   1000000       Linesearch tolerance...   0.90000       Verify level...........         3
 Minor iterations limit.       500       Penalty parameter......  0.00E+00       Major Print Level......         1
 Time limit (secs)...... 9999999.0       Major optimality tol...  5.00E-05

 Hessian Approximation
 ---------------------
 Hessian full-memory....                 Hessian updates........  99999999       Hessian frequency......  99999999
                                                                                 Hessian flush..........  99999999

 Nonlinear constraints
 ---------------------
 Nonlinear constraints..        45       Major feasibility tol..  1.00E-06       Violation limit........  1.00E+01
 Nonlinear Jacobian vars        18

 Miscellaneous
 -------------
 LU factor tolerance....      3.99       LU singularity tol.....  3.25E-11       Timing level...........         3
 LU update tolerance....      3.99       LU swap tolerance......  1.22E-04       Debug level............         0
 LU partial  pivoting...                 eps (machine precision)  2.22E-16       System information.....        No
                                                                                 Sticky parameters......        No
1




 Matrix statistics
 -----------------
               Total      Normal        Free       Fixed     Bounded
 Rows             46          45           1           0           0
 Columns          18           0           0           0          18

 No. of matrix elements                  810     Density      97.826
 Biggest  constant element        0.0000E+00  (excluding fixed columns,
 Smallest constant element        0.0000E+00   free rows, and RHS)

 No. of objective coefficients             0

 Nonlinear constraints      45     Linear constraints       1
 Nonlinear variables        18     Linear variables         0
 Jacobian  variables        18     Objective variables     18
 Total constraints          46     Total variables         18
1



 The user has defined     828   out of     828   first  derivatives

 Verification of user-supplied problem derivatives.

 The constraint gradients seem to be OK.

 -->  The largest discrepancy was    1.33E-07  in constraint    26


 The objective  gradients seem to be OK.

 Gradient projected in one direction   4.47471033165E-02
 Difference approximation              4.47483200391E-02


 Column       x(j)        dx(j)    Element no.    Row        Derivative    Difference approxn

      1  4.39069743E+02  2.41E-04         1         2   -9.99004902E-01   -9.99004902E-01  ok
                                          2         3   -8.60570222E-01   -8.60570278E-01  ok
                                          3         4   -1.53540547E-01   -1.53540688E-01  ok
                                          4         5   -8.28804558E-01   -8.28804591E-01  ok
                                          5         6   -8.22440943E-01   -8.22441032E-01  ok
                                          6         7   -5.73920742E-01   -5.73920817E-01  ok
                                          7         8    5.45754614E-01    5.45754319E-01  ok
                                          8         9   -9.78635390E-01   -9.78635396E-01  ok
                                         37        38    8.13127069E-01    8.13127145E-01  ok
      1  4.39069743E+02  2.41E-04           Objective   -4.23329370E-02   -4.23309880E-02  ok

      2 -4.07291217E+02  2.24E-04        46         2    9.99004902E-01    9.99004901E-01  ok
                                         54        10    8.29484893E-01    8.29484814E-01  ok
                                         55        11    6.38324442E-01    6.38324383E-01  ok
                                         56        12   -1.43785005E-01   -1.43785165E-01  ok
                                         57        13    8.60567026E-01    8.60566975E-01  ok
                                         58        14    2.36998177E-01    2.36998065E-01  ok
                                         59        15    9.63700457E-01    9.63700450E-01  ok
                                         60        16   -5.87507561E-01   -5.87507794E-01  ok
                                         83        39   -7.56503836E-01   -7.56503747E-01  ok
      2 -4.07291217E+02  2.24E-04           Objective   -2.72734046E-01   -2.72733226E-01  ok

      3 -4.12330116E+01  2.31E-05        92         3    8.60570222E-01    8.60570212E-01  ok
                                         99        10   -8.29484893E-01   -8.29484901E-01  ok
                                        106        17    3.01536068E-01    3.01536059E-01  ok
                                        107        18   -4.49721501E-01   -4.49721512E-01  ok
                                        108        19    2.18380793E-01    2.18380775E-01  ok
                                        109        20   -1.19349790E-01   -1.19349799E-01  ok
                                        110        21    7.71932470E-01    7.71932470E-01  ok
                                        111        22   -7.39808911E-01   -7.39808921E-01  ok
                                        129        40   -6.87216211E-02   -6.87216066E-02  ok
      3 -4.12330116E+01  2.31E-05           Objective    2.31106855E-01    2.31107021E-01  ok

      4  3.10450970E+02  1.71E-04       138         4    1.53540547E-01    1.53540448E-01  ok
                                        145        11   -6.38324442E-01   -6.38324487E-01  ok
                                        151        17   -3.01536068E-01   -3.01536135E-01  ok
                                        157        23   -9.73910575E-01   -9.73910580E-01  ok
                                        158        24   -3.72702553E-01   -3.72702671E-01  ok
                                        159        25   -9.93058801E-01   -9.93058803E-01  ok
                                        160        26    4.36218967E-01    4.36218861E-01  ok
                                        161        27   -8.28003013E-01   -8.28003036E-01  ok
                                        175        41    5.17417965E-01    5.17418069E-01  ok
      4  3.10450970E+02  1.71E-04           Objective   -4.02013014E-01   -4.02012395E-01  ok

      5 -5.05427647E+02  2.77E-04       184         5    8.28804558E-01    8.28804520E-01  ok
                                        191        12    1.43785005E-01    1.43784806E-01  ok
                                        197        18    4.49721501E-01    4.49721393E-01  ok
                                        202        23    9.73910575E-01    9.73910567E-01  ok
                                        207        28    8.32734334E-01    8.32734273E-01  ok
                                        208        29    7.93130463E-01    7.93130336E-01  ok
                                        209        30    9.40517385E-01    9.40517372E-01  ok
                                        210        31   -2.01392858E-01   -2.01393168E-01  ok
                                        221        42   -8.42379288E-01   -8.42379220E-01  ok
      5 -5.05427647E+02  2.77E-04           Objective    2.57948171E-01    2.57949278E-01  ok

      6  7.82322350E+01  4.34E-05       230         6    8.22440943E-01    8.22440928E-01  ok
                                        237        13   -8.60567026E-01   -8.60567038E-01  ok
                                        243        19   -2.18380793E-01   -2.18380829E-01  ok
                                        248        24    3.72702553E-01    3.72702524E-01  ok
                                        252        28   -8.32734334E-01   -8.32734344E-01  ok
                                        256        32   -3.78342837E-01   -3.78342864E-01  ok
                                        257        33    9.99828436E-01    9.99828437E-01  ok
                                        258        34   -9.98793026E-01   -9.98793026E-01  ok
                                        267        43    7.70433886E-01    7.70433974E-01  ok
      6  7.82322350E+01  4.34E-05           Objective   -1.28170778E-01   -1.28170315E-01  ok

      7 -1.81918287E+02  1.00E-04       276         7    5.73920742E-01    5.73920709E-01  ok
                                        283        14   -2.36998177E-01   -2.36998228E-01  ok
                                        289        20    1.19349790E-01    1.19349749E-01  ok
                                        294        25    9.93058801E-01    9.93058799E-01  ok
                                        298        29   -7.93130463E-01   -7.93130508E-01  ok
                                        301        32    3.78342837E-01    3.78342775E-01  ok
                                        304        35    7.69035766E-01    7.69035745E-01  ok
                                        305        36   -5.22344933E-01   -5.22344978E-01  ok
                                        313        44   -3.03197126E-01   -3.03197050E-01  ok
      7 -1.81918287E+02  1.00E-04           Objective    3.37840187E-02    3.37844716E-02  ok

      8  5.95379806E+02  3.27E-04       322         8   -5.45754614E-01   -5.45755015E-01  ok
                                        329        15   -9.63700457E-01   -9.63700468E-01  ok
                                        335        21   -7.71932470E-01   -7.71932550E-01  ok
                                        340        26   -4.36218967E-01   -4.36219169E-01  ok
                                        344        30   -9.40517385E-01   -9.40517401E-01  ok
                                        347        33   -9.99828436E-01   -9.99828436E-01  ok
                                        349        35   -7.69035766E-01   -7.69035832E-01  ok
                                        351        37   -9.99806221E-01   -9.99806221E-01  ok
                                        359        45    9.92299607E-01    9.92299611E-01  ok
      8  5.95379806E+02  3.27E-04           Objective   -2.26419945E-01   -2.26417956E-01  ok

      9 -5.91992982E+02  3.25E-04       368         9    9.78635390E-01    9.78635383E-01  ok
                                        375        16    5.87507561E-01    5.87507223E-01  ok
                                        381        22    7.39808911E-01    7.39808812E-01  ok
                                        386        27    8.28003013E-01    8.28002967E-01  ok
                                        390        31    2.01392858E-01    2.01392495E-01  ok
                                        393        34    9.98793026E-01    9.98793026E-01  ok
                                        395        36    5.22344933E-01    5.22344782E-01  ok
                                        396        37    9.99806221E-01    9.99806221E-01  ok
                                        405        46   -9.86654952E-01   -9.86654944E-01  ok
      9 -5.91992982E+02  3.25E-04           Objective    5.48831674E-01    5.48832420E-01  ok

     10 -3.14313048E+02  1.73E-04       406         2   -4.46005145E-02   -4.46006164E-02  ok
                                        407         3   -5.09331810E-01   -5.09331925E-01  ok
                                        408         4    9.88142348E-01    9.88142346E-01  ok
                                        409         5    5.59538207E-01    5.59538154E-01  ok
                                        410         6    5.68850503E-01    5.68850370E-01  ok
                                        411         7    8.18910851E-01    8.18910824E-01  ok
                                        412         8    8.37945047E-01    8.37944957E-01  ok
                                        413         9    2.05603437E-01    2.05603358E-01  ok
                                        442        38   -5.82086222E-01   -5.82086116E-01  ok
     10 -3.14313048E+02  1.73E-04           Objective   -2.87832642E-01   -2.87830556E-01  ok

     11 -3.52098783E+02  1.93E-04       451         2    4.46005145E-02    4.46004012E-02  ok
                                        459        10   -5.58529151E-01   -5.58529302E-01  ok
                                        460        11    7.69767437E-01    7.69767402E-01  ok
                                        461        12    9.89608949E-01    9.89608946E-01  ok
                                        462        13    5.09337210E-01    5.09337083E-01  ok
                                        463        14    9.71510095E-01    9.71510089E-01  ok
                                        464        15    2.66985821E-01    2.66985736E-01  ok
                                        465        16    8.09218676E-01    8.09218570E-01  ok
                                        488        39   -6.53989256E-01   -6.53989153E-01  ok
     11 -3.52098783E+02  1.93E-04           Objective   -1.59222406E-01   -1.59220765E-01  ok

     12 -5.98582089E+02  3.28E-04       497         3    5.09331810E-01    5.09331592E-01  ok
                                        504        10    5.58529151E-01    5.58528895E-01  ok
                                        511        17    9.53454771E-01    9.53454757E-01  ok
                                        512        18    8.93168837E-01    8.93168805E-01  ok
                                        513        19    9.75863632E-01    9.75863618E-01  ok
                                        514        20    9.92852269E-01    9.92852267E-01  ok
                                        515        21    6.35704540E-01    6.35704421E-01  ok
                                        516        22    6.72817045E-01    6.72816924E-01  ok
                                        534        40   -9.97635875E-01   -9.97635874E-01  ok
     12 -5.98582089E+02  3.28E-04           Objective    1.23564222E+00    1.23564508E+00  ok

     13  5.13440004E+02  2.82E-04       543         4   -9.88142348E-01   -9.88142352E-01  ok
                                        550        11   -7.69767437E-01   -7.69767488E-01  ok
                                        556        17   -9.53454771E-01   -9.53454783E-01  ok
                                        562        23   -2.26932131E-01   -2.26932290E-01  ok
                                        563        24   -9.27950864E-01   -9.27950896E-01  ok
                                        564        25    1.17618955E-01    1.17618674E-01  ok
                                        565        26   -8.99840549E-01   -8.99840590E-01  ok
                                        566        27   -5.60723649E-01   -5.60723737E-01  ok
                                        580        41    8.55732814E-01    8.55732877E-01  ok
     13  5.13440004E+02  2.82E-04           Objective   -6.44578523E-01   -6.44578607E-01  ok

     14  3.23331099E+02  1.78E-04       589         5   -5.59538207E-01   -5.59538260E-01  ok
                                        596        12   -9.89608949E-01   -9.89608952E-01  ok
                                        602        18   -8.93168837E-01   -8.93168855E-01  ok
                                        607        23    2.26932131E-01    2.26932031E-01  ok
                                        612        28   -5.53672764E-01   -5.53672851E-01  ok
                                        613        29    6.09051779E-01    6.09051642E-01  ok
                                        614        30   -3.39745563E-01   -3.39745631E-01  ok
                                        615        31   -9.79510550E-01   -9.79510558E-01  ok
                                        626        42    5.38885086E-01    5.38885191E-01  ok
     14  3.23331099E+02  1.78E-04           Objective   -5.90940857E-01   -5.90939548E-01  ok

     15 -6.47357389E+01  3.60E-05       635         6   -5.68850503E-01   -5.68850531E-01  ok
                                        642        13   -5.09337210E-01   -5.09337235E-01  ok
                                        648        19   -9.75863632E-01   -9.75863637E-01  ok
                                        653        24    9.27950864E-01    9.27950859E-01  ok
                                        657        28    5.53672764E-01    5.53672745E-01  ok
                                        661        32    9.25665543E-01    9.25665540E-01  ok
                                        662        33   -1.85229197E-02   -1.85229526E-02  ok
                                        663        34   -4.91171149E-02   -4.91171408E-02  ok
                                        672        43   -6.37519903E-01   -6.37519797E-01  ok
     15 -6.47357389E+01  3.60E-05           Objective   -1.81151995E-01   -1.81151281E-01  ok

     16  5.71756750E+02  3.14E-04       681         7   -8.18910851E-01   -8.18910899E-01  ok
                                        688        14   -9.71510095E-01   -9.71510104E-01  ok
                                        694        20   -9.92852269E-01   -9.92852271E-01  ok
                                        699        25   -1.17618955E-01   -1.17619267E-01  ok
                                        703        29   -6.09051779E-01   -6.09052021E-01  ok
                                        706        32   -9.25665543E-01   -9.25665576E-01  ok
                                        709        35   -6.39205750E-01   -6.39205842E-01  ok
                                        710        36   -8.52734291E-01   -8.52734346E-01  ok
                                        718        44    9.52927858E-01    9.52927882E-01  ok
     16  5.71756750E+02  3.14E-04           Objective   -7.06742006E-02   -7.06716648E-02  ok

     17 -7.43164655E+01  4.13E-05       727         8   -8.37945047E-01   -8.37945069E-01  ok
                                        734        15   -2.66985821E-01   -2.66985835E-01  ok
                                        740        21   -6.35704540E-01   -6.35704556E-01  ok
                                        745        26    8.99840549E-01    8.99840542E-01  ok
                                        749        30    3.39745563E-01    3.39745545E-01  ok
                                        752        33    1.85229197E-02    1.85228792E-02  ok
                                        754        35    6.39205750E-01    6.39205733E-01  ok
                                        756        37   -1.96855220E-02   -1.96855390E-02  ok
                                        764        45   -1.23860767E-01   -1.23860733E-01  ok
     17 -7.43164655E+01  4.13E-05           Objective    3.58317148E-01    3.58317436E-01  ok

     18 -9.76950489E+01  5.41E-05       773         9   -2.05603437E-01   -2.05603462E-01  ok
                                        780        16   -8.09218676E-01   -8.09218706E-01  ok
                                        786        22   -6.72817045E-01   -6.72817065E-01  ok
                                        791        27    5.60723649E-01    5.60723631E-01  ok
                                        795        31    9.79510550E-01    9.79510548E-01  ok
                                        798        34    4.91171149E-02    4.91170766E-02  ok
                                        800        36    8.52734291E-01    8.52734280E-01  ok
                                        801        37    1.96855220E-02    1.96855022E-02  ok
                                        810        46   -1.62825079E-01   -1.62825036E-01  ok
     18 -9.76950489E+01  5.41E-05           Objective    3.40441256E-01    3.40441559E-01  ok

    810  Jacobian elements in cols      1  thru    18  seem to be OK.

 -->  The largest relative error was    3.02E-07   in row    31,  column     9


     18  objective gradients out of     1  thru    18  seem to be OK.

 -->  The largest relative error was    2.37E-06   in column    16

1



   Itns Major Minors    Step   nCon Feasible  Optimal  MeritFunction     L+U BSwap     nS condZHZ Penalty
     12     0     12              1 (9.5E-07) 2.3E-01 -3.8072428E+03      94           12 1.1E+01         _  r
     13     1      1 1.0E+00      2 (3.1E-08) 2.3E-01 -3.8074693E+03      94           12 1.1E+01         _  r
     15     2      2 5.4E-01      3  1.7E-06  2.6E-01 -3.8091142E+03     102           11 1.2E+01         _s  l
     17     3      2 1.0E+00      4  1.8E-03  3.3E-01 -3.8188442E+03     102           12 1.8E+01         _
     18     4      1 1.0E+00      5  2.2E-04  4.3E-01 -3.8235002E+03     102           12 1.9E+01         _
     31     5     13 1.0E+00      7  6.7E-05  1.1E+00 -3.8306699E+03     130            9 2.4E+03         _ m
     66     6     35 1.5E-03     11  4.5E-05  1.0E+00 -3.8311244E+03     138     6     12 1.7E+04         _
     67     7      1 1.0E+00     12  5.6E-05  1.2E-01 -3.8321999E+03      94    10     12 2.9E+03         _
     68     8      1 1.0E+00     13  1.7E-05  1.2E-01 -3.8326402E+03      94           12 3.0E+03         _
     69     9      1 1.0E+00     14  2.4E-06  1.1E-01 -3.8327952E+03      94           12 3.2E+03         _
     70    10      1 1.0E+00     15  3.5E-06  1.2E-01 -3.8328742E+03      94           12 4.1E+03         _
     71    11      1 5.8E-02     25  3.3E-06  1.2E-01 -3.8328805E+03      94           12 4.0E+03         _
     72    12      1 2.5E-05     35  3.3E-06  1.2E-01 -3.8328805E+03      94           12 3.7E+03         _
     74    13      2 4.9E-07     45  3.3E-06  9.6E-01 -3.8328805E+03      94           12 1.9E+09         _
     76    14      2 1.0E+00     46  2.0E-06  1.1E-01 -3.8329159E+03      94           12 2.0E+09         _
     78    15      2 1.0E+00     47 (8.9E-08) 1.2E-01 -3.8329248E+03      94           12 2.4E+09         _
     80    16      2 1.0E+00     48  1.8E-06  1.2E-01 -3.8329569E+03      94           12 2.2E+09         _
     82    17      2 1.0E+00     49 (1.4E-07) 1.2E-01 -3.8329738E+03      94           12 2.2E+09         _
     84    18      2 1.0E+00     50 (7.4E-07) 1.2E-01 -3.8329966E+03      94           12 1.7E+09         _
     86    19      2 1.0E+00     51  1.7E-06  1.1E-01 -3.8330085E+03      94           12 1.7E+09         _

   Itns Major Minors    Step   nCon Feasible  Optimal  MeritFunction     L+U BSwap     nS condZHZ Penalty
     88    20      2 1.0E+00     52 (2.4E-07) 1.1E-01 -3.8330123E+03      94           12 2.2E+09         _
     90    21      2 1.0E+00     53 (1.0E-07) 1.1E-01 -3.8330130E+03      94           12 2.3E+09         _
     92    22      2 1.0E+00     54 (2.4E-09) 1.1E-01 -3.8330131E+03      94           12 2.1E+09         _
     94    23      2 1.0E+00     55 (6.5E-09) 1.1E-01 -3.8330132E+03      94           12 2.4E+09         _
     96    24      2 1.0E+00     56 (9.1E-10) 1.1E-01 -3.8330132E+03      94           12 2.4E+09         _
     98    25      2 1.0E+00     57 (6.3E-11) 1.1E-01 -3.8330132E+03      94           12 2.3E+09         _
    100    26      2 1.0E+00     58 (5.5E-13) 1.1E-01 -3.8330132E+03      94           12 2.6E+09         _
    102    27      2 1.0E+00     59 (1.3E-13) 1.1E-01 -3.8330132E+03      94           12 2.7E+09         _
    104    28      2 1.0E+00     60 (2.2E-13) 1.1E-01 -3.8330132E+03      94           12 2.0E+09         _
    105    29      1 1.0E+00     61 (1.1E-13) 1.1E-01 -3.8330132E+03      94           12 9.2E+08         _
    106    30      1 1.0E+00     62 (1.4E-13) 1.1E-01 -3.8330132E+03      94           12 3.9E+08         _
    107    31      1 1.0E+00     63 (2.0E-13) 1.1E-01 -3.8330132E+03      94           12 1.5E+08         _
    108    32      1 1.0E+00     64 (4.3E-13) 1.1E-01 -3.8330132E+03      94           12 5.6E+07         _
    109    33      1 1.0E+00     65 (9.7E-13) 1.1E-01 -3.8330132E+03      94           12 2.1E+07         _
    110    34      1 1.0E+00     66 (2.4E-12) 1.1E-01 -3.8330132E+03      94           12 8.1E+06         _
    111    35      1 2.7E-01     70 (2.2E-12) 1.1E-01 -3.8330132E+03      94           12 3.1E+06         _
    112    36      1 9.1E-02     80 (2.3E-12) 1.1E-01 -3.8330132E+03      94           12 1.7E+06         _
    113    37      1 1.8E-04     90 (2.3E-12) 1.1E-01 -3.8330132E+03      94           12 1.2E+06         _
    114    38      1 3.9E-06    100 (2.3E-12) 1.1E-01 -3.8330132E+03      94           12 8.8E+05         _
    115    39      1 2.1E-08    110 (2.3E-12) 1.1E-01 -3.8330132E+03      94           12 7.1E+05         _

   Itns Major Minors    Step   nCon Feasible  Optimal  MeritFunction     L+U BSwap     nS condZHZ Penalty
    116    40      1 4.2E-09    120 (2.3E-12) 1.1E-01 -3.8330132E+03      94           12 5.9E+05         _
    117    41      1 4.5E-10    128 (2.3E-12) 1.1E-01 -3.8330132E+03      94           12 5.1E+05         _
    118    42      1 1.8E-10    135 (2.3E-12) 1.1E-01 -3.8330132E+03      94           12 4.5E+05         _
    119    42      1            140 (2.3E-12) 1.1E-01 -3.8330132E+03      94           12 1.9E+05         _  R
    120    43      1 8.5E-10    149 (2.3E-12) 1.1E-01 -3.8330132E+03      94           12 9.7E+04         _s
    121    43      1            155 (2.3E-12) 1.1E-01 -3.8330132E+03      94           12 7.7E+04         _s R
    122    43      1            160 (2.3E-12) 1.1E-01 -3.8330132E+03      94     1     12 2.7E+00         _s r
1

 SNOPTA EXIT  40 -- terminated after numerical difficulties
 SNOPTA INFO  41 -- current point cannot be improved

 Problem name                 opt prob
 No. of iterations                 122   Objective           -3.8330131990E+03
 No. of major iterations            43   Linear    obj. term  0.0000000000E+00
 Penalty parameter           0.000E+00   Nonlinear obj. term -3.8330131990E+03
 User function calls (total)       185
 No. of superbasics                 12   No. of basic nonlinears             6
 No. of degenerate steps             0   Percentage                       0.00
 Max x                      12 6.0E+02   Max pi                     39 1.0E+00
 Max Primal infeas          62 1.4E-09   Max Dual infeas             2 1.2E-01
 Nonlinear constraint violn    1.4E-09
1

 Name           opt prob                 Objective Value     -3.8330131990E+03

 Status         Optimal Soln             Iteration    122    Superbasics    12

 Objective               (Min)
 RHS
 Ranges
 Bounds

 Section 1 - Constraints

  Number  ...Row.. State  ...Value......  Slack Value...  ..Lower Limit.  ..Upper Limit.  .Dual Variable    ..i

      19  r      1    BS          .               .                None            None           .           1
      20  r      2    BS      -578.18359      -578.18359           None           .               .           2
      21  r      3    BS      -315.14755      -315.14755           None           .               .           3
      22  r      4    BS      -562.59278      -562.59278           None           .               .           4
      23  r      5    BS      -891.47176      -891.47176           None           .               .           5
      24  r      6    BS      -171.84709      -171.84709           None           .               .           6
      25  r      7    BS      -823.13212      -823.13212           None           .               .           7
      26  r      8    BS        -5.36981        -5.36981           None           .               .           8
      27  r      9    BS      -809.15529      -809.15529           None           .               .           9
      28  r     10    BS      -171.23052      -171.23052           None           .               .          10
      29  r     11    BS      -855.06547      -855.06547           None           .               .          11
      30  r     12    BS      -469.71485      -469.71485           None           .               .          12
      31  r     13    BS      -309.63842      -309.63842           None           .               .          13
      32  r     14    BS      -699.08130      -699.08130           None           .               .          14
      33  r     15    BS      -753.39632      -753.39632           None           .               .          15
      34  r     16    BS       -73.98197       -73.98197           None           .               .          16
      35  r     17    BS      -906.20444      -906.20444           None           .               .          17
      36  r     18    BS      -807.61062      -807.61062           None           .               .          18
      37  r     19    BS      -302.59301      -302.59301           None           .               .          19
      38  r     20    BS      -930.29166      -930.29166           None           .               .          20
      39  r     21    BS      -555.87053      -555.87053           None           .               .          21
      40  r     22    BS      -492.86714      -492.86714           None           .               .          22
      41  r     23    BS      -564.53557      -564.53557           None           .               .          23
      42  r     24    BS      -353.27447      -353.27447           None           .               .          24
      43  r     25    BS      -247.67475      -247.67475           None           .               .          25
      44  r     26    BS      -393.93986      -393.93986           None           .               .          26
      45  r     27    BS      -848.52207      -848.52207           None           .               .          27
      46  r     28    BS      -466.88895      -466.88895           None           .               .          28
      47  r     29    BS      -123.62147      -123.62147           None           .               .          29
      48  r     30    BS      -909.20159      -909.20159           None           .               .          30
      49  r     31    BS      -228.98705      -228.98705           None           .               .          31
      50  r     32    BS      -439.48014      -439.48014           None           .               .          32
      51  r     33    BS      -237.54663      -237.54663           None           .               .          33
      52  r     34    BS      -443.35556      -443.35556           None           .               .          34
      53  r     35    BS      -756.57638      -756.57638           None           .               .          35
      54  r     36    BS      -549.42072      -549.42072           None           .               .          36
      55  r     37    BS      -931.71604      -931.71604           None           .               .          37
      56  r     38    BS       -55.21639       -55.21639           None           .               .          38
      57  r     39    BS       -84.07066       -84.07066           None           .               .          39
      58  r     40    UL         0.00000         0.00000           None           .             -1.03647     40
      59  r     41    UL         0.00000         0.00000           None           .             -0.62908     41
      60  r     42    UL         0.00000         0.00000           None           .             -0.21386     42
      61  r     43    BS      -479.56611      -479.56611           None           .               .          43
      62  r     44    UL         0.00000         0.00000           None           .             -0.52585     44
      63  r     45    UL         0.00000         0.00000           None           .             -0.40975     45
      64  r     46    UL         0.00000         0.00000           None           .             -0.51134     46
1

 Section 2 - Variables

  Number  .Column. State  ...Value......  .Obj Gradient.  ..Lower Limit.  ..Upper Limit.  .Dual Variable    m+j

       1  x      1   SBS       452.95158         0.00000      -600.00000       600.00000         0.00000     47
       2  x      2 N SBS      -376.52481        -0.11568      -600.00000       600.00000        -0.11568     48
       3  x      3   SBS       -31.47007         0.05438      -600.00000       600.00000         0.00001     49
       4  x      4   SBS       327.18589        -0.34303      -600.00000       600.00000         0.00001     50
       5  x      5 N SBS      -478.01616         0.17032      -600.00000       600.00000        -0.00006     51
       6  x      6   SBS       104.08914         0.00002      -600.00000       600.00000         0.00002     52
       7  x      7   SBS      -167.92429         0.14714      -600.00000       600.00000        -0.00003     53
       8  x      8    BS       593.76044        -0.40549      -600.00000       600.00000        -0.00000     54
       9  x      9    BS      -590.59485         0.49233      -600.00000       600.00000        -0.01099     55
      10  x     10   SBS      -302.69464         0.00001      -600.00000       600.00000         0.00001     56
      11  x     11 N SBS      -352.72107        -0.08403      -600.00000       600.00000        -0.08403     57
      12  x     12    BS      -599.17413         1.03505      -600.00000       600.00000        -0.00000     58
      13  x     13    BS       502.94075        -0.52733      -600.00000       600.00000        -0.00001     59
      14  x     14    BS       362.63005        -0.12933      -600.00000       600.00000        -0.00008     60
      15  x     15   SBS       -60.57865         0.00002      -600.00000       600.00000         0.00002     61
      16  x     16    BS       576.02208        -0.50485      -600.00000       600.00000        -0.00001     62
      17  x     17   SBS       -86.30492         0.05893      -600.00000       600.00000        -0.00001     63
      18  x     18 N SBS      -105.81932         0.15154      -600.00000       600.00000         0.06136     64

 Time for MPS input                             0.00 seconds
 Time for solving problem                      21.03 seconds
 Time for solution output                       0.02 seconds
 Time for constraint functions                 21.03 seconds
 Time for objective function                    0.00 seconds
