
 ==============================
 S N O P T  7.7.3    (Dec 2019)
 ==============================
 opt-files/9turb-circle-600r/snopt-wec/010dirs/052-wec3.0-print.out
 XXX  Keyword not recognized:         OPT-FILES/9TURB-
 opt-files/9turb-circle-600r/snopt-wec/010dirs/052-wec3.0-summary.out
 XXX  Keyword not recognized:         OPT-FILES/9TURB-

 SNMEMA EXIT 100 -- finished successfully
 SNMEMA INFO 104 -- memory requirements estimated



 Nonlinear constraints      45     Linear constraints       1
 Nonlinear variables        18     Linear variables         0
 Jacobian  variables        18     Objective variables     18
 Total constraints          46     Total variables         18



 The user has defined     828   out of     828   first  derivatives


 Major Minors     Step   nCon Feasible  Optimal  MeritFunction     nS Penalty
     0     13               1  4.0E-02  1.6E+00 -1.8058496E+03     13           r
     1      1  7.1E-02      2  3.7E-02  1.7E+00 -9.8497056E+02     13 4.5E+00   rl
     2      6  7.5E-02      3  3.4E-02  6.2E-01 -1.0766625E+03     16 4.5E+00 s  l
     3      2  1.0E+00      4 (0.0E+00) 6.2E-01 -1.8645152E+03     17 4.5E+00
     4      2  2.5E-02     14 (0.0E+00) 6.3E-01 -1.8704920E+03     18 4.5E+00
     5      2  1.1E-03     24 (0.0E+00) 6.3E-01 -1.8709964E+03     17 4.5E+00
     6      5  2.6E-05     35 (0.0E+00) 6.3E-01 -1.8710005E+03     17 4.5E+00  M
     7      1  3.3E-06     46 (0.0E+00) 6.3E-01 -1.8710009E+03     17 4.5E+00  M
     8      1  4.4E-07     57 (0.0E+00) 6.3E-01 -1.8710009E+03     17 4.5E+00
     8      3              63 (0.0E+00) 6.3E-01 -1.8711083E+03     18           R
     8      4              67 (0.0E+00) 4.7E-01 -1.8711083E+03     15           r
     9     12  1.0E+00     68 (0.0E+00) 5.8E-01 -1.8934062E+03      6         s

 Major Minors     Step   nCon Feasible  Optimal  MeritFunction     nS Penalty
    10     24  1.0E+00     69  8.3E-02  4.6E-01 -2.4818744E+03     10
    11      8  1.0E+00     70  4.7E-02  5.0E-01 -2.3766577E+03      9 1.6E-03
    12      6  1.0E+00     71  1.8E-02  4.2E-01 -2.3912707E+03      8 1.6E-03
    13      5  1.0E+00     72  8.6E-03  4.1E-01 -2.4552581E+03      6 1.6E-03
    14     11  3.8E-01     74  9.1E-03  3.4E-01 -2.4748882E+03      8 1.6E-03
    15      3  6.8E-01     76  3.6E-03  3.7E-01 -2.5044812E+03      8 1.6E-03
    16      4  2.1E-01     78  2.6E-03  5.8E-01 -2.5070189E+03      9 1.6E-03
    17      5  2.9E-01     80  2.0E-03  4.9E-01 -2.5077609E+03      9 1.6E-03
    18      4  6.4E-03     84  2.0E-03  4.3E-01 -2.5080232E+03      8 1.6E-03
    19      2  1.0E+00     85  3.9E-03  1.6E-01 -2.5190473E+03      9 1.6E-03

 Major Minors     Step   nCon Feasible  Optimal  MeritFunction     nS Penalty
    20      1  5.6E-02     87  3.8E-03  2.7E-01 -2.5199856E+03      9 1.6E-03
    21      4  1.4E-01     89  3.3E-03  2.9E-01 -2.5210479E+03      8 1.6E-03
    22      2  1.2E-01     97  2.9E-03  1.3E-01 -2.5224600E+03      7 1.6E-03
    23      1  7.3E-02    107  2.7E-03  2.8E-01 -2.5232294E+03      7 1.6E-03
    24      1  2.1E-04    117  2.7E-03  1.5E-01 -2.5232318E+03      7 1.6E-03
    25      1  7.7E-05    127  2.7E-03  1.5E-01 -2.5232326E+03      7 1.6E-03
    26      1  6.8E-06    137  2.7E-03  1.9E-01 -2.5232327E+03      7 1.6E-03
    27      1  3.2E-06    147  2.7E-03  2.5E-01 -2.5232328E+03      7 1.6E-03
    28      1  1.7E-07    157  2.7E-03  3.1E-01 -2.5232328E+03      7 1.6E-03
    29      1  2.3E-08    167  2.7E-03  3.7E-01 -2.5232328E+03      7 1.6E-03

 Major Minors     Step   nCon Feasible  Optimal  MeritFunction     nS Penalty
    30      2  3.3E-09    177  2.7E-03  4.3E-01 -2.5232328E+03      8 1.6E-03
    31      1  4.2E-10    187  2.7E-03  4.3E-01 -2.5232328E+03      8 1.6E-03
    32      1  4.9E-12    196  2.7E-03  4.3E-01 -2.5232328E+03      8 1.6E-03
    33      1  1.2E-12    206  2.7E-03  4.3E-01 -2.5232328E+03      8 1.6E-03
    34      1  1.5E-13    213  2.7E-03  4.3E-01 -2.5232328E+03      8 1.6E-03
    34      6             219  2.7E-03  1.8E-01 -2.5232328E+03      9           R
    35      1  1.0E+00    220  5.5E-05  1.2E-01 -2.5244944E+03      9         s
    36      1  2.6E-02    230  5.4E-05  2.4E-01 -2.5245978E+03      9
    37      2  1.3E-03    240  5.4E-05  1.2E-01 -2.5246032E+03      8
    38      1  6.8E-06    250  5.4E-05  1.2E-01 -2.5246033E+03      8
    39      1  3.0E-08    260  5.4E-05  1.2E-01 -2.5246033E+03      8

 Major Minors     Step   nCon Feasible  Optimal  MeritFunction     nS Penalty
    40      3  2.2E-08    270  5.4E-05  1.9E-01 -2.5246033E+03      8
    41      1  8.3E-09    280  5.4E-05  1.9E-01 -2.5246033E+03      8
    42      3  3.5E-10    290  5.4E-05  1.9E-01 -2.5246033E+03      8
    43      1  2.4E-10    300  5.4E-05  1.9E-01 -2.5246033E+03      8
    44      1  9.3E-11    310  5.4E-05  1.9E-01 -2.5246033E+03      8
    45      1  3.1E-12    318  5.4E-05  3.0E-01 -2.5246033E+03      8
    46      1  2.2E-12    328  5.4E-05  4.2E-01 -2.5246033E+03      8
    46      4             335  5.4E-05  1.1E-01 -2.5246033E+03      9           R
    46      4             340  5.4E-05  4.3E-01 -2.5246033E+03      8           r

 SNOPTA EXIT  40 -- terminated after numerical difficulties
 SNOPTA INFO  41 -- current point cannot be improved

 Problem name                 opt prob
 No. of iterations                 175   Objective           -2.5246195467E+03
 No. of major iterations            46   Linear    obj. term  0.0000000000E+00
 No. of infeasibilities              8   Sum of infeas        6.0079865129E-02
 Penalty parameter           0.000E+00   Nonlinear obj. term -2.5246195467E+03
 User function calls (total)       365
 No. of superbasics                  8   No. of basic nonlinears            10
 No. of degenerate steps             0   Percentage                       0.00
 Max x                      16 6.0E+02   Max pi                     46 1.0E+00
 Max Primal infeas          63 3.2E-02   Max Dual infeas            64 1.0E+00
 Nonlinear constraint violn    3.2E-02



 Solution printed on file  18

 Time for MPS input                             0.00 seconds
 Time for solving problem                      39.19 seconds
 Time for solution output                       0.00 seconds
 Time for constraint functions                 39.17 seconds
 Time for objective function                    0.00 seconds
