
         ==============================
         S N O P T  7.7.3    (Dec 2019)
         ==============================
      opt-files/9turb-circle-600r/snopt-wec/010dirs/052-wec1.0-TI-print.out
 XXX  Keyword not recognized:         OPT-FILES/9TURB-
      Derivative option               1
      Verify level               3
      opt-files/9turb-circle-600r/snopt-wec/010dirs/052-wec1.0-TI-summary.out
 XXX  Keyword not recognized:         OPT-FILES/9TURB-
      Major optimality tolerance  5.00000000E-05
      Major iteration limit         1000000
1

 SNMEMA EXIT 100 -- finished successfully
 SNMEMA INFO 104 -- memory requirements estimated
      Total character workspace             500
      Total integer   workspace           35042
      Total real      workspace           23255
1

 Parameters
 ==========

 Files
 -----
 Solution file..........         0       Old basis file ........         0       Standard input.........         5
 Insert file............         0       New basis file ........         0       (Printer)..............        18
 Punch file.............         0       Backup basis file......         0       (Specs file)...........         0
 Load file..............         0       Dump file..............         0       Standard output........         6

 Frequencies
 -----------
 Print frequency........       100       Check frequency........        60       Save new basis map.....       100
 Summary frequency......       100       Factorization frequency        50       Expand frequency.......     10000

 QP subproblems
 --------------
 QPsolver Cholesky......
 Scale tolerance........     0.900       Minor feasibility tol..  1.00E-06       Iteration limit........     10000
 Scale option...........         0       Minor optimality  tol..  1.00E-06       Minor print level......         1
 Crash tolerance........     0.100       Pivot tolerance........  3.25E-11       New superbasics........        99
 Crash option...........         3       Elastic weight.........  1.00E+05

 Partial pricing
 ---------------
 LP Partial price.......         1       Prtl price section ( A)        18       Prtl price section (-I)        46
 QP Partial price.......         1       Prtl price section ( A)        18       Prtl price section (-I)        46

 The SQP Method
 --------------
 Minimize...............                 Cold start.............                 Proximal Point method..         1
 Nonlinear objectiv vars        18       Objective Row..........         1       Function precision.....  3.00E-13
 Unbounded step size....  1.00E+20       Superbasics limit......        18       Difference interval....  5.48E-07
 Unbounded objective....  1.00E+10       Reduced Hessian dim....        18       Central difference int.  6.70E-05
 Major step limit.......  2.00E+00       Derivative linesearch..                 Derivative option......         1
 Major iterations limit.   1000000       Linesearch tolerance...   0.90000       Verify level...........         3
 Minor iterations limit.       500       Penalty parameter......  0.00E+00       Major Print Level......         1
 Time limit (secs)...... 9999999.0       Major optimality tol...  5.00E-05

 Hessian Approximation
 ---------------------
 Hessian full-memory....                 Hessian updates........  99999999       Hessian frequency......  99999999
                                                                                 Hessian flush..........  99999999

 Nonlinear constraints
 ---------------------
 Nonlinear constraints..        45       Major feasibility tol..  1.00E-06       Violation limit........  1.00E+01
 Nonlinear Jacobian vars        18

 Miscellaneous
 -------------
 LU factor tolerance....      3.99       LU singularity tol.....  3.25E-11       Timing level...........         3
 LU update tolerance....      3.99       LU swap tolerance......  1.22E-04       Debug level............         0
 LU partial  pivoting...                 eps (machine precision)  2.22E-16       System information.....        No
                                                                                 Sticky parameters......        No
1




 Matrix statistics
 -----------------
               Total      Normal        Free       Fixed     Bounded
 Rows             46          45           1           0           0
 Columns          18           0           0           0          18

 No. of matrix elements                  810     Density      97.826
 Biggest  constant element        0.0000E+00  (excluding fixed columns,
 Smallest constant element        0.0000E+00   free rows, and RHS)

 No. of objective coefficients             0

 Nonlinear constraints      45     Linear constraints       1
 Nonlinear variables        18     Linear variables         0
 Jacobian  variables        18     Objective variables     18
 Total constraints          46     Total variables         18
1



 The user has defined     828   out of     828   first  derivatives

 Verification of user-supplied problem derivatives.

 The constraint gradients seem to be OK.

 -->  The largest discrepancy was    1.56E-07  in constraint    26


 The objective  gradients seem to be OK.

 Gradient projected in one direction  -6.44934816027E-04
 Difference approximation              1.01395498833E-04


 Column       x(j)        dx(j)    Element no.    Row        Derivative    Difference approxn

      1  4.38238175E+02  2.41E-04         1         2   -9.96677637E-01   -9.96677638E-01  ok
                                          2         3   -8.46736257E-01   -8.46736325E-01  ok
                                          3         4   -1.67970055E-01   -1.67970190E-01  ok
                                          4         5   -7.78341450E-01   -7.78341492E-01  ok
                                          5         6   -8.11243480E-01   -8.11243589E-01  ok
                                          6         7   -5.52894908E-01   -5.52894985E-01  ok
                                          7         8    5.84999534E-01    5.84999221E-01  ok
                                          8         9   -9.87847453E-01   -9.87847456E-01  ok
                                         37        38    7.95943239E-01    7.95943318E-01  ok
      1  4.38238175E+02  2.41E-04           Objective   -1.86039982E-02   -1.35445327E-02  bad?

      2 -2.76906062E+02  1.52E-04        46         2    9.96677637E-01    9.96677636E-01  ok
                                         54        10    8.13388442E-01    8.13388370E-01  ok
                                         55        11    5.27773151E-01    5.27773100E-01  ok
                                         56        12   -2.17681819E-01   -2.17681911E-01  ok
                                         57        13    8.26056689E-01    8.26056640E-01  ok
                                         58        14    1.14191961E-01    1.14191883E-01  ok
                                         59        15    9.56424048E-01    9.56424040E-01  ok
                                         60        16   -8.06774828E-01   -8.06774900E-01  ok
                                         83        39   -5.77205091E-01   -5.77204985E-01  ok
      2 -2.76906062E+02  1.52E-04           Objective   -2.34956260E-05   -2.08940051E-05  ok

      3  1.40457185E+01  8.24E-06        92         3    8.46736257E-01    8.46736253E-01  ok
                                         99        10   -8.13388442E-01   -8.13388441E-01  ok
                                        106        17    2.40198671E-01    2.40198682E-01  ok
                                        107        18   -4.26741401E-01   -4.26741393E-01  ok
                                        108        19    2.35575038E-01    2.35575025E-01  ok
                                        109        20   -1.50932022E-01   -1.50932038E-01  ok
                                        110        21    7.71646404E-01    7.71646409E-01  ok
                                        111        22   -8.10045302E-01   -8.10045296E-01  ok
                                        129        40    2.34095308E-02    2.34095341E-02  ok
      3  1.40457185E+01  8.24E-06           Objective   -1.64854987E-02   -1.64854459E-02  ok

      4  2.92148161E+02  1.61E-04       138         4    1.67970055E-01    1.67969966E-01  ok
                                        145        11   -5.27773151E-01   -5.27773204E-01  ok
                                        151        17   -2.40198671E-01   -2.40198736E-01  ok
                                        157        23   -9.82375239E-01   -9.82375243E-01  ok
                                        158        24   -2.43725039E-01   -2.43725154E-01  ok
                                        159        25   -9.93455329E-01   -9.93455332E-01  ok
                                        160        26    4.10852173E-01    4.10852079E-01  ok
                                        161        27   -7.78673677E-01   -7.78673707E-01  ok
                                        175        41    4.86913601E-01    4.86913703E-01  ok
      4  2.92148161E+02  1.61E-04           Objective   -2.44432888E-01   -2.44431760E-01  ok

      5 -4.49681263E+02  2.47E-04       184         5    7.78341450E-01    7.78341407E-01  ok
                                        191        12    2.17681819E-01    2.17681672E-01  ok
                                        197        18    4.26741401E-01    4.26741308E-01  ok
                                        202        23    9.82375239E-01    9.82375234E-01  ok
                                        207        28    7.61252993E-01    7.61252925E-01  ok
                                        208        29    8.26121251E-01    8.26121137E-01  ok
                                        209        30    8.96735937E-01    8.96735915E-01  ok
                                        210        31   -2.18211884E-01   -2.18212089E-01  ok
                                        221        42   -7.61361762E-01   -7.61361674E-01  ok
      5 -4.49681263E+02  2.47E-04           Objective   -1.22903666E-05   -8.36703748E-06  ok

      6  1.32130262E+02  7.29E-05       230         6    8.11243480E-01    8.11243447E-01  ok
                                        237        13   -8.26056689E-01   -8.26056712E-01  ok
                                        243        19   -2.35575038E-01   -2.35575107E-01  ok
                                        248        24    2.43725039E-01    2.43724989E-01  ok
                                        252        28   -7.61252993E-01   -7.61253013E-01  ok
                                        256        32   -3.96472132E-01   -3.96472175E-01  ok
                                        257        33    9.99410182E-01    9.99410182E-01  ok
                                        258        34   -9.96251469E-01   -9.96251471E-01  ok
                                        267        43    7.60882889E-01    7.60882977E-01  ok
      6  1.32130262E+02  7.29E-05           Objective    1.67942729E-03    1.68072015E-03  ok

      7 -1.65588713E+02  9.12E-05       276         7    5.52894908E-01    5.52894878E-01  ok
                                        283        14   -1.14191961E-01   -1.14192009E-01  ok
                                        289        20    1.50932022E-01    1.50931983E-01  ok
                                        294        25    9.93455329E-01    9.93455328E-01  ok
                                        298        29   -8.26121251E-01   -8.26121293E-01  ok
                                        301        32    3.96472132E-01    3.96472082E-01  ok
                                        304        35    7.29417545E-01    7.29417523E-01  ok
                                        305        36   -4.78080167E-01   -4.78080210E-01  ok
                                        313        44   -2.75981188E-01   -2.75981117E-01  ok
      7 -1.65588713E+02  9.12E-05           Objective    1.12109178E-01    1.12110400E-01  ok

      8  5.86126057E+02  3.22E-04       322         8   -5.84999534E-01   -5.84999952E-01  ok
                                        329        15   -9.56424048E-01   -9.56424063E-01  ok
                                        335        21   -7.71646404E-01   -7.71646492E-01  ok
                                        340        26   -4.10852173E-01   -4.10852359E-01  ok
                                        344        30   -8.96735937E-01   -8.96735965E-01  ok
                                        347        33   -9.99410182E-01   -9.99410182E-01  ok
                                        349        35   -7.29417545E-01   -7.29417619E-01  ok
                                        351        37   -9.99224231E-01   -9.99224231E-01  ok
                                        359        45    9.76876761E-01    9.76876774E-01  ok
      8  5.86126057E+02  3.22E-04           Objective   -1.33920791E-01   -1.33918910E-01  ok

      9 -5.74211827E+02  3.15E-04       368         9    9.87847453E-01    9.87847448E-01  ok
                                        375        16    8.06774828E-01    8.06774679E-01  ok
                                        381        22    8.10045302E-01    8.10045228E-01  ok
                                        386        27    7.78673677E-01    7.78673621E-01  ok
                                        390        31    2.18211884E-01    2.18211621E-01  ok
                                        393        34    9.96251469E-01    9.96251467E-01  ok
                                        395        36    4.78080167E-01    4.78080025E-01  ok
                                        396        37    9.99224231E-01    9.99224230E-01  ok
                                        405        46   -9.57019712E-01   -9.57019690E-01  ok
      9 -5.74211827E+02  3.15E-04           Objective    2.99690357E-01    2.99694549E-01  ok

     10 -3.33311199E+02  1.83E-04       406         2   -8.14474601E-02   -8.14475869E-02  ok
                                        407         3   -5.32012886E-01   -5.32013017E-01  ok
                                        408         4    9.85792098E-01    9.85792095E-01  ok
                                        409         5    6.27841212E-01    6.27841163E-01  ok
                                        410         6    5.84708489E-01    5.84708329E-01  ok
                                        411         7    8.33250995E-01    8.33250969E-01  ok
                                        412         8    8.11033628E-01    8.11033504E-01  ok
                                        413         9    1.55426541E-01    1.55426454E-01  ok
                                        442        38   -6.05371259E-01   -6.05371154E-01  ok
     10 -3.33311199E+02  1.83E-04           Objective   -2.29072403E-02   -2.29030109E-02  ok

     11 -3.91752043E+02  2.15E-04       451         2    8.14474601E-02    8.14473112E-02  ok
                                        459        10   -5.81720932E-01   -5.81721130E-01  ok
                                        460        11    8.49385367E-01    8.49385339E-01  ok
                                        461        12    9.76019787E-01    9.76019781E-01  ok
                                        462        13    5.63587035E-01    5.63586887E-01  ok
                                        463        14    9.93458704E-01    9.93458702E-01  ok
                                        464        15    2.91981233E-01    2.91981124E-01  ok
                                        465        16    5.90859016E-01    5.90858826E-01  ok
                                        488        39   -8.16599218E-01   -8.16599143E-01  ok
     11 -3.91752043E+02  2.15E-04           Objective   -3.34997193E-06    2.12231258E-06  ok

     12 -5.99835576E+02  3.29E-04       497         3    5.32012886E-01    5.32012650E-01  ok
                                        504        10    5.81720932E-01    5.81720627E-01  ok
                                        511        17    9.70723750E-01    9.70723742E-01  ok
                                        512        18    9.04373693E-01    9.04373665E-01  ok
                                        513        19    9.71856163E-01    9.71856145E-01  ok
                                        514        20    9.88544144E-01    9.88544141E-01  ok
                                        515        21    6.36051749E-01    6.36051616E-01  ok
                                        516        22    5.86367298E-01    5.86367150E-01  ok
                                        534        40   -9.99725959E-01   -9.99725959E-01  ok
     12 -5.99835576E+02  3.29E-04           Objective    7.05062060E-01    7.05068655E-01  ok

     13  5.24070083E+02  2.88E-04       543         4   -9.85792098E-01   -9.85792102E-01  ok
                                        550        11   -8.49385367E-01   -8.49385404E-01  ok
                                        556        17   -9.70723750E-01   -9.70723757E-01  ok
                                        562        23   -1.86919472E-01   -1.86919656E-01  ok
                                        563        24   -9.69844372E-01   -9.69844385E-01  ok
                                        564        25    1.14221315E-01    1.14221007E-01  ok
                                        565        26   -9.11701976E-01   -9.11702009E-01  ok
                                        566        27   -6.27429123E-01   -6.27429202E-01  ok
                                        580        41    8.73450139E-01    8.73450196E-01  ok
     13  5.24070083E+02  2.88E-04           Objective   -4.38467636E-01   -4.38465150E-01  ok

     14  3.82919982E+02  2.10E-04       589         5   -6.27841212E-01   -6.27841268E-01  ok
                                        596        12   -9.76019787E-01   -9.76019794E-01  ok
                                        602        18   -9.04373693E-01   -9.04373711E-01  ok
                                        607        23    1.86919472E-01    1.86919339E-01  ok
                                        612        28   -6.48454995E-01   -6.48455075E-01  ok
                                        613        29    5.63492395E-01    5.63492186E-01  ok
                                        614        30   -4.42565995E-01   -4.42566068E-01  ok
                                        615        31   -9.75901416E-01   -9.75901424E-01  ok
                                        626        42    6.48327284E-01    6.48327387E-01  ok
     14  3.82919982E+02  2.10E-04           Objective    6.42162764E-06    1.07172823E-05  ok

     15 -1.12682129E+02  6.23E-05       635         6   -5.84708489E-01   -5.84708543E-01  ok
                                        642        13   -5.63587035E-01   -5.63587079E-01  ok
                                        648        19   -9.71856163E-01   -9.71856167E-01  ok
                                        653        24    9.69844372E-01    9.69844369E-01  ok
                                        657        28    6.48454995E-01    6.48454973E-01  ok
                                        661        32    9.18046757E-01    9.18046751E-01  ok
                                        662        33   -3.43407770E-02   -3.43408458E-02  ok
                                        663        34   -8.65043947E-02   -8.65044390E-02  ok
                                        672        43   -6.48889227E-01   -6.48889124E-01  ok
     15 -1.12682129E+02  6.23E-05           Objective   -5.56134783E-04    1.08857205E-03  bad?

     16  5.76697822E+02  3.16E-04       681         7   -8.33250995E-01   -8.33251039E-01  ok
                                        688        14   -9.93458704E-01   -9.93458706E-01  ok
                                        694        20   -9.88544144E-01   -9.88544148E-01  ok
                                        699        25   -1.14221315E-01   -1.14221654E-01  ok
                                        703        29   -5.63492395E-01   -5.63492709E-01  ok
                                        706        32   -9.18046757E-01   -9.18046790E-01  ok
                                        709        35   -6.84068743E-01   -6.84068825E-01  ok
                                        710        36   -8.78316204E-01   -8.78316246E-01  ok
                                        718        44    9.61163037E-01    9.61163057E-01  ok
     16  5.76697822E+02  3.16E-04           Objective   -3.90461498E-01   -3.90454261E-01  ok

     17 -1.28281898E+02  7.08E-05       727         8   -8.11033628E-01   -8.11033676E-01  ok
                                        734        15   -2.91981233E-01   -2.91981270E-01  ok
                                        740        21   -6.36051749E-01   -6.36051778E-01  ok
                                        745        26    9.11701976E-01    9.11701968E-01  ok
                                        749        30    4.42565995E-01    4.42565971E-01  ok
                                        752        33    3.43407770E-02    3.43406989E-02  ok
                                        754        35    6.84068743E-01    6.84068722E-01  ok
                                        756        37   -3.93819354E-02   -3.93819661E-02  ok
                                        764        45   -2.13803164E-01   -2.13803108E-01  ok
     17 -1.28281898E+02  7.08E-05           Objective    5.65104490E-02    5.65109392E-02  ok

     18 -1.74013727E+02  9.59E-05       773         9   -1.55426541E-01   -1.55426588E-01  ok
                                        780        16   -5.90859016E-01   -5.90859100E-01  ok
                                        786        22   -5.86367298E-01   -5.86367341E-01  ok
                                        791        27    6.27429123E-01    6.27429095E-01  ok
                                        795        31    9.75901416E-01    9.75901414E-01  ok
                                        798        34    8.65043947E-02    8.65043273E-02  ok
                                        800        36    8.78316204E-01    8.78316189E-01  ok
                                        801        37    3.93819354E-02    3.93818912E-02  ok
                                        810        46   -2.90022879E-01   -2.90022806E-01  ok
     18 -1.74013727E+02  9.59E-05           Objective    9.08169285E-02    9.08184768E-02  ok

    810  Jacobian elements in cols      1  thru    18  seem to be OK.

 -->  The largest relative error was    3.04E-07   in row    25,  column    16


 XXX  There seem to be     2  incorrect objective gradients in cols     1  thru    18

 -->  The largest relative error was    4.99E-03   in column     1

1



   Itns Major Minors    Step   nCon Feasible  Optimal  MeritFunction     L+U BSwap     nS condZHZ Penalty
     12     0     12              1 (5.5E-11) 1.7E-03 -4.3862759E+03      94           12 1.3E+01         _  r
     13     1      1 3.6E-10     10 (5.5E-11) 1.7E-03 -4.3862759E+03      94           12 1.3E+01         _  r
     13     1      0             17 (5.5E-11) 1.7E-03 -4.3862759E+03      94           12 1.3E+01         _  r
     13     1      0             24 (5.5E-11) 1.7E-03 -4.3862759E+03      94           12 1.3E+01         _  r
1

 SNOPTA EXIT  40 -- terminated after numerical difficulties
 SNOPTA INFO  41 -- current point cannot be improved

 Problem name                 opt prob
 No. of iterations                  13   Objective           -4.3862758774E+03
 No. of major iterations             1   Linear    obj. term  0.0000000000E+00
 Penalty parameter           0.000E+00   Nonlinear obj. term -4.3862758774E+03
 User function calls (total)        50
 No. of superbasics                 12   No. of basic nonlinears             6
 No. of degenerate steps             0   Percentage                       0.00
 Max x                      12 6.0E+02   Max pi                     46 1.0E+00
 Max Primal infeas          63 3.3E-08   Max Dual infeas            26 2.9E-02
 Nonlinear constraint violn    3.3E-08
1

 Name           opt prob                 Objective Value     -4.3862758774E+03

 Status         Optimal Soln             Iteration     13    Superbasics    12

 Objective               (Min)
 RHS
 Ranges
 Bounds

 Section 1 - Constraints

  Number  ...Row.. State  ...Value......  Slack Value...  ..Lower Limit.  ..Upper Limit.  .Dual Variable    ..i

      19  r      1    BS          .               .                None            None           .           1
      20  r      2    BS      -464.72813      -464.72813           None           .               .           2
      21  r      3    BS      -248.17354      -248.17354           None           .               .           3
      22  r      4    BS      -616.93844      -616.93844           None           .               .           4
      23  r      5    BS      -887.98396      -887.98396           None           .               .           5
      24  r      6    BS      -124.53174      -124.53174           None           .               .           6
      25  r      7    BS      -839.31873      -839.31873           None           .               .           7
      26  r      8    UL        -0.00000        -0.00000           None           .             -0.02923      8
      27  r      9 N  BS      -772.10521      -772.10521           None           .               .           9
      28  r     10    BS      -104.90336      -104.90336           None           .               .          10
      29  r     11    BS      -825.41745      -825.41745           None           .               .          11
      30  r     12    BS      -540.90525      -540.90525           None           .               .          12
      31  r     13    BS      -242.36738      -242.36738           None           .               .          13
      32  r     14    BS      -722.02649      -722.02649           None           .               .          14
      33  r     15    BS      -649.55301      -649.55301           None           .               .          15
      34  r     16    BS      -115.71146      -115.71146           None           .               .          16
      35  r     17    BS      -905.00175      -905.00175           None           .               .          17
      36  r     18    BS      -833.86978      -833.86978           None           .               .          18
      37  r     19    BS      -248.46085      -248.46085           None           .               .          19
      38  r     20    BS      -937.36779      -937.36779           None           .               .          20
      39  r     21    BS      -488.57628      -488.57628           None           .               .          21
      40  r     22    BS      -473.40327      -473.40327           None           .               .          22
      41  r     23    BS      -502.33856      -502.33856           None           .               .          23
      42  r     24    BS      -403.75092      -403.75092           None           .               .          24
      43  r     25    BS      -207.95235      -207.95235           None           .               .          25
      44  r     26    BS      -462.73205      -462.73205           None           .               .          26
      45  r     27    BS      -859.80983      -859.80983           None           .               .          27
      46  r     28    BS      -511.48143      -511.48143           None           .               .          28
      47  r     29    BS       -91.08723       -91.08723           None           .               .          29
      48  r     30    BS      -902.28622      -902.28622           None           .               .          30
      49  r     31    BS      -317.88644      -317.88644           None           .               .          31
      50  r     32    BS      -498.12031      -498.12031           None           .               .          32
      51  r     33    BS      -201.46373      -201.46373           None           .               .          33
      52  r     34    BS      -456.19980      -456.19980           None           .               .          34
      53  r     35    BS      -777.76853      -777.76853           None           .               .          35
      54  r     36    BS      -601.91673      -601.91673           None           .               .          36
      55  r     37    BS      -908.43874      -908.43874           None           .               .          37
      56  r     38    BS       -49.41027       -49.41027           None           .               .          38
      57  r     39    BS      -120.26400      -120.26400           None           .               .          39
      58  r     40    UL         0.00000         0.00000           None           .             -0.70525     40
      59  r     41    UL         0.00000         0.00000           None           .             -0.50200     41
      60  r     42    BS        -9.37241        -9.37241           None           .               .          42
      61  r     43    BS      -426.34612      -426.34612           None           .               .          43
      62  r     44    UL         0.00000         0.00000           None           .             -0.40624     44
      63  r     45    UL         0.00000         0.00000           None           .             -0.15454     45
      64  r     46    UL         0.00000         0.00000           None           .             -0.31315     46
1

 Section 2 - Variables

  Number  .Column. State  ...Value......  .Obj Gradient.  ..Lower Limit.  ..Upper Limit.  .Dual Variable    m+j

       1  x      1    BS       438.23817        -0.01860      -600.00000       600.00000        -0.00150     47
       2  x      2   SBS      -276.90606        -0.00002      -600.00000       600.00000        -0.00002     48
       3  x      3   SBS        14.04572        -0.01649      -600.00000       600.00000         0.00002     49
       4  x      4    BS       292.14816        -0.24443      -600.00000       600.00000        -0.00000     50
       5  x      5   SBS      -449.68126        -0.00001      -600.00000       600.00000        -0.00001     51
       6  x      6 N SBS       132.13026         0.00168      -600.00000       600.00000         0.00168     52
       7  x      7    BS      -165.58871         0.11211      -600.00000       600.00000        -0.00000     53
       8  x      8    BS       586.12606        -0.13392      -600.00000       600.00000        -0.00005     54
       9  x      9    BS      -574.21183         0.29969      -600.00000       600.00000         0.00000     55
      10  x     10 N SBS      -333.31120        -0.02291      -600.00000       600.00000         0.00080     56
      11  x     11   SBS      -391.75204        -0.00000      -600.00000       600.00000        -0.00000     57
      12  x     12    BS      -599.83558         0.70506      -600.00000       600.00000         0.00000     58
      13  x     13   SBS       524.07008        -0.43847      -600.00000       600.00000         0.00000     59
      14  x     14   SBS       382.91998         0.00001      -600.00000       600.00000         0.00001     60
      15  x     15 N SBS      -112.68213        -0.00056      -600.00000       600.00000        -0.00056     61
      16  x     16   SBS       576.69782        -0.39046      -600.00000       600.00000        -0.00000     62
      17  x     17 N SBS      -128.28190         0.05651      -600.00000       600.00000        -0.00024     63
      18  x     18   SBS      -174.01373         0.09082      -600.00000       600.00000        -0.00000     64

 Time for MPS input                             0.00 seconds
 Time for solving problem                       5.47 seconds
 Time for solution output                       0.00 seconds
 Time for constraint functions                  5.47 seconds
 Time for objective function                    0.00 seconds
