
 ==============================
 S N O P T  7.7.3    (Dec 2019)
 ==============================
 opt-files/9turb-circle-600r/snopt-wec/010dirs/052-wec1.0-print.out
 XXX  Keyword not recognized:         OPT-FILES/9TURB-
 opt-files/9turb-circle-600r/snopt-wec/010dirs/052-wec1.0-summary.out
 XXX  Keyword not recognized:         OPT-FILES/9TURB-

 SNMEMA EXIT 100 -- finished successfully
 SNMEMA INFO 104 -- memory requirements estimated



 Nonlinear constraints      45     Linear constraints       1
 Nonlinear variables        18     Linear variables         0
 Jacobian  variables        18     Objective variables     18
 Total constraints          46     Total variables         18



 The user has defined     828   out of     828   first  derivatives


 Major Minors     Step   nCon Feasible  Optimal  MeritFunction     nS Penalty
     0     13               1  5.4E-05  7.5E-01 -3.8336804E+03     13           r
     1      1  1.0E+00      2 (4.2E-08) 4.5E-01 -3.8386136E+03     13           r
     2     12  1.0E+00      3 (8.9E-08) 4.7E-01 -3.8401820E+03      8         s
     3     30  1.0E-01      5  2.2E-03  5.9E-01 -3.9972036E+03     12            d
     4      8  1.0E+00      6  1.2E-02  4.7E-01 -4.1211608E+03     15
     5      6  2.9E-01      8  7.3E-03  5.3E-01 -4.1679752E+03     10
     6     12  2.8E-01     10  6.2E-03  5.5E-01 -4.2740776E+03     13
     7      3  2.5E-01     12  2.2E-03  6.8E-01 -4.3275863E+03     13
     8      3  2.8E-01     14  1.6E-03  6.1E-01 -4.3741731E+03     13
     9      1  2.8E-01     16  1.2E-03  7.2E-01 -4.3824057E+03     13

 Major Minors     Step   nCon Feasible  Optimal  MeritFunction     nS Penalty
    10      1  3.3E-01     18  8.2E-04  5.5E-01 -4.3913839E+03     13
    11      1  5.3E-01     20  4.4E-04  5.4E-01 -4.4006231E+03     13
    12      1  1.0E+00     21  1.8E-03  6.3E-01 -4.4053776E+03     13
    13      1  1.0E+00     22  3.2E-04  3.6E-01 -4.4138283E+03     13
    14      1  1.0E+00     23  7.0E-04  3.5E-01 -4.4158350E+03     13
    15      1  1.0E+00     24  1.1E-04  2.1E-01 -4.4195132E+03     13
    16      1  5.2E-01     26  7.4E-05  2.0E-01 -4.4200026E+03     13
    17      1  1.0E+00     27  4.2E-05  8.8E-02 -4.4204458E+03     13
    18      1  1.0E+00     28  1.5E-05  6.4E-02 -4.4208751E+03     13
    19      2  1.0E+00     29  6.7E-06  5.0E-02 -4.4210082E+03     14

 Major Minors     Step   nCon Feasible  Optimal  MeritFunction     nS Penalty
    20      2  1.0E+00     30  9.2E-06  3.7E-02 -4.4211290E+03     13
    21      2  1.0E+00     31  1.6E-05  2.4E-02 -4.4212247E+03     14
    22      1  4.2E-01     33  1.4E-05  2.1E-02 -4.4212515E+03     14
    23      2  1.0E+00     34  4.8E-06  1.3E-02 -4.4212651E+03     13
    24      1  1.0E+00     35  2.6E-06  4.7E-03 -4.4212795E+03     13
    25      2  4.2E-01     37  1.7E-06  3.6E-03 -4.4212802E+03     14
    26      1  1.0E+00     38 (4.1E-08) 2.3E-03 -4.4212803E+03     14
    27      2  1.0E+00     39 (2.5E-08) 4.7E-03 -4.4212808E+03     13
    28      2  2.3E-01     41 (2.0E-08) 2.2E-03 -4.4212808E+03     14
    29      1  1.0E+00     42 (3.7E-10) 2.1E-03 -4.4212808E+03     14

 Major Minors     Step   nCon Feasible  Optimal  MeritFunction     nS Penalty
    30      1  3.8E-01     44 (2.9E-10) 2.2E-03 -4.4212808E+03     14
    31      1  9.5E-02     54 (2.9E-10) 2.0E-03 -4.4212808E+03     14
    32      1  3.1E-05     64 (2.9E-10) 2.0E-03 -4.4212808E+03     14
    33      1  2.5E-06     74 (2.9E-10) 1.9E-03 -4.4212808E+03     14
    34      1  3.3E-07     84 (2.9E-10) 1.8E-03 -4.4212808E+03     14
    35      1  6.4E-08     94 (2.9E-10) 1.7E-03 -4.4212808E+03     14
    36      1  4.1E-09    104 (2.9E-10) 1.6E-03 -4.4212808E+03     14
    37      1  1.2E-09    114 (2.9E-10) 1.6E-03 -4.4212808E+03     14
    38      1  3.6E-11    123 (2.9E-10) 1.6E-03 -4.4212808E+03     14
    38      1             130 (2.9E-10) 1.2E-03 -4.4212808E+03     14           R
    39      1  1.8E-11    139 (2.9E-10) 1.2E-03 -4.4212808E+03     14         s
    39      1             146 (2.9E-10) 1.2E-03 -4.4212808E+03     14         s R
    39      1             154 (2.9E-10) 1.2E-03 -4.4212808E+03     14         s r

 SNOPTA EXIT  40 -- terminated after numerical difficulties
 SNOPTA INFO  41 -- current point cannot be improved

 Problem name                 opt prob
 No. of iterations                 129   Objective           -4.4212808238E+03
 No. of major iterations            39   Linear    obj. term  0.0000000000E+00
 Penalty parameter           0.000E+00   Nonlinear obj. term -4.4212808238E+03
 User function calls (total)       181
 No. of superbasics                 14   No. of basic nonlinears             4
 No. of degenerate steps             0   Percentage                       0.00
 Max x                      16 6.0E+02   Max pi                     46 1.0E+00
 Max Primal infeas          58 1.8E-07   Max Dual infeas             9 1.2E-03
 Nonlinear constraint violn    1.8E-07



 Solution printed on file  18

 Time for MPS input                             0.00 seconds
 Time for solving problem                      19.55 seconds
 Time for solution output                       0.00 seconds
 Time for constraint functions                 19.55 seconds
 Time for objective function                    0.00 seconds
