
         ==============================
         S N O P T  7.7.3    (Dec 2019)
         ==============================
      opt-files/9turb-circle-600r/snopt-wec/010dirs/053-wec3.0-print.out
 XXX  Keyword not recognized:         OPT-FILES/9TURB-
      Derivative option               1
      Verify level               3
      opt-files/9turb-circle-600r/snopt-wec/010dirs/053-wec3.0-summary.out
 XXX  Keyword not recognized:         OPT-FILES/9TURB-
      Major optimality tolerance  5.00000000E-05
      Major iteration limit         1000000
1

 SNMEMA EXIT 100 -- finished successfully
 SNMEMA INFO 104 -- memory requirements estimated
      Total character workspace             500
      Total integer   workspace           35042
      Total real      workspace           23255
1

 Parameters
 ==========

 Files
 -----
 Solution file..........         0       Old basis file ........         0       Standard input.........         5
 Insert file............         0       New basis file ........         0       (Printer)..............        18
 Punch file.............         0       Backup basis file......         0       (Specs file)...........         0
 Load file..............         0       Dump file..............         0       Standard output........         6

 Frequencies
 -----------
 Print frequency........       100       Check frequency........        60       Save new basis map.....       100
 Summary frequency......       100       Factorization frequency        50       Expand frequency.......     10000

 QP subproblems
 --------------
 QPsolver Cholesky......
 Scale tolerance........     0.900       Minor feasibility tol..  1.00E-06       Iteration limit........     10000
 Scale option...........         0       Minor optimality  tol..  1.00E-06       Minor print level......         1
 Crash tolerance........     0.100       Pivot tolerance........  3.25E-11       New superbasics........        99
 Crash option...........         3       Elastic weight.........  1.00E+05

 Partial pricing
 ---------------
 LP Partial price.......         1       Prtl price section ( A)        18       Prtl price section (-I)        46
 QP Partial price.......         1       Prtl price section ( A)        18       Prtl price section (-I)        46

 The SQP Method
 --------------
 Minimize...............                 Cold start.............                 Proximal Point method..         1
 Nonlinear objectiv vars        18       Objective Row..........         1       Function precision.....  3.00E-13
 Unbounded step size....  1.00E+20       Superbasics limit......        18       Difference interval....  5.48E-07
 Unbounded objective....  1.00E+10       Reduced Hessian dim....        18       Central difference int.  6.70E-05
 Major step limit.......  2.00E+00       Derivative linesearch..                 Derivative option......         1
 Major iterations limit.   1000000       Linesearch tolerance...   0.90000       Verify level...........         3
 Minor iterations limit.       500       Penalty parameter......  0.00E+00       Major Print Level......         1
 Time limit (secs)...... 9999999.0       Major optimality tol...  5.00E-05

 Hessian Approximation
 ---------------------
 Hessian full-memory....                 Hessian updates........  99999999       Hessian frequency......  99999999
                                                                                 Hessian flush..........  99999999

 Nonlinear constraints
 ---------------------
 Nonlinear constraints..        45       Major feasibility tol..  1.00E-06       Violation limit........  1.00E+01
 Nonlinear Jacobian vars        18

 Miscellaneous
 -------------
 LU factor tolerance....      3.99       LU singularity tol.....  3.25E-11       Timing level...........         3
 LU update tolerance....      3.99       LU swap tolerance......  1.22E-04       Debug level............         0
 LU partial  pivoting...                 eps (machine precision)  2.22E-16       System information.....        No
                                                                                 Sticky parameters......        No
1




 Matrix statistics
 -----------------
               Total      Normal        Free       Fixed     Bounded
 Rows             46          45           1           0           0
 Columns          18           0           0           0          18

 No. of matrix elements                  810     Density      97.826
 Biggest  constant element        0.0000E+00  (excluding fixed columns,
 Smallest constant element        0.0000E+00   free rows, and RHS)

 No. of objective coefficients             0

 Nonlinear constraints      45     Linear constraints       1
 Nonlinear variables        18     Linear variables         0
 Jacobian  variables        18     Objective variables     18
 Total constraints          46     Total variables         18
1



 The user has defined     828   out of     828   first  derivatives

 Verification of user-supplied problem derivatives.

 The constraint gradients seem to be OK.

 -->  The largest discrepancy was    9.56E-08  in constraint    32


 The objective  gradients seem to be OK.

 Gradient projected in one direction   1.46495958937E-01
 Difference approximation              1.46495925717E-01


 Column       x(j)        dx(j)    Element no.    Row        Derivative    Difference approxn

      1  2.21138657E+02  1.22E-04         1         2   -5.30392670E-01   -5.30392735E-01  ok
                                          2         3   -9.75695424E-01   -9.75695434E-01  ok
                                          3         4   -1.14293278E-02   -1.14294460E-02  ok
                                          4         5   -9.69648724E-01   -9.69648731E-01  ok
                                          5         6   -4.02459482E-01   -4.02459701E-01  ok
                                          6         7   -8.14786556E-01   -8.14786589E-01  ok
                                          7         8    5.43421213E-01    5.43421044E-01  ok
                                          8         9   -7.99817424E-01   -7.99817482E-01  ok
                                         37        38    7.18660817E-01    7.18660913E-01  ok
      1  2.21138657E+02  1.22E-04           Objective    4.67190626E-01    4.67188632E-01  ok

      2 -1.35429547E+02  7.47E-05        46         2    5.30392670E-01    5.30392630E-01  ok
                                         54        10    1.06577693E-01    1.06577634E-01  ok
                                         55        11    9.87934401E-01    9.87934399E-01  ok
                                         56        12   -4.71196554E-01   -4.71196615E-01  ok
                                         57        13    3.18211103E-01    3.18211065E-01  ok
                                         58        14   -6.71891429E-01   -6.71891508E-01  ok
                                         59        15    8.10062363E-01    8.10062342E-01  ok
                                         60        16    1.50174066E-01    1.50173960E-01  ok
                                         83        39   -3.55603511E-01   -3.55603426E-01  ok
      2 -1.35429547E+02  7.47E-05           Objective   -7.63791757E-01   -7.63791630E-01  ok

      3 -6.73948680E+01  3.75E-05        92         3    9.75695424E-01    9.75695420E-01  ok
                                         99        10   -1.06577693E-01   -1.06577723E-01  ok
                                        106        17    4.38228399E-01    4.38228376E-01  ok
                                        107        18   -8.11534435E-01   -8.11534452E-01  ok
                                        108        19    7.95555975E-01    7.95555947E-01  ok
                                        109        20   -4.80323413E-01   -4.80323443E-01  ok
                                        110        21    8.38223925E-01    8.38223913E-01  ok
                                        111        22   -5.51263637E-02   -5.51264276E-02  ok
                                        129        40   -2.34987776E-01   -2.34987713E-01  ok
      3 -6.73948680E+01  3.75E-05           Objective   -3.35060552E-02   -3.35066877E-02  ok

      4  2.15252791E+02  1.18E-04       138         4    1.14293278E-02    1.14292135E-02  ok
                                        145        11   -9.87934401E-01   -9.87934404E-01  ok
                                        151        17   -4.38228399E-01   -4.38228474E-01  ok
                                        157        23   -8.42946641E-01   -8.42946666E-01  ok
                                        158        24   -1.19760128E-01   -1.19760209E-01  ok
                                        159        25   -9.67513193E-01   -9.67513200E-01  ok
                                        160        26    4.28080354E-01    4.28080209E-01  ok
                                        161        27   -7.22172051E-01   -7.22172119E-01  ok
                                        175        41    5.81720395E-01    5.81720502E-01  ok
      4  2.15252791E+02  1.18E-04           Objective    3.08620745E-01    3.08620483E-01  ok

      5 -3.61417837E+02  1.99E-04       184         5    9.69648724E-01    9.69648714E-01  ok
                                        191        12    4.71196554E-01    4.71196393E-01  ok
                                        197        18    8.11534435E-01    8.11534342E-01  ok
                                        202        23    8.42946641E-01    8.42946599E-01  ok
                                        207        28    8.05160087E-01    8.05160029E-01  ok
                                        208        29    2.18386309E-01    2.18385909E-01  ok
                                        209        30    9.95895190E-01    9.95895189E-01  ok
                                        210        31    9.59279479E-01    9.59279451E-01  ok
                                        221        42   -9.83211318E-01   -9.83211310E-01  ok
      5 -3.61417837E+02  1.99E-04           Objective    1.21344609E+00    1.21344583E+00  ok

      6  1.27421439E+02  7.03E-05       230         6    4.02459482E-01    4.02459356E-01  ok
                                        237        13   -3.18211103E-01   -3.18211139E-01  ok
                                        243        19   -7.95555975E-01   -7.95556028E-01  ok
                                        248        24    1.19760128E-01    1.19760079E-01  ok
                                        252        28   -8.05160087E-01   -8.05160108E-01  ok
                                        256        32   -5.94746108E-01   -5.94746138E-01  ok
                                        257        33    4.77383648E-01    4.77383592E-01  ok
                                        258        34   -4.30943957E-01   -4.30944016E-01  ok
                                        267        43    2.85865078E-01    2.85865151E-01  ok
      6  1.27421439E+02  7.03E-05           Objective   -4.16145649E-01   -4.16145696E-01  ok

      7 -3.09753802E+02  1.70E-04       276         7    8.14786556E-01    8.14786512E-01  ok
                                        283        14    6.71891429E-01    6.71891248E-01  ok
                                        289        20    4.80323413E-01    4.80323283E-01  ok
                                        294        25    9.67513193E-01    9.67513184E-01  ok
                                        298        29   -2.18386309E-01   -2.18386651E-01  ok
                                        301        32    5.94746108E-01    5.94746033E-01  ok
                                        304        35    9.70708713E-01    9.70708705E-01  ok
                                        305        36    8.34955498E-01    8.34955403E-01  ok
                                        313        44   -8.84023851E-01   -8.84023798E-01  ok
      7 -3.09753802E+02  1.70E-04           Objective   -7.51507017E-01   -7.51507856E-01  ok

      8  3.58592485E+02  1.97E-04       322         8   -5.43421213E-01   -5.43421488E-01  ok
                                        329        15   -8.10062363E-01   -8.10062419E-01  ok
                                        335        21   -8.38223925E-01   -8.38223983E-01  ok
                                        340        26   -4.28080354E-01   -4.28080594E-01  ok
                                        344        30   -9.95895190E-01   -9.95895192E-01  ok
                                        347        33   -4.77383648E-01   -4.77383805E-01  ok
                                        349        35   -9.70708713E-01   -9.70708723E-01  ok
                                        351        37   -9.99315975E-01   -9.99315975E-01  ok
                                        359        45    9.99989610E-01    9.99989611E-01  ok
      8  3.58592485E+02  1.97E-04           Objective   -4.60256315E-01   -4.60256191E-01  ok

      9 -8.35990877E+01  4.63E-05       368         9    7.99817424E-01    7.99817403E-01  ok
                                        375        16   -1.50174066E-01   -1.50174132E-01  ok
                                        381        22    5.51263637E-02    5.51262858E-02  ok
                                        386        27    7.22172051E-01    7.22172024E-01  ok
                                        390        31   -9.59279479E-01   -9.59279484E-01  ok
                                        393        34    4.30943957E-01    4.30943919E-01  ok
                                        395        36   -8.34955498E-01   -8.34955524E-01  ok
                                        396        37    9.99315975E-01    9.99315974E-01  ok
                                        405        46   -9.84831101E-01   -9.84831093E-01  ok
      9 -8.35990877E+01  4.63E-05           Objective    4.35949335E-01    4.35949152E-01  ok

     10 -2.13969021E+02  1.18E-04       406         2    8.47752096E-01    8.47752071E-01  ok
                                        407         3   -2.19131101E-01   -2.19131291E-01  ok
                                        408         4    9.99934683E-01    9.99934683E-01  ok
                                        409         5    2.44502253E-01    2.44502161E-01  ok
                                        410         6   -9.15437800E-01   -9.15437841E-01  ok
                                        411         7    5.79761044E-01    5.79760983E-01  ok
                                        412         8    8.39460175E-01    8.39460106E-01  ok
                                        413         9    6.00243357E-01    6.00243258E-01  ok
                                        442        38   -6.95360792E-01   -6.95360692E-01  ok
     10 -2.13969021E+02  1.18E-04           Objective    5.34028199E-01    5.34024731E-01  ok

     11  3.55951076E+02  1.96E-04       451         2   -8.47752096E-01   -8.47752137E-01  ok
                                        459        10   -9.94304378E-01   -9.94304379E-01  ok
                                        460        11   -1.54872916E-01   -1.54873185E-01  ok
                                        461        12   -8.82028235E-01   -8.82028280E-01  ok
                                        462        13   -9.48019881E-01   -9.48019891E-01  ok
                                        463        14   -7.40649653E-01   -7.40649823E-01  ok
                                        464        15   -5.86343728E-01   -5.86343833E-01  ok
                                        465        16   -9.88659572E-01   -9.88659579E-01  ok
                                        488        39    9.34636904E-01    9.34636937E-01  ok
     11  3.55951076E+02  1.96E-04           Objective   -1.32275760E-01   -1.32276535E-01  ok

     12 -2.78770667E+02  1.53E-04       497         3    2.19131101E-01    2.19130854E-01  ok
                                        504        10    9.94304378E-01    9.94304377E-01  ok
                                        511        17    8.98863655E-01    8.98863633E-01  ok
                                        512        18    5.84304596E-01    5.84304456E-01  ok
                                        513        19   -6.05880096E-01   -6.05880294E-01  ok
                                        514        20    8.77091454E-01    8.77091419E-01  ok
                                        515        21    5.45326188E-01    5.45326082E-01  ok
                                        516        22    9.98479386E-01    9.98479385E-01  ok
                                        534        40   -9.71998326E-01   -9.71998311E-01  ok
     12 -2.78770667E+02  1.53E-04           Objective   -7.37675633E-01   -7.37679954E-01  ok

     13  3.00976579E+02  1.65E-04       543         4   -9.99934683E-01   -9.99934683E-01  ok
                                        550        11    1.54872916E-01    1.54872689E-01  ok
                                        556        17   -8.98863655E-01   -8.98863679E-01  ok
                                        562        23   -5.37997175E-01   -5.37997261E-01  ok
                                        563        24   -9.92802856E-01   -9.92802858E-01  ok
                                        564        25   -2.52820530E-01   -2.52820673E-01  ok
                                        565        26   -9.03740677E-01   -9.03740722E-01  ok
                                        566        27   -6.91713473E-01   -6.91713577E-01  ok
                                        580        41    8.13388826E-01    8.13388902E-01  ok
     13  3.00976579E+02  1.65E-04           Objective   -3.10813530E-01   -3.10813674E-01  ok

     14 -6.70742009E+01  3.73E-05       589         5   -2.44502253E-01   -2.44502284E-01  ok
                                        596        12    8.82028235E-01    8.82028225E-01  ok
                                        602        18   -5.84304596E-01   -5.84304629E-01  ok
                                        607        23    5.37997175E-01    5.37997157E-01  ok
                                        612        28   -5.93057531E-01   -5.93057552E-01  ok
                                        613        29    9.75862398E-01    9.75862394E-01  ok
                                        614        30    9.05139202E-02    9.05138948E-02  ok
                                        615        31    2.82458638E-01    2.82458579E-01  ok
                                        626        42   -1.82470555E-01   -1.82470508E-01  ok
     14 -6.70742009E+01  3.73E-05           Objective    7.53660768E-01    7.53660825E-01  ok

     15 -4.27139011E+02  2.35E-04       635         6    9.15437800E-01    9.15437718E-01  ok
                                        642        13    9.48019881E-01    9.48019866E-01  ok
                                        648        19    6.05880096E-01    6.05879793E-01  ok
                                        653        24    9.92802856E-01    9.92802854E-01  ok
                                        657        28    5.93057531E-01    5.93057405E-01  ok
                                        661        32    8.03913594E-01    8.03913538E-01  ok
                                        662        33    8.78694971E-01    8.78694916E-01  ok
                                        663        34    9.02378693E-01    9.02378648E-01  ok
                                        672        43   -9.58269877E-01   -9.58269856E-01  ok
     15 -4.27139011E+02  2.35E-04           Objective    6.25378385E-01    6.25378198E-01  ok

     16  1.63787292E+02  9.03E-05       681         7   -5.79761044E-01   -5.79761090E-01  ok
                                        688        14    7.40649653E-01    7.40649574E-01  ok
                                        694        20   -8.77091454E-01   -8.77091475E-01  ok
                                        699        25    2.52820530E-01    2.52820453E-01  ok
                                        703        29   -9.75862398E-01   -9.75862407E-01  ok
                                        706        32   -8.03913594E-01   -8.03913616E-01  ok
                                        709        35   -2.40259431E-01   -2.40259493E-01  ok
                                        710        36   -5.50317468E-01   -5.50317584E-01  ok
                                        718        44    4.67441794E-01    4.67441895E-01  ok
     16  1.63787292E+02  9.03E-05           Objective    3.57404933E-01    3.57404498E-01  ok

     17 -1.63462711E+00  1.44E-06       727         8   -8.39460175E-01   -8.39460168E-01  ok
                                        734        15    5.86343728E-01    5.86343724E-01  ok
                                        740        21   -5.45326188E-01   -5.45326188E-01  ok
                                        745        26    9.03740677E-01    9.03740654E-01  ok
                                        749        30   -9.05139202E-02   -9.05139074E-02  ok
                                        752        33   -8.78694971E-01   -8.78694976E-01  ok
                                        754        35    2.40259431E-01    2.40259441E-01  ok
                                        756        37    3.69808376E-02    3.69808587E-02  ok
                                        764        45   -4.55840598E-03   -4.55839687E-03  ok
     17 -1.63462711E+00  1.44E-06           Objective   -1.95334259E-01   -1.95334071E-01  ok

     18  1.47291809E+01  8.62E-06       773         9   -6.00243357E-01   -6.00243369E-01  ok
                                        780        16    9.88659572E-01    9.88659575E-01  ok
                                        786        22   -9.98479386E-01   -9.98479391E-01  ok
                                        791        27    6.91713473E-01    6.91713475E-01  ok
                                        795        31   -2.82458638E-01   -2.82458649E-01  ok
                                        798        34   -9.02378693E-01   -9.02378697E-01  ok
                                        800        36    5.50317468E-01    5.50317454E-01  ok
                                        801        37   -3.69808376E-02   -3.69808479E-02  ok
                                        810        46    1.73515714E-01    1.73515768E-01  ok
     18  1.47291809E+01  8.62E-06           Objective   -8.94373103E-01   -8.94373040E-01  ok

    810  Jacobian elements in cols      1  thru    18  seem to be OK.

 -->  The largest relative error was    3.28E-07   in row    29,  column     5


     18  objective gradients out of     1  thru    18  seem to be OK.

 -->  The largest relative error was    2.49E-06   in column    12

1



   Itns Major Minors    Step   nCon Feasible  Optimal  MeritFunction     L+U BSwap     nS condZHZ Penalty
     16     0     16              1  4.7E-02  1.0E+00 -1.8424787E+03      86           13 2.1E+01         _  r
     18     1      2 7.6E-02      2  4.3E-02  1.1E+00 -9.2911479E+02      86           14 3.4E+01 4.0E+00 _  rl
     19     2      1 8.1E-02      4  3.9E-02  1.1E+00 -1.0374592E+03      86           14 3.4E+01 4.0E+00 _  rl
     35     3     16 1.0E+00      5 (0.0E+00) 5.6E-01 -1.8579930E+03     142           13 2.1E+02 4.0E+00 _s
     41     4      6 3.0E-01      8 (0.0E+00) 4.2E-01 -2.0363818E+03     155           10 1.4E+02 4.0E+00 _ m
     50     5      9 1.7E-01     13 (0.0E+00) 5.7E-01 -2.0957152E+03     167           11 7.2E+02 4.0E+00 _
     58     6      8 8.2E-02     16 (0.0E+00) 1.0E+00 -2.0968938E+03     165           10 1.6E+03 4.0E+00 _
     69     7     11 4.9E-01     18 (0.0E+00) 5.3E-01 -2.1951672E+03     127     7     12 1.7E+03 4.0E+00 _
     73     8      4 1.0E+00     19  9.3E-03  3.8E-01 -2.2590732E+03     102     7     13 2.0E+03 4.0E+00 _
     77     9      4 3.8E-01     23  5.7E-03  5.9E-01 -2.2680785E+03     110           12 2.3E+03 4.0E+00 _
     83    10      6 1.0E+00     24  1.4E-03  5.5E-01 -2.2938508E+03     102     4     11 3.3E+03 4.0E+00 _
     89    11      6 2.0E-01     28  1.6E-03  9.7E-01 -2.3154179E+03     111     4     10 3.0E+01 4.0E+00 _ m
    112    12     23 7.3E-02     31  1.7E-03  6.1E-01 -2.3255543E+03     150           12 1.2E+03 4.0E+00 _
    118    13      6 3.6E-02     41  1.6E-03  6.3E-01 -2.3288097E+03     102    10     11 2.6E+02 4.0E+00 _
    127    14      9 2.1E-01     43  1.4E-03  4.3E-01 -2.3294124E+03     110     5     13 3.0E+03 4.0E+00 _
    133    15      6 7.0E-02     45  1.3E-03  4.0E-01 -2.3304220E+03     102     5     12 8.1E+02 4.0E+00 _
    137    16      4 5.3E-01     47  2.2E-03  4.4E-01 -2.3409665E+03     110           13 4.1E+02 4.0E+00 _
    140    17      3 3.1E-01     49  1.5E-03  6.3E-01 -2.3521645E+03     103     5     11 1.1E+02 4.0E+00 _
    143    18      3 6.8E-02     57  1.4E-03  4.5E-01 -2.3538567E+03     102           13 1.2E+02 4.0E+00 _
    149    19      6 4.2E-03     67  1.4E-03  5.7E-01 -2.3539377E+03     110           10 2.8E+01 4.0E+00 _

   Itns Major Minors    Step   nCon Feasible  Optimal  MeritFunction     L+U BSwap     nS condZHZ Penalty
    151    20      2 1.5E-04     78  1.4E-03  5.9E-01 -2.3539502E+03     102     3     11 3.5E+01 4.0E+00 _ m
    152    21      1 1.3E-05     89  1.4E-03  5.9E-01 -2.3539514E+03     102           11 3.5E+01 4.0E+00 _
    158    22      6 2.7E-06     99  1.4E-03  4.7E-01 -2.3539516E+03     102           14 2.7E+01 4.0E+00 _  R
    164    23      6 1.0E+00    100  3.5E-06  6.0E-01 -2.3556784E+03     118           13 1.7E+02 4.0E+00 _s
    169    24      5 8.0E-02    103  9.6E-05  3.6E-01 -2.3606089E+03     118           13 1.7E+02 4.0E+00 _
    170    25      1 2.0E-01    106  2.9E-04  4.5E-01 -2.3640990E+03     118           13 1.7E+02 4.0E+00 _
    173    26      3 2.1E-01    116  1.0E-03  7.9E-01 -2.3706913E+03     127           11 1.8E+01 4.0E+00 _
    174    27      1 1.2E-04    127  1.0E-03  7.9E-01 -2.3707013E+03     126           11 1.8E+01 4.0E+00 _
    177    28      3 1.2E-05    137  1.0E-03  3.2E-01 -2.3707024E+03     126           13 4.0E+01 4.0E+00 _
    179    29      2 1.4E-07    147  1.0E-03  3.6E-01 -2.3707024E+03      94     6     12 6.8E+01 4.0E+00 _
    180    30      1 2.3E-08    157  1.0E-03  4.2E-01 -2.3707024E+03      94           12 6.8E+01 4.0E+00 _
    181    31      1 1.4E-08    167  1.0E-03  5.3E-01 -2.3707024E+03      94           12 6.9E+01 4.0E+00 _
    182    32      1 1.1E-09    177  1.0E-03  6.2E-01 -2.3707024E+03      94           12 7.2E+01 4.0E+00 _
    184    33      2 1.4E-10    187  1.0E-03  6.7E-01 -2.3707024E+03     102           11 7.2E+01 4.0E+00 _
    185    34      1 7.1E-11    197  1.0E-03  7.0E-01 -2.3707024E+03     102           11 7.4E+01 4.0E+00 _
    188    35      3 8.1E-12    207  1.0E-03  5.0E-01 -2.3707024E+03     110           11 9.5E+01 4.0E+00 _
    189    36      1 4.2E-13    216  1.0E-03  5.3E-01 -2.3707024E+03     110           11 9.7E+01 4.0E+00 _
    197    36      8            223  1.0E-03  4.2E-01 -2.3707066E+03     119           14 2.9E+01         _  R
    211    36     14            229  1.0E-03  4.4E-01 -2.3707066E+03     153     5      3 2.3E+01         _  r
    226    37     15 4.7E-04    239  1.0E-03  5.5E-01 -2.3708334E+03     145     3     12 1.5E+02         _s
    231    38      5 5.8E-04    249  1.0E-03  5.5E-01 -2.3709068E+03     134            8 1.5E+02         _
    239    39      8 7.9E-06    259  1.0E-03  3.9E-01 -2.3709084E+03     134            8 2.1E+02         _

   Itns Major Minors    Step   nCon Feasible  Optimal  MeritFunction     L+U BSwap     nS condZHZ Penalty
    246    40      7 1.6E-06    269  1.0E-03  3.9E-01 -2.3709087E+03     134           12 4.8E+02         _
    248    41      2 4.0E-06    279  1.0E-03  4.4E-01 -2.3709090E+03     134           12 4.5E+02         _
    251    42      3 3.8E-06    289  1.0E-03  4.7E-01 -2.3709093E+03     134           12 4.5E+02         _
    253    43      2 1.3E-07    299  1.0E-03  4.7E-01 -2.3709093E+03     134           12 4.4E+02         _
    255    44      2 4.1E-08    309  1.0E-03  5.0E-01 -2.3709093E+03     142           11 7.2E+03         _
    257    45      2 9.8E-09    319  1.0E-03  5.5E-01 -2.3709093E+03     144           11 7.0E+03         _
    260    46      3 3.2E-09    329  1.0E-03  5.4E-01 -2.3709093E+03     118     8      9 3.5E+03         _
    271    47     11 7.5E-03    336  1.0E-03  3.2E-01 -2.3716465E+03     142           10 1.3E+03         _
    273    48      2 1.2E-01    338  1.7E-03  5.2E-01 -2.3735771E+03     144            9 3.8E+02         _
    286    49     13 8.7E-02    340  2.8E-03  6.6E-01 -2.3854813E+03     165           10 1.6E+04         _
    293    50      7 1.0E-01    342  3.1E-03  6.6E-01 -2.3906383E+03     162           13 1.8E+05         _
    296    51      3 3.6E-01    344  2.3E-03  4.3E-01 -2.3942780E+03     162           12 1.6E+04         _
    297    52      1 1.7E-01    355  2.2E-03  5.5E-01 -2.4181219E+03     162           12 7.8E+01         _ M
    298    53      1 3.1E-03    366  2.2E-03  5.2E-01 -2.4182213E+03      94     9     12 1.8E+03         _ M
    299    54      1 3.3E-05    376  2.2E-03  7.4E-01 -2.4182224E+03      94           12 1.6E+03         _
    301    55      2 1.9E-06    386  2.2E-03  8.5E-01 -2.4182225E+03     102           11 1.9E+03         _
    302    56      1 7.5E-08    396  2.2E-03  9.1E-01 -2.4182225E+03     102           11 2.1E+03         _
    304    57      2 1.7E-08    406  2.2E-03  7.4E-01 -2.4182225E+03     110           10 1.9E+03         _
    305    58      1 1.3E-09    416  2.2E-03  7.2E-01 -2.4182225E+03     110           10 2.0E+03         _
    308    59      3 6.2E-11    426  2.2E-03  7.7E-01 -2.4182225E+03     112           10 1.9E+03         _

   Itns Major Minors    Step   nCon Feasible  Optimal  MeritFunction     L+U BSwap     nS condZHZ Penalty
    309    60      1 1.8E-11    436  2.2E-03  7.2E-01 -2.4182225E+03     102     4     10 4.4E+02         _
    310    61      1 7.5E-13    446  2.2E-03  7.4E-01 -2.4182225E+03     102           10 4.5E+02         _
    322    61     12            452  2.2E-03  7.3E-01 -2.4182225E+03     121           14 2.6E+03         _  R
    337    61     15            457  2.2E-03  9.9E-01 -2.4182225E+03     171                              _  r
    353    62     16 2.5E-14    465  2.2E-03  8.3E-01 -2.4182225E+03     166           10 7.9E+01         _s  d
    356    62      3            471  2.2E-03  9.1E-01 -2.4182225E+03     110     9     10 5.5E+01         _s R
    358    62      2            477  2.2E-03  9.2E-01 -2.4182225E+03     110           11 3.8E+01         _s r
1

 SNOPTA EXIT  40 -- terminated after numerical difficulties
 SNOPTA INFO  41 -- current point cannot be improved

 Problem name                 opt prob
 No. of iterations                 358   Objective           -2.4181245979E+03
 No. of major iterations            62   Linear    obj. term  0.0000000000E+00
 No. of infeasibilities              3   Sum of infeas        1.9102437368E+00
 Penalty parameter           0.000E+00   Nonlinear obj. term -2.4181245979E+03
 User function calls (total)       501
 No. of superbasics                 11   No. of basic nonlinears             8
 No. of degenerate steps             0   Percentage                       0.00
 Max x                       8 5.9E+02   Max pi                     35 1.7E+00
 Max Primal infeas          59 1.3E+00   Max Dual infeas            54 1.7E+00
 Nonlinear constraint violn    1.3E+00
1

 Name           opt prob                 Infeasibilities      3      1.9102E+00

 Status         Optimal Soln             Iteration    358    Superbasics    11

 Objective               (Min)
 RHS
 Ranges
 Bounds

 Section 1 - Constraints

  Number  ...Row.. State  ...Value......  Slack Value...  ..Lower Limit.  ..Upper Limit.  .Dual Variable    ..i

      19  r      1    BS          .               .                None            None         -1.0          1
      20  r      2    BS      -478.72683      -478.72683           None           .               .           2
      21  r      3 N  FR       -39.78638       -39.78638           None           .             -0.15163      3
      22  r      4    BS      -486.35969      -486.35969           None           .               .           4
      23  r      5    BS      -604.05571      -604.05571           None           .               .           5
      24  r      6    BS      -103.44413      -103.44413           None           .               .           6
      25  r      7    BS      -610.02907      -610.02907           None           .               .           7
      26  r      8    BS      -143.08632      -143.08632           None           .               .           8
      27  r      9    BS      -363.26563      -363.26563           None           .               .           9
      28  r     10    BS      -238.64022      -238.64022           None           .               .          10
      29  r     11    BS      -170.91940      -170.91940           None           .               .          11
      30  r     12    BS      -311.91390      -311.91390           None           .               .          12
      31  r     13    BS      -809.80754      -809.80754           None           .               .          13
      32  r     14    BS       -69.03374       -69.03374           None           .               .          14
      33  r     15    BS      -656.05134      -656.05134           None           .               .          15
      34  r     16    BS       -76.46639       -76.46639           None           .               .          16
      35  r     17    BS      -397.64326      -397.64326           None           .               .          17
      36  r     18    BS      -322.84837      -322.84837           None           .               .          18
      37  r     19    BS      -326.09115      -326.09115           None           .               .          19
      38  r     20    BS      -320.13101      -320.13101           None           .               .          20
      39  r     21    BS      -375.22021      -375.22021           None           .               .          21
      40  r     22    BS       -70.77882       -70.77882           None           .               .          22
      41  r     23    BS      -714.31373      -714.31373           None           .               .          23
      42  r     24    BS      -840.73547      -840.73547           None           .               .          24
      43  r     25    BS      -492.53890      -492.53890           None           .               .          25
      44  r     26    BS      -455.74202      -455.74202           None           .               .          26
      45  r     27    BS      -433.54220      -433.54220           None           .               .          27
      46  r     28    BS      -795.66351      -795.66351           None           .               .          28
      47  r     29    BS       -36.79738       -36.79738           None           .               .          29
      48  r     30    BS      -947.37815      -947.37815           None           .               .          30
      49  r     31   SBS       -47.17674       -47.17674           None           .             -0.00000     31
      50  r     32    BS      -880.99770      -880.99770           None           .               .          32
      51  r     33    BS      -336.12537      -336.12537           None           .               .          33
      52  r     34    BS      -625.41024      -625.41024           None           .               .          34
      53  r     35    BS      -883.05467      -883.05467           None           .               .          35
      54  r     36 N  FR        -2.81267        -2.81267           None           .             -1.68351     36
      55  r     37 N  BS      -668.86131      -668.86131           None           .               .          37
      56  r     38    BS      -309.13712      -309.13712           None           .               .          38
      57  r     39    BS      -137.00071      -137.00071           None           .               .          39
      58  r     40    BS      -549.52091      -549.52091           None           .               .          40
      59  r     41 I  UL         1.27867         1.27867           None           .             -0.51537     41
      60  r     42 N  FR        -0.07434        -0.07434           None           .             -0.13923     42
      61  r     43 I  UL         0.36830         0.36830           None           .             -0.77710     43
      62  r     44 N  FR       -27.17053       -27.17053           None           .             -0.37687     44
      63  r     45 I  UL         0.26328         0.26328           None           .             -0.34922     45
      64  r     46    BS      -268.31988      -268.31988           None           .               .          46
1

 Section 2 - Variables

  Number  .Column. State  ...Value......  .Obj Gradient.  ..Lower Limit.  ..Upper Limit.  .Dual Variable    m+j

       1  x      1 N SBS       209.72860          .           -600.00000       600.00000        -0.12580     47
       2  x      2   SBS      -138.47959          .           -600.00000       600.00000          .          48
       3  x      3    BS       -33.01544          .           -600.00000       600.00000         0.12580     49
       4  x      4    BS       274.92081          .           -600.00000       600.00000         0.23564     50
       5  x      5 N SBS      -590.87559          .           -600.00000       600.00000        -0.13712     51
       6  x      6 N SBS       222.69040          .           -600.00000       600.00000         0.28824     52
       7  x      7    BS      -448.69237          .           -600.00000       600.00000         0.71838     53
       8  x      8    BS       592.06757          .           -600.00000       600.00000         0.34445     54
       9  x      9    BS      -294.79621          .           -600.00000       600.00000        -1.01358     55
      10  x     10 N SBS      -201.53196          .           -600.00000       600.00000         0.08465     56
      11  x     11   SBS       441.80510          .           -600.00000       600.00000          .          57
      12  x     12 N SBS       -38.18533          .           -600.00000       600.00000        -0.08465     58
      13  x     13 N SBS       534.74721          .           -600.00000       600.00000         0.45835     59
      14  x     14    BS       103.81153          .           -600.00000       600.00000         0.02409     60
      15  x     15    BS      -557.54020          .           -600.00000       600.00000        -0.72167     61
      16  x     16 N SBS       356.10218          .           -600.00000       600.00000        -1.10990     62
      17  x     17 N SBS       -98.85339          .           -600.00000       600.00000        -0.05751     63
      18  x     18    BS       152.00953          .           -600.00000       600.00000         1.34419     64

 Time for MPS input                             0.00 seconds
 Time for solving problem                      51.72 seconds
 Time for solution output                       0.02 seconds
 Time for constraint functions                 51.69 seconds
 Time for objective function                    0.00 seconds
