
 ==============================
 S N O P T  7.7.3    (Dec 2019)
 ==============================
 opt-files/9turb-circle-600r/snopt-wec/010dirs/054-wec2.6-print.out
 XXX  Keyword not recognized:         OPT-FILES/9TURB-
 opt-files/9turb-circle-600r/snopt-wec/010dirs/054-wec2.6-summary.out
 XXX  Keyword not recognized:         OPT-FILES/9TURB-

 SNMEMA EXIT 100 -- finished successfully
 SNMEMA INFO 104 -- memory requirements estimated



 Nonlinear constraints      45     Linear constraints       1
 Nonlinear variables        18     Linear variables         0
 Jacobian  variables        18     Objective variables     18
 Total constraints          46     Total variables         18



 The user has defined     828   out of     828   first  derivatives


 Major Minors     Step   nCon Feasible  Optimal  MeritFunction     nS Penalty
     0     13               1  6.9E-06  4.6E-01 -2.6913226E+03     11           r
     1      1  1.0E+00      2 (1.1E-07) 4.6E-01 -2.6917830E+03     11           r
     2      3  4.3E-01      4  1.8E-06  6.8E-01 -2.6937838E+03      9         sm l
     3      3  1.0E+00      6  7.9E-04  1.6E+00 -2.7161058E+03     10          M
     4     10  3.6E-01      8  1.5E-03  1.2E+00 -2.7204826E+03      9
     5     20  3.0E-01     10  2.9E-03  7.5E-01 -2.7264218E+03      9
     6     10  1.0E+00     12  2.6E-04  4.5E-01 -2.7383604E+03     10          M
     7     13  2.0E-02     15  2.6E-04  6.3E-01 -2.7439147E+03     10
     8      3  1.1E-02     26  2.6E-04  5.4E-01 -2.7440108E+03     10          M
     9      2  1.6E-04     37  2.6E-04  5.2E-01 -2.7440117E+03     10          M

 Major Minors     Step   nCon Feasible  Optimal  MeritFunction     nS Penalty
    10      6  4.4E-02     47  2.5E-04  1.2E+00 -2.7487800E+03     10
    11      7  3.3E-01     49  5.9E-04  1.3E+00 -2.7529048E+03     11
    12     10  8.6E-02     51  6.0E-04  8.6E-01 -2.7552580E+03     11
    13      3  2.2E-01     53  3.1E-04  5.4E-01 -2.7576006E+03     10
    14      5  2.5E-01     55  2.3E-04  5.0E-01 -2.7581427E+03     10
    15      5  3.9E-01     57  1.6E-04  6.3E-01 -2.7596446E+03     11
    16      5  8.9E-02     60  1.7E-04  4.3E-01 -2.7602344E+03     12
    17      3  3.8E-02     62  1.7E-04  5.5E-01 -2.7603023E+03     10
    18      4  1.0E+00     63  6.4E-05  4.2E-01 -2.7613980E+03     10
    19      4  1.0E+00     64  8.4E-06  8.4E-01 -2.7618134E+03     10

 Major Minors     Step   nCon Feasible  Optimal  MeritFunction     nS Penalty
    20      3  1.0E+00     65  2.9E-04  4.2E-01 -2.7626143E+03     10
    21      3  1.0E+00     66  5.4E-06  2.9E-01 -2.7631746E+03     11
    22      2  1.0E+00     67  2.2E-05  3.0E-01 -2.7634856E+03     11
    23      2  1.0E+00     68  9.2E-05  7.2E-01 -2.7643213E+03     10
    24      1  1.0E+00     69  1.1E-05  8.3E-01 -2.7647126E+03     10
    25      3  1.0E+00     70  8.3E-06  9.0E-01 -2.7650575E+03     10
    26      3  1.0E+00     71  5.3E-05  8.6E-01 -2.7654765E+03     10
    27      3  1.0E+00     72  4.2E-06  8.9E-01 -2.7656541E+03     10
    28      3  7.0E-01     74  5.5E-06  9.0E-01 -2.7657801E+03     10
    29      1  2.8E-01     76  4.2E-06  8.7E-01 -2.7657950E+03     10

 Major Minors     Step   nCon Feasible  Optimal  MeritFunction     nS Penalty
    30      1  6.9E-01     78  4.1E-06  7.8E-01 -2.7658579E+03     10
    31      1  2.9E-02     88  4.0E-06  8.7E-01 -2.7658662E+03     10
    32      3  1.0E+00     89  5.8E-06  8.8E-01 -2.7659429E+03     10
    33      1  1.0E+00     90  8.5E-06  8.6E-01 -2.7660106E+03     10
    34      1  1.0E+00     91  1.1E-04  7.5E-01 -2.7661088E+03     10
    35      1  1.0E+00     92 (8.7E-08) 6.7E-01 -2.7661630E+03     10
    36      1  7.5E-02     95 (2.8E-07) 6.1E-01 -2.7661800E+03     10
    37      1  2.9E-01     97  6.5E-06  6.3E-01 -2.7662294E+03     10
    38      1  1.0E+00     98  3.3E-06  5.9E-01 -2.7662432E+03     10
    39      1  1.3E-01    100  3.0E-06  6.2E-01 -2.7662447E+03     10

 Major Minors     Step   nCon Feasible  Optimal  MeritFunction     nS Penalty
    40      1  9.1E-02    102  2.8E-06  6.2E-01 -2.7662460E+03     10
    41      1  1.0E+00    103  1.5E-05  6.0E-01 -2.7662541E+03     10
    42      1  1.0E+00    104 (3.8E-07) 6.1E-01 -2.7662562E+03     10
    43      1  3.7E-01    114 (2.6E-07) 5.9E-01 -2.7662579E+03     10
    44      1  2.4E-07    124 (2.6E-07) 5.7E-01 -2.7662579E+03     10
    45      1  6.3E-09    134 (2.6E-07) 5.6E-01 -2.7662579E+03     10
    46      1  1.0E-10    142 (2.6E-07) 5.4E-01 -2.7662579E+03     10
    47      1  7.5E-11    150 (2.6E-07) 5.3E-01 -2.7662579E+03     10
    48      1  1.3E-11    159 (2.6E-07) 5.1E-01 -2.7662579E+03     10
    48      2             166 (2.6E-07) 2.8E-01 -2.7662579E+03     11           R
    48      1             172 (2.6E-07) 2.6E-01 -2.7662579E+03     11           r
    49      2  7.2E-05    176 (2.6E-07) 3.3E-01 -2.7662600E+03     11         s

 Major Minors     Step   nCon Feasible  Optimal  MeritFunction     nS Penalty
    50      1  6.3E-02    186 (2.4E-07) 2.6E-01 -2.7662688E+03     11
    51      1  1.5E-06    196 (2.4E-07) 2.6E-01 -2.7662688E+03     11
    52      1  6.8E-08    206 (2.4E-07) 2.6E-01 -2.7662688E+03     11
    53      1  4.9E-09    216 (2.4E-07) 2.6E-01 -2.7662688E+03     11
    54      1  1.3E-09    226 (2.4E-07) 2.6E-01 -2.7662688E+03     11
    55      1  4.1E-11    236 (2.4E-07) 2.6E-01 -2.7662688E+03     11
    56      1  3.2E-12    246 (2.4E-07) 2.6E-01 -2.7662688E+03     11
    57      1  3.2E-12    256 (2.4E-07) 2.6E-01 -2.7662688E+03     11
    58      1  1.9E-13    266 (2.4E-07) 2.7E-01 -2.7662688E+03     11
    59      1  1.9E-13    276 (2.4E-07) 2.6E-01 -2.7662688E+03     11

 Major Minors     Step   nCon Feasible  Optimal  MeritFunction     nS Penalty
    60      1  1.9E-13    286 (2.4E-07) 2.7E-01 -2.7662688E+03     11
    61      1  7.5E-14    296 (2.4E-07) 2.6E-01 -2.7662688E+03     11
    62      1  7.4E-15    306 (2.4E-07) 2.8E-01 -2.7662688E+03     11
    63      1  4.3E-15    316 (2.4E-07) 2.8E-01 -2.7662688E+03     11
    64      1  1.5E-14    326 (2.4E-07) 3.6E-01 -2.7662688E+03     11
    65      1  5.5E-15    336 (2.4E-07) 3.1E-01 -2.7662688E+03     11
    66      1  5.3E-15    346 (2.4E-07) 2.7E-01 -2.7662688E+03     11
    66      1             356 (2.4E-07) 2.9E-01 -2.7662688E+03     11           R
    66      1             364 (2.4E-07) 2.9E-01 -2.7662688E+03     11           r
    67      2  7.9E-12    371 (2.4E-07) 7.2E-01 -2.7662688E+03     11         s
    68      3  1.0E+00    373 (1.9E-16) 5.2E-01 -2.7662688E+03     11 2.1E+09 sM
    69      1  1.8E-11    382 (1.9E-16) 4.6E-01 -2.7662688E+03     11 2.1E+09

 Major Minors     Step   nCon Feasible  Optimal  MeritFunction     nS Penalty
    70      3  9.9E-04    386 (3.2E-12) 2.9E-01 -2.7662689E+03     11 2.1E+09
    71      1  9.1E-02    388 (2.7E-10) 3.3E-01 -2.7662712E+03     11 2.1E+09
    72      1  1.0E+00    389 (2.0E-09) 3.7E-01 -2.7662947E+03     11 7.1E+04
    73      1  6.4E-02    399 (6.1E-09) 2.7E-01 -2.7663200E+03     11 6.8E+02
    74      4  1.1E-03    409 (6.1E-09) 2.6E-01 -2.7663204E+03     11 8.0E+01
    75      2  8.0E-06    420 (6.1E-09) 2.8E-01 -2.7663205E+03     11 3.7E+01
    76      2  6.9E-08    430 (6.1E-09) 2.5E-01 -2.7663205E+03     11 3.7E+01
    77      1  8.2E-10    440 (6.1E-09) 2.6E-01 -2.7663205E+03     11 3.7E+01
    78      1  5.4E-10    450 (6.1E-09) 2.6E-01 -2.7663205E+03     11 3.7E+01
    79      1  4.5E-11    460 (6.1E-09) 2.6E-01 -2.7663205E+03     11 3.7E+01

 Major Minors     Step   nCon Feasible  Optimal  MeritFunction     nS Penalty
    80      1  3.5E-12    470 (6.1E-09) 2.6E-01 -2.7663205E+03     11 3.7E+01
    81      1  3.5E-13    480 (6.1E-09) 2.6E-01 -2.7663205E+03     11 3.7E+01
    81      4             488 (6.1E-09) 3.9E-01 -2.7663205E+03     11           R
    82      1  3.7E-10    497 (6.1E-09) 9.8E-01 -2.7663205E+03     11         sM
    83      2  1.0E+00    498 (3.8E-16) 1.2E+00 -2.7663190E+03     11 1.6E+10 s
    84      2  1.0E+00    500 (7.6E-16) 1.2E+00 -2.7663190E+03     11 1.6E+10
    85      2  1.0E+00    501 (5.7E-16) 2.4E-01 -2.7663205E+03     11 1.6E+10
    86      2  1.0E+00    502 (5.1E-14) 2.4E-01 -2.7663206E+03     11 1.6E+10 s
    87      3  2.3E-03    507 (1.7E-10) 5.5E-01 -2.7663223E+03     10 1.6E+10
    88      4  1.4E-04    517 (1.8E-10) 7.2E-01 -2.7663228E+03     11 1.5E+05
    89      2  1.9E-06    527 (1.8E-10) 7.5E-01 -2.7663228E+03     11 7.1E+02

 Major Minors     Step   nCon Feasible  Optimal  MeritFunction     nS Penalty
    90      2  5.7E-08    537 (1.8E-10) 7.8E-01 -2.7663228E+03     11 5.1E+01
    91      2  1.0E+00    538 (6.6E-09) 6.7E-01 -2.7663307E+03     11 1.7E+01
    92      2  3.4E-01    540 (1.2E-08) 2.7E-01 -2.7663353E+03     11 1.7E+01
    93      2  1.0E+00    541 (7.2E-09) 2.9E-01 -2.7663455E+03     11 1.7E+01
    94      2  1.0E+00    542 (5.3E-08) 3.0E-01 -2.7663735E+03     11 1.7E+01
    95      2  1.0E+00    543 (2.7E-08) 2.3E-01 -2.7663800E+03     11 1.7E+01
    96      2  1.0E+00    544 (1.0E-08) 2.2E-01 -2.7663865E+03     11 1.7E+01
    97      2  1.0E+00    545 (1.8E-08) 2.4E-01 -2.7663971E+03     11 1.7E+01
    98      2  1.0E+00    546 (4.5E-08) 2.4E-01 -2.7664047E+03     11 1.7E+01
    99      3  1.0E+00    547 (6.6E-08) 2.5E-01 -2.7664143E+03     10 1.7E+01

 Major Minors     Step   nCon Feasible  Optimal  MeritFunction     nS Penalty
   100      2  1.0E+00    548 (2.7E-08) 2.7E-01 -2.7664212E+03     10 1.7E+01
   101      2  1.0E+00    549 (1.2E-08) 5.1E-01 -2.7664296E+03     10 1.7E+01
   102      2  1.0E+00    550 (5.0E-08) 4.5E-01 -2.7664367E+03     10 1.7E+01
   103      2  1.0E+00    551 (6.5E-09) 5.0E-01 -2.7664383E+03     10 1.7E+01
   104      2  1.0E+00    552 (3.5E-09) 5.1E-01 -2.7664395E+03     10 1.7E+01
   105      2  1.0E+00    553 (2.8E-09) 5.1E-01 -2.7664404E+03     10 1.7E+01
   106      2  2.2E-01    555 (2.2E-09) 5.0E-01 -2.7664404E+03     10 1.7E+01
   107      2  1.0E+00    556 (4.9E-10) 5.1E-01 -2.7664408E+03     10 1.7E+01
   108      2  8.2E-02    558 (4.6E-10) 5.1E-01 -2.7664409E+03     10 1.7E+01
   109      2  1.0E+00    559 (2.2E-10) 5.1E-01 -2.7664409E+03     10 1.7E+01

 Major Minors     Step   nCon Feasible  Optimal  MeritFunction     nS Penalty
   110      2  1.0E+00    560 (9.6E-10) 5.1E-01 -2.7664410E+03     10 1.7E+01
   111      2  3.9E-01    562 (6.9E-10) 5.0E-01 -2.7664410E+03     10 1.7E+01
   112      2  1.0E+00    563 (1.4E-07) 5.1E-01 -2.7664411E+03     10 1.7E+01
   113      2  1.0E+00    564 (4.7E-09) 5.1E-01 -2.7664412E+03     10 1.7E+01
   114      2  1.0E+00    565 (4.5E-09) 5.1E-01 -2.7664413E+03     10 1.7E+01
   115      1  1.0E+00    566 (9.9E-10) 5.1E-01 -2.7664413E+03     10 1.7E+01
   116      2  1.0E+00    567 (1.2E-10) 5.1E-01 -2.7664414E+03     10 1.7E+01
   117      2  1.6E-01    569 (3.1E-09) 5.0E-01 -2.7664414E+03     10 1.7E+01
   118      2  1.0E+00    570 (4.4E-09) 5.0E-01 -2.7664415E+03     10 1.7E+01
   119      2  4.3E-01    572 (1.6E-08) 5.1E-01 -2.7664416E+03     10 1.7E+01

 Major Minors     Step   nCon Feasible  Optimal  MeritFunction     nS Penalty
   120      2  1.0E+00    573 (6.2E-09) 5.1E-01 -2.7664417E+03     10 1.7E+01
   121      2  3.2E-01    575 (8.0E-08) 5.1E-01 -2.7664421E+03     10 1.7E+01
   122      2  4.2E-01    577 (9.0E-08) 5.1E-01 -2.7664424E+03     10 1.7E+01
   123      2  1.3E-01    580 (8.6E-08) 5.2E-01 -2.7664424E+03     10 1.7E+01
   124      2  2.3E-01    584 (7.2E-08) 5.1E-01 -2.7664425E+03     10 1.7E+01
   125      2  8.3E-02    587 (6.6E-08) 5.1E-01 -2.7664425E+03     10 1.7E+01
   126      2  1.9E-01    591 (5.6E-08) 5.3E-01 -2.7664426E+03     10 1.7E+01
   127      2  4.1E-01    597 (3.4E-08) 5.3E-01 -2.7664426E+03     10 1.7E+01
   128      2  1.1E-02    607 (3.4E-08) 5.3E-01 -2.7664426E+03     10 1.7E+01
   129      2  1.1E-04    617 (3.4E-08) 5.3E-01 -2.7664426E+03     10 1.7E+01

 Major Minors     Step   nCon Feasible  Optimal  MeritFunction     nS Penalty
   130      2  4.3E-06    627 (3.4E-08) 5.3E-01 -2.7664426E+03     10 1.7E+01

 Major Minors     Step   nCon Feasible  Optimal  MeritFunction     nS Penalty
   130      3             631 (3.4E-08) 2.8E-01 -2.7664426E+03     11           R

 Major Minors     Step   nCon Feasible  Optimal  MeritFunction     nS Penalty
   130      3             634 (3.4E-08) 2.6E-01 -2.7664426E+03      9           r
   131      3  1.7E-13    642 (3.4E-08) 2.9E-01 -2.7664426E+03     11         s
   132      2  1.4E-13    652 (3.4E-08) 3.4E-01 -2.7664426E+03     10
   133      3  3.6E-14    661 (3.4E-08) 3.4E-01 -2.7664426E+03     10
   133      4             669 (3.4E-08) 3.0E-01 -2.7664426E+03     11           R
   133      1             678 (3.4E-08) 2.6E-01 -2.7664426E+03     11           r
   134      1  7.8E-15    688 (3.4E-08) 3.7E-01 -2.7664426E+03     11         s
   135      2  8.9E-15    698 (3.4E-08) 4.2E-01 -2.7664426E+03     10
   136      1  3.1E-15    708 (3.4E-08) 3.2E-01 -2.7664426E+03     10
   136      2             716 (3.4E-08) 2.6E-01 -2.7664426E+03     11           R
   137      1  6.9E-15    726 (3.4E-08) 3.8E-01 -2.7664426E+03     11         s
   137      1             734 (3.4E-08) 3.6E-01 -2.7664426E+03     11         s R
   137      1             742 (3.4E-08) 2.6E-01 -2.7664426E+03     11         s r

 SNOPTA EXIT  40 -- terminated after numerical difficulties
 SNOPTA INFO  41 -- current point cannot be improved

 Problem name                 opt prob
 No. of iterations                 356   Objective           -2.7664425840E+03
 No. of major iterations           137   Linear    obj. term  0.0000000000E+00
 No. of infeasibilities              2   Sum of infeas        2.5819624284E-05
 Penalty parameter           0.000E+00   Nonlinear obj. term -2.7664425840E+03
 User function calls (total)       770
 No. of superbasics                 11   No. of basic nonlinears             8
 No. of degenerate steps             0   Percentage                       0.00
 Max x                       8 6.0E+02   Max pi                     46 1.0E+00
 Max Primal infeas          64 2.0E-05   Max Dual infeas            16 5.8E-01
 Nonlinear constraint violn    2.0E-05



 Solution printed on file  18

 Time for MPS input                             0.00 seconds
 Time for solving problem                      81.97 seconds
 Time for solution output                       0.00 seconds
 Time for constraint functions                 81.95 seconds
 Time for objective function                    0.00 seconds
