
         ==============================
         S N O P T  7.7.3    (Dec 2019)
         ==============================
      opt-files/9turb-circle-600r/snopt-wec/010dirs/055-wec2.6-print.out
 XXX  Keyword not recognized:         OPT-FILES/9TURB-
      Derivative option               1
      Verify level               3
      opt-files/9turb-circle-600r/snopt-wec/010dirs/055-wec2.6-summary.out
 XXX  Keyword not recognized:         OPT-FILES/9TURB-
      Major optimality tolerance  5.00000000E-05
      Major iteration limit         1000000
1

 SNMEMA EXIT 100 -- finished successfully
 SNMEMA INFO 104 -- memory requirements estimated
      Total character workspace             500
      Total integer   workspace           35042
      Total real      workspace           23255
1

 Parameters
 ==========

 Files
 -----
 Solution file..........         0       Old basis file ........         0       Standard input.........         5
 Insert file............         0       New basis file ........         0       (Printer)..............        18
 Punch file.............         0       Backup basis file......         0       (Specs file)...........         0
 Load file..............         0       Dump file..............         0       Standard output........         6

 Frequencies
 -----------
 Print frequency........       100       Check frequency........        60       Save new basis map.....       100
 Summary frequency......       100       Factorization frequency        50       Expand frequency.......     10000

 QP subproblems
 --------------
 QPsolver Cholesky......
 Scale tolerance........     0.900       Minor feasibility tol..  1.00E-06       Iteration limit........     10000
 Scale option...........         0       Minor optimality  tol..  1.00E-06       Minor print level......         1
 Crash tolerance........     0.100       Pivot tolerance........  3.25E-11       New superbasics........        99
 Crash option...........         3       Elastic weight.........  1.00E+05

 Partial pricing
 ---------------
 LP Partial price.......         1       Prtl price section ( A)        18       Prtl price section (-I)        46
 QP Partial price.......         1       Prtl price section ( A)        18       Prtl price section (-I)        46

 The SQP Method
 --------------
 Minimize...............                 Cold start.............                 Proximal Point method..         1
 Nonlinear objectiv vars        18       Objective Row..........         1       Function precision.....  3.00E-13
 Unbounded step size....  1.00E+20       Superbasics limit......        18       Difference interval....  5.48E-07
 Unbounded objective....  1.00E+10       Reduced Hessian dim....        18       Central difference int.  6.70E-05
 Major step limit.......  2.00E+00       Derivative linesearch..                 Derivative option......         1
 Major iterations limit.   1000000       Linesearch tolerance...   0.90000       Verify level...........         3
 Minor iterations limit.       500       Penalty parameter......  0.00E+00       Major Print Level......         1
 Time limit (secs)...... 9999999.0       Major optimality tol...  5.00E-05

 Hessian Approximation
 ---------------------
 Hessian full-memory....                 Hessian updates........  99999999       Hessian frequency......  99999999
                                                                                 Hessian flush..........  99999999

 Nonlinear constraints
 ---------------------
 Nonlinear constraints..        45       Major feasibility tol..  1.00E-06       Violation limit........  1.00E+01
 Nonlinear Jacobian vars        18

 Miscellaneous
 -------------
 LU factor tolerance....      3.99       LU singularity tol.....  3.25E-11       Timing level...........         3
 LU update tolerance....      3.99       LU swap tolerance......  1.22E-04       Debug level............         0
 LU partial  pivoting...                 eps (machine precision)  2.22E-16       System information.....        No
                                                                                 Sticky parameters......        No
1




 Matrix statistics
 -----------------
               Total      Normal        Free       Fixed     Bounded
 Rows             46          45           1           0           0
 Columns          18           0           0           0          18

 No. of matrix elements                  810     Density      97.826
 Biggest  constant element        0.0000E+00  (excluding fixed columns,
 Smallest constant element        0.0000E+00   free rows, and RHS)

 No. of objective coefficients             0

 Nonlinear constraints      45     Linear constraints       1
 Nonlinear variables        18     Linear variables         0
 Jacobian  variables        18     Objective variables     18
 Total constraints          46     Total variables         18
1



 The user has defined     828   out of     828   first  derivatives

 Verification of user-supplied problem derivatives.

 The constraint gradients seem to be OK.

 -->  The largest discrepancy was    1.05E-07  in constraint    34


 XXX  The objective  gradients seem to be incorrect.

 Gradient projected in one direction  -3.33047339896E-02
 Difference approximation              2.03301488568E+03


 Column       x(j)        dx(j)    Element no.    Row        Derivative    Difference approxn

      1  3.75547930E+02  2.06E-04         1         2   -1.34079032E-01   -1.34079130E-01  ok
                                          2         3   -9.40144734E-01   -9.40144746E-01  ok
                                          3         4   -5.32478591E-01   -5.32478652E-01  ok
                                          4         5   -9.67353858E-01   -9.67353872E-01  ok
                                          5         6    4.21343255E-01    4.21343095E-01  ok
                                          6         7   -2.19080835E-01   -2.19080960E-01  ok
                                          7         8   -6.81039866E-01   -6.81039918E-01  ok
                                          8         9   -3.70385714E-01   -3.70385799E-01  ok
                                         37        38    6.25951550E-01    6.25951655E-01  ok
      1  3.75547930E+02  2.06E-04           Objective   -2.02586237E-01   -2.02586050E-01  ok

      2  2.37723337E+02  1.31E-04        46         2    1.34079032E-01    1.34078971E-01  ok
                                         54        10   -7.76926423E-01   -7.76926448E-01  ok
                                         55        11   -9.99808216E-01   -9.99808216E-01  ok
                                         56        12   -2.82058430E-01   -2.82058480E-01  ok
                                         57        13    5.59965719E-01    5.59965650E-01  ok
                                         58        14   -1.36379379E-01   -1.36379632E-01  ok
                                         59        15   -9.16807643E-01   -9.16807660E-01  ok
                                         60        16   -9.78616496E-01   -9.78616507E-01  ok
                                         83        39    3.96285447E-01    3.96285539E-01  ok
      2  2.37723337E+02  1.31E-04           Objective    4.58296801E-01    4.58296638E-01  ok

      3 -5.88222482E+02  3.23E-04        92         3    9.40144734E-01    9.40144716E-01  ok
                                         99        10    7.76926423E-01    7.76926362E-01  ok
                                        106        17    4.46442210E-01    4.46442035E-01  ok
                                        107        18    7.19117299E-01    7.19117185E-01  ok
                                        108        19    9.93747088E-01    9.93747086E-01  ok
                                        109        20    8.84075887E-01    8.84075847E-01  ok
                                        110        21    5.12615509E-01    5.12615265E-01  ok
                                        111        22    6.83719469E-01    6.83719367E-01  ok
                                        129        40   -9.80289570E-01   -9.80289559E-01  ok
      3 -5.88222482E+02  3.23E-04           Objective    4.91313380E-01    4.91313620E-01  ok

      4 -2.59141890E+02  1.42E-04       138         4    5.32478591E-01    5.32478548E-01  ok
                                        145        11    9.99808216E-01    9.99808215E-01  ok
                                        151        17   -4.46442210E-01   -4.46442287E-01  ok
                                        157        23    1.40589866E-01    1.40589805E-01  ok
                                        158        24    8.52777476E-01    8.52777457E-01  ok
                                        159        25    8.86566764E-01    8.86566735E-01  ok
                                        160        26   -3.12342981E-01   -3.12343234E-01  ok
                                        161        27    9.85896683E-01    9.85896675E-01  ok
                                        175        41   -4.31980479E-01   -4.31980382E-01  ok
      4 -2.59141890E+02  1.42E-04           Objective   -5.85210169E-01   -5.85209973E-01  ok

      5 -9.82488572E+01  5.44E-05       184         5    9.67353858E-01    9.67353856E-01  ok
                                        191        12    2.82058430E-01    2.82058410E-01  ok
                                        197        18   -7.19117299E-01   -7.19117321E-01  ok
                                        202        23   -1.40589866E-01   -1.40589892E-01  ok
                                        207        28    7.54660698E-01    7.54660687E-01  ok
                                        208        29    3.20193525E-01    3.20193497E-01  ok
                                        209        30   -2.60078214E-01   -2.60078240E-01  ok
                                        210        31    8.07501089E-02    8.07500838E-02  ok
                                        221        42   -1.63717534E-01   -1.63717491E-01  ok
      5 -9.82488572E+01  5.44E-05           Objective    5.86419913E-02    5.86420497E-02  ok

      6  5.99868877E+02  3.29E-04       230         6   -4.21343255E-01   -4.21343509E-01  ok
                                        237        13   -5.59965719E-01   -5.59965893E-01  ok
                                        243        19   -9.93747088E-01   -9.93747089E-01  ok
                                        248        24   -8.52777476E-01   -8.52777520E-01  ok
                                        252        28   -7.54660698E-01   -7.54660775E-01  ok
                                        256        32   -8.12271226E-01   -8.12271341E-01  ok
                                        257        33   -9.56877288E-01   -9.56877302E-01  ok
                                        258        34   -7.83382567E-01   -7.83382649E-01  ok
                                        267        43    9.99689964E-01    9.99689964E-01  ok
      6  5.99868877E+02  3.29E-04           Objective   -3.91389546E-01   -3.91389400E-01  ok

      7  2.03174237E+02  1.12E-04       276         7    2.19080835E-01    2.19080767E-01  ok
                                        283        14    1.36379379E-01    1.36379162E-01  ok
                                        289        20   -8.84075887E-01   -8.84075902E-01  ok
                                        294        25   -8.86566764E-01   -8.86566787E-01  ok
                                        298        29   -3.20193525E-01   -3.20193580E-01  ok
                                        301        32    8.12271226E-01    8.12271187E-01  ok
                                        304        35   -1.00000000E+00   -1.00000000E+00  ok
                                        305        36   -7.30941725E-01   -7.30941815E-01  ok
                                        313        44    5.61005035E-01    5.61005141E-01  ok
      7  2.03174237E+02  1.12E-04           Objective   -1.59191619E-01   -1.59191765E-01  ok

      8 -3.38457010E+02  1.86E-04       322         8    6.81039866E-01    6.81039819E-01  ok
                                        329        15    9.16807643E-01    9.16807620E-01  ok
                                        335        21   -5.12615509E-01   -5.12615649E-01  ok
                                        340        26    3.12342981E-01    3.12342650E-01  ok
                                        344        30    2.60078214E-01    2.60078122E-01  ok
                                        347        33    9.56877288E-01    9.56877280E-01  ok
                                        349        35    1.00000000E+00    1.00000000E+00  ok
                                        351        37    8.55446619E-01    8.55446554E-01  ok
                                        359        45   -7.48560416E-01   -7.48560326E-01  ok
      8 -3.38457010E+02  1.86E-04           Objective    7.42400981E-01    7.42401141E-01  ok

      9 -9.88321275E+00  5.96E-06       368         9    3.70385714E-01    3.70385729E-01  ok
                                        375        16    9.78616496E-01    9.78616495E-01  ok
                                        381        22   -6.83719469E-01   -6.83719453E-01  ok
                                        386        27   -9.85896683E-01   -9.85896679E-01  ok
                                        390        31   -8.07501089E-02   -8.07501275E-02  ok
                                        393        34    7.83382567E-01    7.83382558E-01  ok
                                        395        36    7.30941725E-01    7.30941719E-01  ok
                                        396        37   -8.55446619E-01   -8.55446624E-01  ok
                                        405        46   -1.98132092E-02   -1.98132033E-02  ok
      9 -9.88321275E+00  5.96E-06           Objective   -4.12275582E-01   -4.12275634E-01  ok

     10 -4.67888513E+02  2.57E-04       406         2    9.90970642E-01    9.90970640E-01  ok
                                        407         3    3.40775409E-01    3.40775298E-01  ok
                                        408         4    8.46443472E-01    8.46443442E-01  ok
                                        409         5   -2.53429504E-01   -2.53429749E-01  ok
                                        410         6    9.06901241E-01    9.06901199E-01  ok
                                        411         7    9.75706712E-01    9.75706704E-01  ok
                                        412         8    7.32246339E-01    7.32246282E-01  ok
                                        413         9    9.28878045E-01    9.28878028E-01  ok
                                        442        38   -7.79861947E-01   -7.79861864E-01  ok
     10 -4.67888513E+02  2.57E-04           Objective    1.43298443E-01    1.43298710E-01  ok

     11  5.50765365E+02  3.02E-04       451         2   -9.90970642E-01   -9.90970645E-01  ok
                                        459        10   -6.29591402E-01   -6.29591488E-01  ok
                                        460        11   -1.95839677E-02   -1.95842716E-02  ok
                                        461        12   -9.59397229E-01   -9.59397238E-01  ok
                                        462        13   -8.28515778E-01   -8.28515851E-01  ok
                                        463        14   -9.90656684E-01   -9.90656695E-01  ok
                                        464        15   -3.99329119E-01   -3.99329321E-01  ok
                                        465        16   -2.05693350E-01   -2.05693922E-01  ok
                                        488        39    9.18127357E-01    9.18127397E-01  ok
     11  5.50765365E+02  3.02E-04           Objective   -5.85482317E-02   -5.85487090E-02  ok

     12 -1.18549476E+02  6.55E-05       497         3   -3.40775409E-01   -3.40775437E-01  ok
                                        504        10    6.29591402E-01    6.29591382E-01  ok
                                        511        17    8.94812468E-01    8.94812459E-01  ok
                                        512        18   -6.94888703E-01   -6.94888729E-01  ok
                                        513        19    1.11654494E-01    1.11654466E-01  ok
                                        514        20    4.67343370E-01    4.67343341E-01  ok
                                        515        21    8.58618274E-01    8.58618256E-01  ok
                                        516        22    7.29744947E-01    7.29744928E-01  ok
                                        534        40   -1.97566088E-01   -1.97566036E-01  ok
     12 -1.18549476E+02  6.55E-05           Objective   -1.56031407E-01   -1.56031386E-01  ok

     13  5.41032906E+02  2.97E-04       543         4   -8.46443472E-01   -8.46443506E-01  ok
                                        550        11    1.95839677E-02    1.95836691E-02  ok
                                        556        17   -8.94812468E-01   -8.94812508E-01  ok
                                        562        23   -9.90067922E-01   -9.90067925E-01  ok
                                        563        24   -5.22274426E-01   -5.22274533E-01  ok
                                        564        25   -4.62600663E-01   -4.62600886E-01  ok
                                        565        26   -9.49969401E-01   -9.49969458E-01  ok
                                        566        27   -1.67355100E-01   -1.67355671E-01  ok
                                        580        41    9.01882956E-01    9.01883002E-01  ok
     13  5.41032906E+02  2.97E-04           Objective    8.24151738E-01    8.24151158E-01  ok

     14 -5.92014844E+02  3.25E-04       589         5    2.53429504E-01    2.53429193E-01  ok
                                        596        12    9.59397229E-01    9.59397218E-01  ok
                                        602        18    6.94888703E-01    6.94888580E-01  ok
                                        607        23    9.90067922E-01    9.90067918E-01  ok
                                        612        28    6.56115257E-01    6.56115157E-01  ok
                                        613        29    9.47352156E-01    9.47352138E-01  ok
                                        614        30    9.65587553E-01    9.65587542E-01  ok
                                        615        31    9.96734378E-01    9.96734377E-01  ok
                                        626        42   -9.86507257E-01   -9.86507251E-01  ok
     14 -5.92014844E+02  3.25E-04           Objective    3.74569193E-01    3.74569911E-01  ok

     15  1.49409673E+01  8.73E-06       635         6   -9.06901241E-01   -9.06901238E-01  ok
                                        642        13    8.28515778E-01    8.28515785E-01  ok
                                        648        19   -1.11654494E-01   -1.11654503E-01  ok
                                        653        24    5.22274426E-01    5.22274433E-01  ok
                                        657        28   -6.56115257E-01   -6.56115265E-01  ok
                                        661        32    5.83279911E-01    5.83279905E-01  ok
                                        662        33    2.90492437E-01    2.90492445E-01  ok
                                        663        34    6.21539825E-01    6.21539827E-01  ok
                                        672        43    2.48993332E-02    2.48993331E-02  ok
     15  1.49409673E+01  8.73E-06           Objective    6.77413372E-02    6.77413040E-02  ok

     16  2.99801500E+02  1.65E-04       681         7   -9.75706712E-01   -9.75706716E-01  ok
                                        688        14    9.90656684E-01    9.90656678E-01  ok
                                        694        20   -4.67343370E-01   -4.67343444E-01  ok
                                        699        25    4.62600663E-01    4.62600538E-01  ok
                                        703        29   -9.47352156E-01   -9.47352165E-01  ok
                                        706        32   -5.83279911E-01   -5.83280023E-01  ok
                                        709        35   -3.25340533E-15   -1.51801751E-07  ok
                                        710        36    6.82439883E-01    6.82439732E-01  ok
                                        718        44    8.27812389E-01    8.27812461E-01  ok
     16  2.99801500E+02  1.65E-04           Objective    1.32255181E-01    1.32254896E-01  ok

     17  2.99801500E+02  1.65E-04       727         8   -7.32246339E-01   -7.32246376E-01  ok
                                        734        15    3.99329119E-01    3.99329009E-01  ok
                                        740        21   -8.58618274E-01   -8.58618318E-01  ok
                                        745        26    9.49969401E-01    9.49969369E-01  ok
                                        749        30   -9.65587553E-01   -9.65587558E-01  ok
                                        752        33   -2.90492437E-01   -2.90492514E-01  ok
                                        754        35    3.25340533E-15   -1.51801751E-07  ok
                                        756        37    5.17890994E-01    5.17890837E-01  ok
                                        764        45    6.63066590E-01    6.63066693E-01  ok
     17  2.99801500E+02  1.65E-04           Objective   -9.09032300E-01    4.11921375E+04  bad?

     18  4.98721463E+02  2.74E-04       773         9   -9.28878045E-01   -9.28878063E-01  ok
                                        780        16    2.05693350E-01    2.05692832E-01  ok
                                        786        22   -7.29744947E-01   -7.29745022E-01  ok
                                        791        27    1.67355100E-01    1.67354574E-01  ok
                                        795        31   -9.96734378E-01   -9.96734379E-01  ok
                                        798        34   -6.21539825E-01   -6.21539933E-01  ok
                                        800        36   -6.82439883E-01   -6.82440134E-01  ok
                                        801        37   -5.17890994E-01   -5.17891254E-01  ok
                                        810        46    9.99803699E-01    9.99803699E-01  ok
     18  4.98721463E+02  2.74E-04           Objective   -4.18403953E-01   -4.18402916E-01  ok

    810  Jacobian elements in cols      1  thru    18  seem to be OK.

 -->  The largest relative error was    4.89E-07   in row    27,  column    13


 XXX  There seem to be     1  incorrect objective gradients in cols     1  thru    18

 -->  The largest relative error was    2.16E+04   in column    17

1

 SNOPTA EXIT  50 -- error in the user-supplied functions
 SNOPTA INFO  51 -- incorrect objective  derivatives

 Problem name                 opt prob
 No. of iterations                   0   Objective           -2.6806375722E+03
 No. of major iterations             0   Linear    obj. term  0.0000000000E+00
 Penalty parameter           0.000E+00   Nonlinear obj. term -2.6806375722E+03
 User function calls (total)        20
 No. of degenerate steps             0   Percentage                       0.00
 Max x                       6 6.0E+02   Max pi                      1 0.0E+00
 Max Primal infeas          60 1.1E-01   Max Dual infeas            17 9.1E-01
 Nonlinear constraint violn    1.1E-01
1

 Name           opt prob                 Objective Value     -2.6806375722E+03

 Status         Optimal Soln             Iteration      0    Superbasics     0

 Objective               (Min)
 RHS
 Ranges
 Bounds

 Section 1 - Constraints

  Number  ...Row.. State  ...Value......  Slack Value...  ..Lower Limit.  ..Upper Limit.  .Dual Variable    ..i

      19  r      1    BS          .               .                None            None          1.0          1
      20  r      2    BS      -775.13548      -775.13548           None           .               .           2
      21  r      3    BS      -772.32983      -772.32983           None           .               .           3
      22  r      4    BS      -939.15369      -939.15369           None           .               .           4
      23  r      5    BS      -236.98642      -236.98642           None           .               .           5
      24  r      6    BS      -279.59477      -279.59477           None           .               .           6
      25  r      7    BS      -534.00407      -534.00407           None           .               .           7
      26  r      8    BS      -795.60403      -795.60403           None           .               .           8
      27  r      9    BS      -787.82097      -787.82097           None           .               .           9
      28  r     10    BS      -810.29400      -810.29400           None           .               .          10
      29  r     11    BS      -244.16054      -244.16054           None           .               .          11
      30  r     12    BS      -938.34395      -938.34395           None           .               .          12
      31  r     13    BS      -393.92806      -393.92806           None           .               .          13
      32  r     14    BS        -0.53082        -0.53082           None           .               .          14
      33  r     15    BS      -375.66372      -375.66372           None           .               .          15
      34  r     16    BS        -0.21694        -0.21694           None           .               .          16
      35  r     17    BS      -484.31801      -484.31801           None           .               .          17
      36  r     18    BS      -428.55425      -428.55425           None           .               .          18
      37  r     19    BS      -942.76714      -942.76714           None           .               .          19
      38  r     20    BS      -642.36831      -642.36831           None           .               .          20
      39  r     21    BS      -234.43745      -234.43745           None           .               .          21
      40  r     22    BS      -593.07217      -593.07217           None           .               .          22
      41  r     23    BS      -891.61416      -891.61416           None           .               .          23
      42  r     24    BS      -754.50940      -754.50940           None           .               .          24
      43  r     25    BS      -268.66792      -268.66792           None           .               .          25
      44  r     26    BS        -1.13598        -1.13598           None           .               .          26
      45  r     27    BS        -0.02434        -0.02434           None           .               .          27
      46  r     28    BS      -672.27498      -672.27498           None           .               .          28
      47  r     29    BS      -688.57786      -688.57786           None           .               .          29
      48  r     30    BS      -670.79967      -670.79967           None           .               .          30
      49  r     31    BS      -841.50991      -841.50991           None           .               .          31
      50  r     32    BS      -235.57707      -235.57707           None           .               .          32
      51  r     33    BS      -727.81256      -727.81256           None           .               .          33
      52  r     34    BS      -525.55800      -525.55800           None           .               .          34
      53  r     35    BS      -288.83125      -288.83125           None           .               .          35
      54  r     36    BS       -38.68350       -38.68350           None           .               .          36
      55  r     37    BS      -131.29620      -131.29620           None           .               .          37
      56  r     38    BS        -0.03674        -0.03674           None           .               .          38
      57  r     39    BS        -0.12095        -0.12095           None           .               .          39
      58  r     40 I  BS         0.04972         0.04972           None           .               .          40
      59  r     41    BS        -0.10741        -0.10741           None           .               .          41
      60  r     42 I  BS         0.11200         0.11200           None           .               .          42
      61  r     43 I  BS         0.05492         0.05492           None           .               .          43
      62  r     44    BS      -237.83883      -237.83883           None           .               .          44
      63  r     45    BS      -147.85612      -147.85612           None           .               .          45
      64  r     46    BS      -101.18062      -101.18062           None           .               .          46
1

 Section 2 - Variables

  Number  .Column. State  ...Value......  .Obj Gradient.  ..Lower Limit.  ..Upper Limit.  .Dual Variable    m+j

       1  x      1 N  FR       375.54793        -0.20259      -600.00000       600.00000        -0.20259     47
       2  x      2 N  FR       237.72334         0.45830      -600.00000       600.00000         0.45830     48
       3  x      3 N  FR      -588.22248         0.49131      -600.00000       600.00000         0.49131     49
       4  x      4 N  FR      -259.14189        -0.58521      -600.00000       600.00000        -0.58521     50
       5  x      5 N  FR       -98.24886         0.05864      -600.00000       600.00000         0.05864     51
       6  x      6 N  FR       599.86888        -0.39139      -600.00000       600.00000        -0.39139     52
       7  x      7 N  FR       203.17424        -0.15919      -600.00000       600.00000        -0.15919     53
       8  x      8 N  FR      -338.45701         0.74240      -600.00000       600.00000         0.74240     54
       9  x      9 N  FR        -9.88321        -0.41228      -600.00000       600.00000        -0.41228     55
      10  x     10 N  FR      -467.88851         0.14330      -600.00000       600.00000         0.14330     56
      11  x     11 N  FR       550.76536        -0.05855      -600.00000       600.00000        -0.05855     57
      12  x     12 N  FR      -118.54948        -0.15603      -600.00000       600.00000        -0.15603     58
      13  x     13 N  FR       541.03291         0.82415      -600.00000       600.00000         0.82415     59
      14  x     14 N  FR      -592.01484         0.37457      -600.00000       600.00000         0.37457     60
      15  x     15 N  FR        14.94097         0.06774      -600.00000       600.00000         0.06774     61
      16  x     16 N  FR       299.80150         0.13226      -600.00000       600.00000         0.13226     62
      17  x     17 N  FR       299.80150        -0.90903      -600.00000       600.00000        -0.90903     63
      18  x     18 N  FR       498.72146        -0.41840      -600.00000       600.00000        -0.41840     64

 Time for MPS input                             0.00 seconds
 Time for solving problem                       2.08 seconds
 Time for solution output                       0.00 seconds
 Time for constraint functions                  2.08 seconds
 Time for objective function                    0.00 seconds
